
> nextn@0.1.0 test:coverage
> vitest run --coverage --reporter=dot --silent --reporter=json --outputFile=.coverage-last.json


[1m[46m RUN [49m[22m [36mv4.0.6 [39m[90m/Users/daewookjeong/CascadeProjects/federation[39m
      [2mCoverage enabled with [22m[33mv8[39m

[33m[39m[32m·[39m[33m[39m[32m·[39m[33m[39m[32m·[39m[33m[39m[32m·[39m[33m[39m[32m·[39m[33m[39m[32m·[39m[33m[39m[31mx[39m[33m[39m[32m·[39m[33m[39m[31mx[39m[33m[39m[32m·[39m[33m[39m[31mx[39m[33m[39m[32m·[39m[33m[39m[32m·[39m[33m[39m[31mx[39m[33m[39m[32m·[39m[33m[39m[32m·[39m[33m[39m[32m·[39m[33m[39m[32m·[39m[33m[39m[32m·[39m[33m[39m[32m·[39m[33m[39m[32m·[39m[33m[39m[32m·[39m[33m[39m[31mx[39m[33m[39m[32m·[39m[33m[39m[32m·[39m[33m[39m[32m·[39m[33m[39m[31mx[39m[33m[39m[31mx[39m[33m[39m[32m·[39m[33m[39m[32m·[39m[33m[39m[32m·[39m[33m[39m[31mx[39m[33m[39m[32m·[39m[33m[39m[32m·[39m[33m[39m[31mx[39m[33m[39m[31mx[39m[33m[39m[31mx[39m[33m[39m[31mx[39m[33m[39m[32m·[39m[33m[39m[32m·[39m[33m[39m[32m·[39m[33m[39m[32m·[39m[33m[39m[32m·[39m[33m[39m[32m·[39m[33m[39m[32m·[39m[33m[39m[32m·[39m[33m[39m[32m·[39m[33m[39m[31mx[39m[33m[39m[31mx[39m[33m[39m[31mx[39m[33m[39m[31mx[39m[33m[39m[31mx[39m[33m[39m[31mx[39m[33m[39m[31mx[39m[33m[39m[31mx[39m[33m[39m[31mx[39m[33m[39m[32m·[39m[33m[39m[32m·[39m[33m[39m[32m·[39m[33m[39m[32m·[39m[33m[39m[32m·[39m[33m[39m[31mx[39m[33m[39m[31mx[39m[33m[39m[31mx[39m[33m[39m[31mx[39m[33m[39m[31mx[39m[33m[39m[31mx[39m[33m[39m[31mx[39m[33m[39m[31mx[39m[33m[39m[31mx[39m[33m[39m[31mx[39m[33m[39m[31mx[39m[33m[39m[32m·[39m[33m[39m[32m·[39m[33m[39m[31mx[39m[33m[39m[32m·[39m[33m[39m[32m·[39m[33m[39m[31mx[39m[33m[39m[31mx[39m[33m[39m[32m·[39m[33m[39m[32m·[39m[33m[39m[32m·[39m[33m[39m[32m·[39m[33m[39m[31mx[39m[33m[39m[31mx[39m[33m[39m[32m·[39m[33m[39m[31mx[39m[33m[39m[31mx[39m[33m[39m[31mx[39m[33m[39m[31mx[39m[33m[39m[31mx[39m[33m[39m[31mx[39m[33m[39m[31mx[39m[33m[39m[31mx[39m[33m[39m[31mx[39m[33m[39m[31mx[39m[33m[39m[31mx[39m[33m[39m[31mx[39m[33m[39m[31mx[39m[33m[39m[31mx[39m[33m[39m[31mx[39m[33m[39m[31mx[39m[33m[39m[31mx[39m[33m[39m[31mx[39m[33m[39m[31mx[39m[33m[39m[31mx[39m[33m[39m[31mx[39m[33m[39m[31mx[39m[33m[39m[32m·[39m[33m[39m[32m·[39m[33m[39m[32m·[39m[33m[39m[32m·[39m[33m[39m[32m·[39m[33m[39m[32m·[39m[33m[39m[32m·[39m[33m[39m[32m·[39m[33m[39m[32m·[39m[33m[39m[31mx[39m[33m[39m[31mx[39m[33m[39m[31mx[39m[33m[39m[31mx[39m[33m[39m[32m·[39m[33m[39m[32m·[39m[33m[39m[32m·[39m[33m[39m[32m·[39m[33m[39m[32m·[39m[33m[39m[31mx[39m[33m[39m[32m·[39m[33m[39m[32m·[39m[33m[39m[32m·[39m[33m[39m[31mx[39m[33m[39m[31mx[39m[33m[39m[32m·[39m[33m[39m[31mx[39m[33m[39m[31mx[39m[33m[39m[32m·[39m[33m[39m[31mx[39m[33m[39m[32m·[39m[33m[39m[31mx[39m[33m[39m[31mx[39m[33m[39m[32m·[39m[33m[39m[31mx[39m[33m[39m[31mx[39m[33m[39m[31mx[39m[33m[39m[31mx[39m[33m[39m[31mx[39m[33m[39m[31mx[39m[33m[39m[31mx[39m[33m[39m[31mx[39m[33m[39m[32m·[39m[33m[39m[32m·[39m[33m[39m[32m·[39m[33m[39m[31mx[39m[33m[39m[31mx[39m[33m[39m[31mx[39m[33m[39m[31mx[39m[33m[39m[31mx[39m[33m[39m[31mx[39m[33m[39m[32m·[39m[33m[39m[31mx[39m[33m[39m[31mx[39m[33m[39m[31mx[39m[33m[39m[31mx[39m[33m[39m[31mx[39m[33m[39m[31mx[39m[33m[39m[31mx[39m[33m[39m[31mx[39m[33m[39m[31mx[39m[33m[39m[32m·[39m[33m[39m[31mx[39m[33m[39m[32m·[39m[33m[39m[32m·[39m[33m[39m[31mx[39m[33m[39m[31mx[39m[33m[39m[31mx[39m[33m[39m[31mx[39m[33m[39m[31mx[39m[33m[39m[31mx[39m[33m[39m[31mx[39m[33m[39m[31mx[39m[33m[39m[31mx[39m[33m[39m[31mx[39m[33m[39m[31mx[39m[33m[39m[31mx[39m[33m[39m[31mx[39m[33m[39m[31mx[39m[33m[39m[31mx[39m[33m[39m[31mx[39m[33m[39m[31mx[39m[33m[39m[31mx[39m[33m[39m[31mx[39m[33m[39m[31mx[39m[33m[39m[31mx[39m[33m[39m[31mx[39m[33m[39m[31mx[39m[33m[39m[31mx[39m[33m[39m[31mx[39m[33m[39m[31mx[39m[33m[39m[31mx[39m[33m[39m[32m·[39m[33m[39m[32m·[39m[33m[39m[32m·[39m[33m[39m[32m·[39m[33m[39m[32m·[39m[33m[39m[32m·[39m[33m[39m[32m·[39m[33m[39m[32m·[39m[33m[39m[32m·[39m[33m[39m[32m·[39m[33m[39m[32m·[39m[33m[39m[32m·[39m[33m[39m[32m·[39m[33m[39m[32m·[39m[33m[39m[32m·[39m[33m[39m[32m·[39m[33m[39m[32m·[39m[33m[39m[32m·[39m[33m[39m[32m·[39m[33m[39m[32m·[39m[33m[39m[32m·[39m[33m[39m[32m·[39m[33m[39m[32m·[39m[33m[39m[32m·[39m[33m[39m[32m·[39m[33m[39m[32m·[39m[33m[39m[32m·[39m[33m[39m[32m·[39m[33m[39m[32m·[39m[33m[39m[32m·[39m[33m[39m[32m·[39m[33m[39m[32m·[39m[33m[39m[32m·[39m[33m[39m[32m·[39m[33m[39m[32m·[39m[33m[39m[32m·[39m[33m[39m[32m·[39m[33m[39m[32m·[39m[33m[39m[32m·[39m[33m[39m[32m·[39m[33m[39m[32m·[39m[33m[39m[32m·[39m[33m[39m[32m·[39m[33m[39m[32m·[39m[33m[39m[32m·[39m[33m[39m[32m·[39m[33m[39m[32m·[39m[33m[39m[32m·[39m[33m[39m[32m·[39m[33m[39m[32m·[39m[33m[39m[32m·[39m[33m[39m[32m·[39m[33m[39m[32m·[39m[33m[39m[32m·[39m[33m[39m[32m·[39m[33m[39m[32m·[39m[33m[39m[32m·[39m[33m[39m[32m·[39m[33m[39m[32m·[39m[33m[39m[32m·[39m[33m[39m[32m·[39m[33m[39m[32m·[39m[33m[39m[32m·[39m[33m[39m[32m·[39m[33m[39m[32m·[39m[33m[39m[32m·[39m[33m[39m[32m·[39m[33m[39m[32m·[39m[33m[39m[32m·[39m[33m[39m[32m·[39m[33m[39m[32m·[39m[33m[39m[32m·[39m[33m[39m[32m·[39m[33m[39m[32m·[39m[33m[39m[32m·[39m[33m[39m[32m·[39m[33m[39m[32m·[39m[33m[39m[32m·[39m[33m[39m[32m·[39m[33m[39m[32m·[39m[33m[39m[32m·[39m[33m[39m[32m·[39m[33m[39m[32m·[39m[33m[39m[32m·[39m[33m[39m[32m·[39m[33m[39m[32m·[39m[33m[39m[2m[90m-[39m[22m[33m[39m[32m·[39m[33m[39m[32m·[39m[33m[39m[32m·[39m[33m[39m[32m·[39m[33m[39m[32m·[39m[33m[39m[32m·[39m[33m[39m[32m·[39m[33m[39m[32m·[39m[33m[39m[32m·[39m[33m[39m[32m·[39m[33m[39m[32m·[39m[33m[39m[32m·[39m[33m[39m[32m·[39m[33m[39m[32m·[39m[33m[39m[32m·[39m[33m[39m[32m·[39m[33m[39m[32m·[39m[33m[39m[32m·[39m[33m[39m[32m·[39m[33m[39m[32m·[39m[33m[39m[32m·[39m[33m[39m[32m·[39m[33m[39m[32m·[39m[33m[39m[32m·[39m[33m[39m[32m·[39m[33m[39m[32m·[39m[33m[39m[32m·[39m[33m[39m[32m·[39m[33m[39m[32m·[39m[33m[39m[32m·[39m[33m[39m[32m·[39m[33m[39m[32m·[39m[33m[39m[32m·[39m[33m[39m[32m·[39m[33m[39m[32m·[39m[33m[39m[32m·[39m[33m[39m[32m·[39m[33m[39m[32m·[39m[33m[39m[32m·[39m[33m[39m[32m·[39m[33m[39m[32m·[39m[33m[39m[32m·[39m[33m[39m[32m·[39m[33m[39m[32m·[39m[33m[39m[32m·[39m[33m[39m[32m·[39m[33m[39m[32m·[39m[33m[39m[32m·[39m[33m[39m[32m·[39m[33m[39m[32m·[39m[33m[39m[32m·[39m[33m[39m[32m·[39m[33m[39m[32m·[39m[33m[39m[32m·[39m[33m[39m[32m·[39m[33m[39m[32m·[39m[33m[39m[32m·[39m[33m[39m[32m·[39m[33m[39m[32m·[39m[33m[39m[32m·[39m[33m[39m[32m·[39m[33m[39m[32m·[39m[33m[39m[32m·[39m[33m[39m[32m·[39m[33m[39m[32m·[39m[33m[39m[32m·[39m[33m[39m[32m·[39m[33m[39m[32m·[39m[33m[39m[32m·[39m[33m[39m[32m·[39m[33m[39m[32m·[39m[33m[39m[32m·[39m[33m[39m[32m·[39m[33m[39m[32m·[39m[33m[39m[32m·[39m[33m[39m[32m·[39m[33m[39m[32m·[39m[33m[39m[32m·[39m[33m[39m[32m·[39m[33m[39m[32m·[39m[33m[39m[32m·[39m[33m[39m[32m·[39m[33m[39m[32m·[39m[33m[39m[32m·[39m[33m[39m[32m·[39m[33m[39m[32m·[39m[33m[39m[32m·[39m[33m[39m[32m·[39m[33m[39m[32m·[39m[33m[39m[32m·[39m[33m[39m[32m·[39m[33m[39m[32m·[39m[33m[39m[32m·[39m[33m[39m[32m·[39m[33m[39m[32m·[39m[33m[39m[32m·[39m[33m[39m[32m·[39m[33m[39m[32m·[39m[33m[39m[32m·[39m[33m[39m[32m·[39m[33m[39m[32m·[39m[33m[39m[32m·[39m[33m[39m[32m·[39m[33m[39m[32m·[39m[33m[39m[32m·[39m[33m[39m[32m·[39m[33m[39m[32m·[39m[33m[39m[32m·[39m[33m[39m[32m·[39m[33m[39m[32m·[39m[33m[39m[32m·[39m[33m[39m[32m·[39m[33m[39m[32m·[39m[33m[39m[32m·[39m[33m[39m[32m·[39m[33m[39m[32m·[39m[33m[39m[32m·[39m[33m[39m[32m·[39m[33m[39m[32m·[39m[33m[39m[32m·[39m[33m[39m[32m·[39m[33m[39m[32m·[39m[33m[39m[32m·[39m[33m[39m[32m·[39m[33m[39m[32m·[39m[33m[39m[32m·[39m[33m[39m[32m·[39m[33m[39m[32m·[39m[33m[39m[32m·[39m[33m[39m[32m·[39m[33m[39m[32m·[39m[33m[39m[32m·[39m[33m[39m[32m·[39m[33m[39m[32m·[39m[33m[39m[32m·[39m[33m[39m[32m·[39m[33m[39m[32m·[39m[33m[39m[32m·[39m[33m[39m[32m·[39m[33m[39m[32m·[39m[33m[39m[32m·[39m[33m[39m[32m·[39m[33m[39m[32m·[39m[33m[39m[32m·[39m[33m[39m[32m·[39m[33m[39m[32m·[39m[33m[39m[32m·[39m[33m[39m[32m·[39m[33m[39m[32m·[39m[33m[39m[32m·[39m[33m[39m[32m·[39m[33m[39m[32m·[39m[33m[39m[32m·[39m[33m[39m[32m·[39m[33m[39m[32m·[39m[33m[39m[32m·[39m[33m[39m[32m·[39m[33m[39m[32m·[39m[33m[39m[32m·[39m[33m[39m[32m·[39m[33m[39m[32m·[39m[33m[39m[32m·[39m[33m[39m[32m·[39m[33m[39m[32m·[39m[33m[39m[32m·[39m[33m[39m[32m·[39m[33m[39m[32m·[39m[33m[39m[32m·[39m[33m[39m[32m·[39m[33m[39m[32m·[39m[33m[39m[32m·[39m[33m[39m[32m·[39m[33m[39m[32m·[39m[33m[39m[32m·[39m[33m[39m[32m·[39m[33m[39m[32m·[39m[33m[39m[32m·[39m[33m[39m[32m·[39m[33m[39m[32m·[39m[33m[39m[32m·[39m[33m[39m[32m·[39m[33m[39m[32m·[39m[33m[39m[32m·[39m[33m[39m[32m·[39m[33m[39m[32m·[39m[33m[39m[32m·[39m[33m[39m[32m·[39m[33m[39m[32m·[39m[33m[39m[32m·[39m[33m[39m[32m·[39m[33m[39m[32m·[39m[33m[39m[32m·[39m[33m[39m[32m·[39m[33m[39m[32m·[39m[33m[39m[32m·[39m[33m[39m[32m·[39m[33m[39m[32m·[39m[33m[39m[32m·[39m[33m[39m[32m·[39m[33m[39m[32m·[39m[33m[39m[32m·[39m[33m[39m[32m·[39m[33m[39m[32m·[39m[33m[39m[32m·[39m[33m[39m[32m·[39m[33m[39m[32m·[39m[33m[39m[32m·[39m[33m[39m[32m·[39m[33m[39m[32m·[39m[33m[39m[32m·[39m[33m[39m[32m·[39m[33m[39m[32m·[39m[33m[39m[32m·[39m[33m[39m[32m·[39m[33m[39m[32m·[39m[33m[39m[32m·[39m[33m[39m[32m·[39m[33m[39m[32m·[39m[33m[39m[32m·[39m[33m[39m[32m·[39m[33m[39m[32m·[39m[33m[39m[32m·[39m[33m[39m[32m·[39m[33m[39m[32m·[39m[33m[39m[32m·[39m[33m[39m[32m·[39m[33m[39m[32m·[39m[33m[39m[32m·[39m[33m[39m[32m·[39m[33m[39m[32m·[39m[33m[39m[32m·[39m[33m[39m[32m·[39m[33m[39m[32m·[39m[33m[39m[32m·[39m[33m[39m[32m·[39m[33m[39m[32m·[39m[33m[39m[32m·[39m[33m[39m[32m·[39m[33m[39m[32m·[39m[33m[39m[32m·[39m[33m[39m[32m·[39m[33m[39m[32m·[39m[33m[39m[32m·[39m[33m[39m[32m·[39m[33m[39m[32m·[39m[33m[39m[32m·[39m[33m[39m[32m·[39m[33m[39m[32m·[39m[33m[39m[32m·[39m[33m[39m[32m·[39m[33m[39m[32m·[39m[33m[39m[32m·[39m[33m[39m[32m·[39m[33m[39m[32m·[39m[33m[39m[32m·[39m[33m[39m[32m·[39m[33m[39m[32m·[39m[33m[39m[32m·[39m[33m[39m[32m·[39m[33m[39m[32m·[39m[33m[39m[32m·[39m[33m[39m[32m·[39m[33m[39m[32m·[39m[33m[39m[32m·[39m[33m[39m[32m·[39m[33m[39m[32m·[39m[33m[39m[32m·[39m[33m[39m[32m·[39m[33m[39m[32m·[39m[33m[39m[32m·[39m[33m[39m[32m·[39m[33m[39m[32m·[39m[33m[39m[32m·[39m[33m[39m[32m·[39m[33m[39m[32m·[39m[33m[39m[32m·[39m[33m[39m[32m·[39m[33m[39m[32m·[39m[33m[39m[32m·[39m[33m[39m[32m·[39m[33m[39m[32m·[39m[33m[39m[32m·[39m[33m[39m[32m·[39m[33m[39m[32m·[39m[33m[39m[32m·[39m[33m[39m[32m·[39m[33m[39m[32m·[39m[33m[39m[32m·[39m[33m[39m[32m·[39m[33m[39m[32m·[39m[33m[39m[32m·[39m[33m[39m[32m·[39m[33m[39m[32m·[39m[33m[39m[32m·[39m[33m[39m[32m·[39m[33m[39m[32m·[39m[33m[39m[32m·[39m[33m[39m[32m·[39m[33m[39m[32m·[39m[33m[39m[32m·[39m[33m[39m[32m·[39m[33m[39m[32m·[39m[33m[39m[32m·[39m[33m[39m[32m·[39m[33m[39m[32m·[39m[33m[39m[32m·[39m[33m[39m[32m·[39m[33m[39m[32m·[39m[33m[39m[2m[90m-[39m[22m[33m[39m[2m[90m-[39m[22m[33m[39m[2m[90m-[39m[22m[33m[39m[2m[90m-[39m[22m[33m[39m[2m[90m-[39m[22m[33m[39m[2m[90m-[39m[22m[33m[39m[2m[90m-[39m[22m[33m[39m[32m·[39m[33m[39m[2m[90m-[39m[22m[33m[39m[32m·[39m[33m[39m[32m·[39m[33m[39m[32m·[39m[33m[39m[32m·[39m[33m[39m[32m·[39m[33m[39m[32m·[39m[33m[39m[32m·[39m[33m[39m[32m·[39m[33m[39m[32m·[39m[33m[39m[32m·[39m[33m[39m[32m·[39m[33m[39m[32m·[39m[33m[39m[32m·[39m[33m[39m[32m·[39m[33m[39m[32m·[39m[33m[39m[32m·[39m[33m[39m[32m·[39m[33m[39m[32m·[39m[33m[39m[32m·[39m[33m[39m[32m·[39m[33m[39m[32m·[39m[33m[39m[32m·[39m[33m[39m[32m·[39m[33m[39m[32m·[39m[33m[39m[32m·[39m[33m[39m[32m·[39m[33m[39m[32m·[39m[33m[39m[32m·[39m[33m[39m[32m·[39m[33m[39m[32m·[39m[33m[39m[32m·[39m[33m[39m[32m·[39m[33m[39m[32m·[39m[33m[39m[32m·[39m[33m[39m[32m·[39m[33m[39m[32m·[39m[33m[39m[32m·[39m[33m[39m[32m·[39m[33m[39m[32m·[39m[33m[39m[32m·[39m[33m[39m[32m·[39m[33m[39m[32m·[39m[33m[39m[32m·[39m[33m[39m[32m·[39m[33m[39m[32m·[39m[33m[39m[32m·[39m[33m[39m[32m·[39m[33m[39m[32m·[39m[33m[39m[32m·[39m[33m[39m[32m·[39m[33m[39m[32m·[39m[33m[39m[32m·[39m[33m[39m[32m·[39m[33m[39m[32m·[39m[33m[39m[32m·[39m[33m[39m[32m·[39m[33m[39m[32m·[39m[33m[39m[32m·[39m[33m[39m[32m·[39m[33m[39m[32m·[39m[33m[39m[32m·[39m[33m[39m[32m·[39m[33m[39m[32m·[39m[33m[39m[32m·[39m[33m[39m[32m·[39m[33m[39m[32m·[39m[33m[39m[32m·[39m[33m[39m[32m·[39m[33m[39m[32m·[39m[33m[39m[32m·[39m[33m[39m[32m·[39m[33m[39m[32m·[39m[33m[39m[32m·[39m[33m[39m[32m·[39m[33m[39m[32m·[39m[33m[39m[32m·[39m[33m[39m[32m·[39m[33m[39m[32m·[39m[33m[39m[32m·[39m[33m[39m[32m·[39m[33m[39m[32m·[39m[33m[39m[32m·[39m[33m[39m[32m·[39m[33m[39m[32m·[39m[33m[39m[32m·[39m[33m[39m[32m·[39m[33m[39m[32m·[39m[33m[39m[32m·[39m[33m[39m[32m·[39m[33m[39m[32m·[39m[33m[39m[32m·[39m[33m[39m[32m·[39m[33m[39m[32m·[39m[33m[39m[32m·[39m[33m[39m[32m·[39m[33m[39m[32m·[39m[33m[39m[32m·[39m[33m[39m[32m·[39m[33m[39m[32m·[39m[33m[39m[32m·[39m[33m[39m[32m·[39m[33m[39m[32m·[39m[33m[39m[32m·[39m[33m[39m[32m·[39m[33m[39m[32m·[39m[33m[39m[32m·[39m[33m[39m[32m·[39m[33m[39m[32m·[39m[33m[39m[32m·[39m[33m[39m[32m·[39m[33m[39m[32m·[39m[33m[39m[32m·[39m[33m[39m[32m·[39m[33m[39m[32m·[39m[33m[39m[32m·[39m[33m[39m[32m·[39m[33m[39m[32m·[39m[33m[39m[32m·[39m[33m[39m[32m·[39m[33m[39m[32m·[39m[33m[39m[32m·[39m[33m[39m[32m·[39m[33m[39m[32m·[39m[33m[39m[32m·[39m[33m[39m[32m·[39m[33m[39m[32m·[39m[33m[39m[32m·[39m[33m[39m[32m·[39m[33m[39m[32m·[39m[33m[39m[32m·[39m[33m[39m[32m·[39m[33m[39m[32m·[39m[33m[39m[32m·[39m[33m[39m[32m·[39m[33m[39m[32m·[39m[33m[39m[2m[90m-[39m[22m[33m[39m[32m·[39m[33m[39m[32m·[39m[33m[39m[32m·[39m[33m[39m[32m·[39m[33m[39m[32m·[39m[33m[39m[32m·[39m[33m[39m[32m·[39m[33m[39m[32m·[39m[33m[39m[32m·[39m[33m[39m[32m·[39m[33m[39m[32m·[39m[33m[39m[32m·[39m[33m[39m[32m·[39m[33m[39m[32m·[39m[33m[39m[32m·[39m[33m[39m[32m·[39m[33m[39m[32m·[39m[33m[39m[32m·[39m[33m[39m[32m·[39m[33m[39m[32m·[39m[33m[39m[32m·[39m[33m[39m[32m·[39m[33m[39m[32m·[39m[33m[39m[32m·[39m[33m[39m[32m·[39m[33m[39m[32m·[39m[33m[39m[32m·[39m[33m[39m[32m·[39m[33m[39m[32m·[39m[33m[39m[32m·[39m[33m[39m[32m·[39m[33m[39m[32m·[39m[33m[39m[32m·[39m[33m[39m[32m·[39m[33m[39m[32m·[39m[33m[39m[32m·[39m[33m[39m[32m·[39m[33m[39m[32m·[39m[33m[39m[32m·[39m[33m[39m[32m·[39m[33m[39m[32m·[39m[33m[39m[32m·[39m[33m[39m[32m·[39m[33m[39m[32m·[39m[33m[39m[32m·[39m[33m[39m[32m·[39m[33m[39m[32m·[39m[33m[39m[32m·[39m[33m[39m[32m·[39m[33m[39m[32m·[39m[33m[39m[32m·[39m[33m[39m[32m·[39m[33m[39m[32m·[39m[33m[39m[32m·[39m[33m[39m[32m·[39m[33m[39m[32m·[39m[33m[39m[32m·[39m[33m[39m[32m·[39m[33m[39m[32m·[39m[33m[39m[32m·[39m[33m[39m[32m·[39m[33m[39m[32m·[39m[33m[39m[32m·[39m[33m[39m[32m·[39m[33m[39m[32m·[39m[33m[39m[32m·[39m[33m[39m[32m·[39m[33m[39m[32m·[39m[33m[39m[32m·[39m[33m[39m[32m·[39m[33m[39m[32m·[39m[33m[39m[32m·[39m[33m[39m[32m·[39m[33m[39m[32m·[39m[33m[39m[32m·[39m[33m[39m[32m·[39m[33m[39m[32m·[39m[33m[39m[32m·[39m[33m[39m[32m·[39m[33m[39m[32m·[39m[33m[39m[32m·[39m[33m[39m[32m·[39m[33m[39m[32m·[39m[33m[39m[32m·[39m[33m[39m[32m·[39m[33m[39m[32m·[39m[33m[39m[32m·[39m[33m[39m[32m·[39m[33m[39m[32m·[39m[33m[39m[32m·[39m[33m[39m[32m·[39m[33m[39m[32m·[39m[33m[39m[32m·[39m[33m[39m[32m·[39m[33m[39m[32m·[39m[33m[39m[32m·[39m[33m[39m[32m·[39m[33m[39m[32m·[39m[33m[39m[32m·[39m[33m[39m[32m·[39m[33m[39m[32m·[39m[33m[39m[32m·[39m[33m[39m[32m·[39m[33m[39m[32m·[39m[33m[39m[32m·[39m[33m[39m[32m·[39m[33m[39m[32m·[39m[33m[39m[32m·[39m[33m[39m[32m·[39m[33m[39m[32m·[39m[33m[39m[32m·[39m[33m[39m[32m·[39m[33m[39m[32m·[39m[33m[39m[32m·[39m[33m[39m[32m·[39m[33m[39m[32m·[39m[33m[39m[32m·[39m[33m[39m[32m·[39m[33m[39m[32m·[39m[33m[39m[32m·[39m[33m[39m[32m·[39m[33m[39m[32m·[39m[33m[39m[32m·[39m[33m[39m[32m·[39m[33m[39m[32m·[39m[33m[39m[32m·[39m[33m[39m[32m·[39m[33m[39m[32m·[39m[33m[39m[32m·[39m[33m[39m[32m·[39m[33m[39m[32m·[39m[33m[39m[32m·[39m[33m[39m[32m·[39m[33m[39m[32m·[39m[33m[39m[32m·[39m[33m[39m[32m·[39m[33m[39m[32m·[39m[33m[39m[32m·[39m[33m[39m[32m·[39m[33m[39m[32m·[39m[33m[39m[32m·[39m[33m[39m[32m·[39m[33m[39m[32m·[39m[33m[39m[32m·[39m[33m[39m[32m·[39m[33m[39m[32m·[39m[33m[39m[32m·[39m[33m[39m[32m·[39m[33m[39m[32m·[39m[33m[39m[32m·[39m[33m[39m[32m·[39m[33m[39m[32m·[39m[33m[39m[32m·[39m[33m[39m[32m·[39m[33m[39m[32m·[39m[33m[39m[32m·[39m[33m[39m[32m·[39m[33m[39m[32m·[39m[33m[39m[32m·[39m[33m[39m[32m·[39m[33m[39m[32m·[39m[33m[39m[32m·[39m[33m[39m[32m·[39m[33m[39m[32m·[39m[33m[39m[32m·[39m[33m[39m[32m·[39m[33m[39m[32m·[39m[33m[39m[32m·[39m[33m[39m[32m·[39m[33m[39m[32m·[39m[33m[39m[32m·[39m[33m[39m[32m·[39m[33m[39m[32m·[39m[33m[39m[32m·[39m[33m[39m[32m·[39m[33m[39m[32m·[39m[33m[39m[32m·[39m[33m[39m[32m·[39m[33m[39m[32m·[39m[33m[39m[32m·[39m[33m[39m[32m·[39m[33m[39m[32m·[39m[33m[39m[32m·[39m[33m[39m[32m·[39m[33m[39m[32m·[39m[33m[39m[32m·[39m[33m[39m[32m·[39m[33m[39m[32m·[39m[33m[39m[32m·[39m[33m[39m[32m·[39m[33m[39m[32m·[39m[33m[39m[32m·[39m[33m[39m[32m·[39m[33m[39m[32m·[39m[33m[39m[32m·[39m[33m[39m[32m·[39m[33m[39m[32m·[39m[33m[39m[32m·[39m[33m[39m[32m·[39m[33m[39m[32m·[39m[33m[39m[32m·[39m[33m[39m[32m·[39m[33m[39m[32m·[39m[33m[39m[32m·[39m[33m[39m[32m·[39m[33m[39m[32m·[39m[33m[39m[32m·[39m[33m[39m[32m·[39m[33m[39m[32m·[39m[33m[39m[32m·[39m[33m[39m[32m·[39m[33m[39m[32m·[39m[33m[39m[32m·[39m[33m[39m[32m·[39m[33m[39m[32m·[39m[33m[39m[32m·[39m[33m[39m[32m·[39m[33m[39m[32m·[39m[33m[39m[32m·[39m[33m[39m[32m·[39m[33m[39m[32m·[39m[33m[39m[32m·[39m[33m[39m[32m·[39m[33m[39m[32m·[39m[33m[39m[32m·[39m[33m[39m[32m·[39m[33m[39m[32m·[39m[33m[39m[32m·[39m[33m[39m[32m·[39m[33m[39m[32m·[39m[33m[39m[32m·[39m[33m[39m[32m·[39m[33m[39m[32m·[39m[33m[39m[32m·[39m[33m[39m[32m·[39m[33m[39m[32m·[39m[33m[39m[32m·[39m[33m[39m[32m·[39m[33m[39m[32m·[39m[33m[39m[32m·[39m[33m[39m[32m·[39m[33m[39m[32m·[39m[33m[39m[32m·[39m[33m[39m[32m·[39m[33m[39m[32m·[39m[33m[39m[32m·[39m[33m[39m[32m·[39m[33m[39m[32m·[39m[33m[39m[32m·[39m[33m[39m[32m·[39m[33m[39m[32m·[39m[33m[39m[32m·[39m[33m[39m[32m·[39m[33m[39m[32m·[39m[33m[39m[32m·[39m[33m[39m[32m·[39m[33m[39m[32m·[39m[33m[39m[32m·[39m[33m[39m[32m·[39m[33m[39m[32m·[39m[33m[39m[32m·[39m[33m[39m[32m·[39m[33m[39m[32m·[39m[33m[39m[32m·[39m[33m[39m[32m·[39m[33m[39m[32m·[39m[33m[39m[32m·[39m[33m[39m[32m·[39m[33m[39m[32m·[39m[33m[39m[32m·[39m[33m[39m[32m·[39m[33m[39m[32m·[39m[33m[39m[32m·[39m[33m[39m[32m·[39m[33m[39m[32m·[39m[33m[39m[32m·[39m[33m[39m[32m·[39m[33m[39m[32m·[39m[33m[39m[32m·[39m[33m[39m[32m·[39m[33m[39m[32m·[39m[33m[39m[32m·[39m[33m[39m[32m·[39m[33m[39m[32m·[39m[33m[39m[32m·[39m[33m[39m[32m·[39m[33m[39m[32m·[39m[33m[39m[32m·[39m[33m[39m[32m·[39m[33m[39m[32m·[39m[33m[39m[32m·[39m[33m[39m[32m·[39m[33m[39m[32m·[39m[33m[39m[32m·[39m[33m[39m[32m·[39m[33m[39m[32m·[39m[33m[39m[32m·[39m[33m[39m[32m·[39m[33m[39m[32m·[39m[33m[39m[32m·[39m[33m[39m[32m·[39m[33m[39m[32m·[39m[33m[39m[32m·[39m[33m[39m[32m·[39m[33m[39m[32m·[39m[33m[39m[32m·[39m[33m[39m[32m·[39m[33m[39m[32m·[39m[33m[39m[32m·[39m[33m[39m[32m·[39m[33m[39m[32m·[39m[33m[39m[32m·[39m[33m[39m[32m·[39m[33m[39m[32m·[39m[33m[39m[32m·[39m[33m[39m[32m·[39m[33m[39m[32m·[39m[33m[39m[32m·[39m[33m[39m[32m·[39m[33m[39m[32m·[39m[33m[39m[32m·[39m[33m[39m[32m·[39m[33m[39m[32m·[39m[33m[39m[32m·[39m[33m[39m[32m·[39m[33m[39m[32m·[39m[33m[39m[32m·[39m[33m[39m[32m·[39m[33m[39m[32m·[39m[33m[39m[32m·[39m[33m[39m[32m·[39m[33m[39m[32m·[39m[33m[39m[32m·[39m[33m[39m[32m·[39m[33m[39m[32m·[39m[33m[39m[32m·[39m[33m[39m[32m·[39m[33m[39m[32m·[39m[33m[39m[32m·[39m[33m[39m[32m·[39m[33m[39m[32m·[39m[33m[39m[32m·[39m[33m[39m[32m·[39m[33m[39m[32m·[39m[33m[39m[32m·[39m[33m[39m[32m·[39m[33m[39m[32m·[39m[33m[39m[32m·[39m[33m[39m[32m·[39m[33m[39m[32m·[39m[33m[39m[32m·[39m[33m[39m[32m·[39m[33m[39m[32m·[39m[33m[39m[32m·[39m[33m[39m[32m·[39m[33m[39m[32m·[39m[33m[39m[32m·[39m[33m[39m[32m·[39m[33m[39m[32m·[39m[33m[39m[32m·[39m[33m[39m[32m·[39m[33m[39m[32m·[39m[33m[39m[32m·[39m[33m[39m[32m·[39m[33m[39m[32m·[39m[33m[39m[32m·[39m[33m[39m[32m·[39m[33m[39m[32m·[39m[33m[39m[32m·[39m[33m[39m[32m·[39m[33m[39m[32m·[39m[33m[39m[32m·[39m[33m[39m[32m·[39m[33m[39m[32m·[39m[33m[39m[32m·[39m[33m[39m[32m·[39m[33m[39m[32m·[39m[33m[39m[32m·[39m[33m[39m[32m·[39m[33m[39m[32m·[39m[33m[39m[32m·[39m[33m[39m[32m·[39m[33m[39m[32m·[39m[33m[39m[32m·[39m[33m[39m[32m·[39m[33m[39m[32m·[39m[33m[39m[32m·[39m[33m[39m[32m·[39m[33m[39m[32m·[39m[33m[39m[32m·[39m[33m[39m[32m·[39m[33m[39m[32m·[39m[33m[39m[32m·[39m[33m[39m[32m·[39m[33m[39m[32m·[39m[33m[39m[32m·[39m[33m[39m[32m·[39m[33m[39m[32m·[39m[33m[39m[32m·[39m[33m[39m[32m·[39m[33m[39m[32m·[39m[33m[39m[32m·[39m[33m[39m[32m·[39m[33m[39m[32m·[39m[33m[39m[32m·[39m[33m[39m[32m·[39m[33m[39m[32m·[39m[33m[39m[32m·[39m[33m[39m[32m·[39m[33m[39m[32m·[39m[33m[39m[32m·[39m[33m[39m[32m·[39m[33m[39m[32m·[39m[33m[39m[32m·[39m[33m[39m[32m·[39m[33m[39m[32m·[39m[33m[39m[32m·[39m[33m[39m[32m·[39m[33m[39m[32m·[39m[33m[39m[32m·[39m[33m[39m[32m·[39m[33m[39m[32m·[39m[33m[39m[32m·[39m[33m[39m[32m·[39m[33m[39m[32m·[39m[33m[39m[32m·[39m[33m[39m[32m·[39m[33m[39m[32m·[39m[33m[39m[32m·[39m[33m[39m[32m·[39m[33m[39m[32m·[39m[33m[39m[32m·[39m[33m[39m[32m·[39m[33m[39m[32m·[39m[33m[39m[32m·[39m[33m[39m[32m·[39m[33m[39m[32m·[39m[33m[39m[32m·[39m[33m[39m[32m·[39m[33m[39m[32m·[39m[33m[39m[32m·[39m[33m[39m[32m·[39m[33m[39m[32m·[39m[33m[39m[32m·[39m[33m[39m[32m·[39m[33m[39m[32m·[39m[33m[39m[32m·[39m[33m[39m[32m·[39m[33m[39m[32m·[39m[33m[39m[32m·[39m[33m[39m[32m·[39m[33m[39m[32m·[39m[33m[39m[32m·[39m[33m[39m[32m·[39m[33m[39m[32m·[39m[33m[39m[32m·[39m[33m[39m[32m·[39m[33m[39m[32m·[39m[33m[39m[32m·[39m[33m[39m[32m·[39m[33m[39m[32m·[39m[33m[39m[32m·[39m[33m[39m[32m·[39m[33m[39m[32m·[39m[33m[39m[32m·[39m[33m[39m[32m·[39m[33m[39m[32m·[39m[33m[39m[32m·[39m[33m[39m[32m·[39m[33m[39m[32m·[39m[33m[39m[32m·[39m[33m[39m[32m·[39m[33m[39m[32m·[39m[33m[39m[32m·[39m[33m[39m[32m·[39m[33m[39m[32m·[39m[33m[39m[32m·[39m[33m[39m[32m·[39m[33m[39m[32m·[39m[33m[39m[32m·[39m[33m[39m[32m·[39m[33m[39m[32m·[39m[33m[39m[32m·[39m[33m[39m[32m·[39m[33m[39m[32m·[39m[33m[39m[32m·[39m[33m[39m[32m·[39m[33m[39m[32m·[39m[33m[39m[32m·[39m[33m[39m[32m·[39m[33m[39m[32m·[39m[33m[39m[32m·[39m[33m[39m[32m·[39m[33m[39m[32m·[39m[33m[39m[32m·[39m[33m[39m[32m·[39m[33m[39m[32m·[39m[33m[39m[32m·[39m[33m[39m[32m·[39m[33m[39m[32m·[39m[33m[39m[32m·[39m[33m[39m[32m·[39m[33m[39m[32m·[39m[33m[39m[32m·[39m[33m[39m[32m·[39m[33m[39m[32m·[39m[33m[39m[32m·[39m[33m[39m[32m·[39m[33m[39m[32m·[39m[33m[39m[32m·[39m[33m[39m[32m·[39m[33m[39m[32m·[39m[33m[39m[32m·[39m[33m[39m[32m·[39m[33m[39m[32m·[39m[33m[39m[32m·[39m[33m[39m[32m·[39m[33m[39m[32m·[39m[33m[39m[32m·[39m[33m[39m[32m·[39m[33m[39m[32m·[39m[33m[39m[32m·[39m[33m[39m[32m·[39m[33m[39m[32m·[39m[33m[39m[32m·[39m[33m[39m[32m·[39m[33m[39m[32m·[39m[33m[39m[32m·[39m[33m[39m[32m·[39m[33m[39m[32m·[39m[33m[39m[32m·[39m[33m[39m[32m·[39m[33m[39m[32m·[39m[33m[39m[32m·[39m[33m[39m[32m·[39m[33m[39m[32m·[39m[33m[39m[32m·[39m[33m[39m[32m·[39m[33m[39m[32m·[39m[33m[39m[32m·[39m[33m[39m[32m·[39m[33m[39m[32m·[39m[33m[39m[32m·[39m[33m[39m[32m·[39m[33m[39m[32m·[39m[33m[39m[32m·[39m[33m[39m[32m·[39m[33m[39m[32m·[39m[33m[39m[32m·[39m[33m[39m[32m·[39m[33m[39m[32m·[39m[33m[39m[32m·[39m[33m[39m[32m·[39m[33m[39m[32m·[39m[33m[39m[32m·[39m[33m[39m[32m·[39m[33m[39m[32m·[39m[33m[39m[32m·[39m[33m[39m[32m·[39m[33m[39m[32m·[39m[33m[39m[32m·[39m[33m[39m[32m·[39m[33m[39m[32m·[39m[33m[39m[32m·[39m[33m[39m[32m·[39m[33m[39m[32m·[39m[33m[39m[32m·[39m[33m[39m[32m·[39m[33m[39m[32m·[39m[33m[39m[32m·[39m[33m[39m[32m·[39m[33m[39m[32m·[39m[33m[39m[32m·[39m[33m[39m[32m·[39m[33m[39m[32m·[39m[33m[39m[32m·[39m[33m[39m[32m·[39m[33m[39m[32m·[39m[33m[39m[32m·[39m[33m[39m[32m·[39m[33m[39m[32m·[39m[33m[39m[32m·[39m[33m[39m[32m·[39m[33m[39m[32m·[39m[33m[39m[32m·[39m[33m[39m[32m·[39m[33m[39m[32m·[39m[33m[39m[32m·[39m[33m[39m[32m·[39m[33m[39m[32m·[39m[33m[39m[32m·[39m[33m[39m[32m·[39m[33m[39m[32m·[39m[33m[39m[32m·[39m[33m[39m[32m·[39m[33m[39m[32m·[39m[33m[39m[2m[90m-[39m[22m[33m[39m[2m[90m-[39m[22m[33m[39m[2m[90m-[39m[22m[33m[39m[2m[90m-[39m[22m[33m[39m[2m[90m-[39m[22m[33m[39m[2m[90m-[39m[22m[33m[39m[2m[90m-[39m[22m[33m[39m[2m[90m-[39m[22m[33m[39m[2m[90m-[39m[22m[33m[39m[2m[90m-[39m[22m[33m[39m[2m[90m-[39m[22m[33m[39m[2m[90m-[39m[22m[33m[39m[2m[90m-[39m[22m[33m[39m[2m[90m-[39m[22m[33m[39m[2m[90m-[39m[22m[33m[39m[2m[90m-[39m[22m[33m[39m[2m[90m-[39m[22m[33m[39m[2m[90m-[39m[22m[33m[39m[2m[90m-[39m[22m[33m[39m[2m[90m-[39m[22m[33m[39m[2m[90m-[39m[22m[33m[39m[2m[90m-[39m[22m[33m[39m[2m[90m-[39m[22m[33m[39m[2m[90m-[39m[22m[33m[39m[2m[90m-[39m[22m[33m[39m[2m[90m-[39m[22m[33m[39m[2m[90m-[39m[22m[33m[39m[2m[90m-[39m[22m[33m[39m[2m[90m-[39m[22m[33m[39m[2m[90m-[39m[22m[33m[39m[2m[90m-[39m[22m[33m[39m[2m[90m-[39m[22m[33m[39m[2m[90m-[39m[22m[33m[39m[2m[90m-[39m[22m[33m[39m[2m[90m-[39m[22m[33m[39m[2m[90m-[39m[22m

[31m⎯⎯⎯⎯⎯⎯[39m[1m[41m Failed Tests 122 [49m[22m[31m⎯⎯⎯⎯⎯⎯[39m

[41m[1m FAIL [22m[49m src/components/__tests__/button.test.tsx[2m > [22mButton Component[2m > [22mshould render with default props
[41m[1m FAIL [22m[49m src/components/__tests__/button.test.tsx[2m > [22mButton Component[2m > [22mshould handle click events
[41m[1m FAIL [22m[49m src/components/__tests__/button.test.tsx[2m > [22mButton Component[2m > [22mshould be disabled when disabled prop is true
[41m[1m FAIL [22m[49m src/components/__tests__/button.test.tsx[2m > [22mButton Component[2m > [22mshould apply variant classes correctly
[41m[1m FAIL [22m[49m src/components/__tests__/button.test.tsx[2m > [22mButton Component[2m > [22mshould apply size classes correctly
[41m[1m FAIL [22m[49m src/components/__tests__/button.test.tsx[2m > [22mButton Component[2m > [22mshould show loading state when loading is true
[41m[1m FAIL [22m[49m src/components/__tests__/button.test.tsx[2m > [22mButton Component[2m > [22mshould accept custom className
[41m[1m FAIL [22m[49m src/components/__tests__/card.test.tsx[2m > [22mCard Components[2m > [22mCard[2m > [22mshould render with default styles
[41m[1m FAIL [22m[49m src/components/__tests__/card.test.tsx[2m > [22mCard Components[2m > [22mCard[2m > [22mshould accept custom className
[41m[1m FAIL [22m[49m src/components/__tests__/card.test.tsx[2m > [22mCard Components[2m > [22mCardHeader[2m > [22mshould render header with proper spacing
[41m[1m FAIL [22m[49m src/components/__tests__/card.test.tsx[2m > [22mCard Components[2m > [22mCardTitle[2m > [22mshould render title with heading styles
[41m[1m FAIL [22m[49m src/components/__tests__/card.test.tsx[2m > [22mCard Components[2m > [22mCardDescription[2m > [22mshould render description with muted text
[41m[1m FAIL [22m[49m src/components/__tests__/card.test.tsx[2m > [22mCard Components[2m > [22mCardContent[2m > [22mshould render content with proper padding
[41m[1m FAIL [22m[49m src/components/__tests__/card.test.tsx[2m > [22mCard Components[2m > [22mCardFooter[2m > [22mshould render footer with flex layout
[41m[1m FAIL [22m[49m src/components/__tests__/card.test.tsx[2m > [22mCard Components[2m > [22mshould render complete card structure
[31m[1mTypeError[22m: Cannot add property current, object is not extensible[39m
[90m [2m❯[22m commitAttachRef node_modules/react-dom/cjs/react-dom.development.js:[2m23704:19[22m[39m
[90m [2m❯[22m commitLayoutEffectOnFiber node_modules/react-dom/cjs/react-dom.development.js:[2m23542:9[22m[39m
[90m [2m❯[22m commitLayoutMountEffects_complete node_modules/react-dom/cjs/react-dom.development.js:[2m24727:9[22m[39m
[90m [2m❯[22m commitLayoutEffects_begin node_modules/react-dom/cjs/react-dom.development.js:[2m24713:7[22m[39m
[90m [2m❯[22m commitLayoutEffects node_modules/react-dom/cjs/react-dom.development.js:[2m24651:3[22m[39m
[90m [2m❯[22m commitRootImpl node_modules/react-dom/cjs/react-dom.development.js:[2m26862:5[22m[39m
[90m [2m❯[22m commitRoot node_modules/react-dom/cjs/react-dom.development.js:[2m26721:5[22m[39m
[90m [2m❯[22m finishConcurrentRender node_modules/react-dom/cjs/react-dom.development.js:[2m26020:9[22m[39m
[90m [2m❯[22m performConcurrentWorkOnRoot node_modules/react-dom/cjs/react-dom.development.js:[2m25848:7[22m[39m
[90m [2m❯[22m flushActQueue node_modules/react/cjs/react.development.js:[2m2667:24[22m[39m

[31m[2m⎯⎯⎯⎯⎯⎯⎯⎯⎯⎯⎯⎯⎯⎯⎯⎯⎯⎯⎯⎯⎯⎯[1/143]⎯[22m[39m

[41m[1m FAIL [22m[49m src/components/__tests__/button.test.tsx[2m > [22mButton Component[2m > [22mshould render with default props
[41m[1m FAIL [22m[49m src/components/__tests__/button.test.tsx[2m > [22mButton Component[2m > [22mshould handle click events
[41m[1m FAIL [22m[49m src/components/__tests__/button.test.tsx[2m > [22mButton Component[2m > [22mshould be disabled when disabled prop is true
[41m[1m FAIL [22m[49m src/components/__tests__/button.test.tsx[2m > [22mButton Component[2m > [22mshould apply variant classes correctly
[41m[1m FAIL [22m[49m src/components/__tests__/button.test.tsx[2m > [22mButton Component[2m > [22mshould apply size classes correctly
[41m[1m FAIL [22m[49m src/components/__tests__/button.test.tsx[2m > [22mButton Component[2m > [22mshould show loading state when loading is true
[41m[1m FAIL [22m[49m src/components/__tests__/button.test.tsx[2m > [22mButton Component[2m > [22mshould accept custom className
[41m[1m FAIL [22m[49m src/components/__tests__/card.test.tsx[2m > [22mCard Components[2m > [22mCard[2m > [22mshould render with default styles
[41m[1m FAIL [22m[49m src/components/__tests__/card.test.tsx[2m > [22mCard Components[2m > [22mCard[2m > [22mshould accept custom className
[41m[1m FAIL [22m[49m src/components/__tests__/card.test.tsx[2m > [22mCard Components[2m > [22mCardHeader[2m > [22mshould render header with proper spacing
[41m[1m FAIL [22m[49m src/components/__tests__/card.test.tsx[2m > [22mCard Components[2m > [22mCardTitle[2m > [22mshould render title with heading styles
[41m[1m FAIL [22m[49m src/components/__tests__/card.test.tsx[2m > [22mCard Components[2m > [22mCardDescription[2m > [22mshould render description with muted text
[41m[1m FAIL [22m[49m src/components/__tests__/card.test.tsx[2m > [22mCard Components[2m > [22mCardContent[2m > [22mshould render content with proper padding
[41m[1m FAIL [22m[49m src/components/__tests__/card.test.tsx[2m > [22mCard Components[2m > [22mCardFooter[2m > [22mshould render footer with flex layout
[41m[1m FAIL [22m[49m src/components/__tests__/card.test.tsx[2m > [22mCard Components[2m > [22mshould render complete card structure
[31m[1mTypeError[22m: Cannot add property current, object is not extensible[39m
[90m [2m❯[22m safelyDetachRef node_modules/react-dom/cjs/react-dom.development.js:[2m22964:19[22m[39m
[90m [2m❯[22m commitDeletionEffectsOnFiber node_modules/react-dom/cjs/react-dom.development.js:[2m24042:11[22m[39m
[90m [2m❯[22m recursivelyTraverseDeletionEffects node_modules/react-dom/cjs/react-dom.development.js:[2m24028:5[22m[39m
[90m [2m❯[22m commitDeletionEffectsOnFiber node_modules/react-dom/cjs/react-dom.development.js:[2m24157:9[22m[39m
[90m [2m❯[22m recursivelyTraverseDeletionEffects node_modules/react-dom/cjs/react-dom.development.js:[2m24028:5[22m[39m
[90m [2m❯[22m commitDeletionEffectsOnFiber node_modules/react-dom/cjs/react-dom.development.js:[2m24209:9[22m[39m
[90m [2m❯[22m recursivelyTraverseDeletionEffects node_modules/react-dom/cjs/react-dom.development.js:[2m24028:5[22m[39m
[90m [2m❯[22m commitDeletionEffectsOnFiber node_modules/react-dom/cjs/react-dom.development.js:[2m24157:9[22m[39m
[90m [2m❯[22m recursivelyTraverseDeletionEffects node_modules/react-dom/cjs/react-dom.development.js:[2m24028:5[22m[39m
[90m [2m❯[22m commitDeletionEffectsOnFiber node_modules/react-dom/cjs/react-dom.development.js:[2m24157:9[22m[39m

[31m[2m⎯⎯⎯⎯⎯⎯⎯⎯⎯⎯⎯⎯⎯⎯⎯⎯⎯⎯⎯⎯⎯⎯[2/143]⎯[22m[39m

[41m[1m FAIL [22m[49m src/components/__tests__/button.test.tsx[2m > [22mButton Component[2m > [22mshould render as different element when asChild is true
[31m[1mTypeError[22m: Cannot add property current, object is not extensible[39m
[90m [2m❯[22m setRef node_modules/@radix-ui/react-compose-refs/dist/index.mjs:[2m7:17[22m[39m
[90m [2m❯[22m node_modules/@radix-ui/react-compose-refs/dist/index.mjs:[2m14:23[22m[39m
[90m [2m❯[22m node_modules/@radix-ui/react-compose-refs/dist/index.mjs:[2m13:27[22m[39m
[90m [2m❯[22m commitAttachRef node_modules/react-dom/cjs/react-dom.development.js:[2m23689:18[22m[39m
[90m [2m❯[22m commitLayoutEffectOnFiber node_modules/react-dom/cjs/react-dom.development.js:[2m23542:9[22m[39m
[90m [2m❯[22m commitLayoutMountEffects_complete node_modules/react-dom/cjs/react-dom.development.js:[2m24727:9[22m[39m
[90m [2m❯[22m commitLayoutEffects_begin node_modules/react-dom/cjs/react-dom.development.js:[2m24713:7[22m[39m
[90m [2m❯[22m commitLayoutEffects node_modules/react-dom/cjs/react-dom.development.js:[2m24651:3[22m[39m
[90m [2m❯[22m commitRootImpl node_modules/react-dom/cjs/react-dom.development.js:[2m26862:5[22m[39m

[31m[2m⎯⎯⎯⎯⎯⎯⎯⎯⎯⎯⎯⎯⎯⎯⎯⎯⎯⎯⎯⎯⎯⎯[3/143]⎯[22m[39m

[41m[1m FAIL [22m[49m src/components/__tests__/button.test.tsx[2m > [22mButton Component[2m > [22mshould render as different element when asChild is true
[31m[1mTypeError[22m: Cannot add property current, object is not extensible[39m
[90m [2m❯[22m setRef node_modules/@radix-ui/react-compose-refs/dist/index.mjs:[2m7:17[22m[39m
[90m [2m❯[22m node_modules/@radix-ui/react-compose-refs/dist/index.mjs:[2m14:23[22m[39m
[90m [2m❯[22m node_modules/@radix-ui/react-compose-refs/dist/index.mjs:[2m13:27[22m[39m
[90m [2m❯[22m safelyDetachRef node_modules/react-dom/cjs/react-dom.development.js:[2m22952:20[22m[39m
[90m [2m❯[22m commitDeletionEffectsOnFiber node_modules/react-dom/cjs/react-dom.development.js:[2m24042:11[22m[39m
[90m [2m❯[22m recursivelyTraverseDeletionEffects node_modules/react-dom/cjs/react-dom.development.js:[2m24028:5[22m[39m
[90m [2m❯[22m commitDeletionEffectsOnFiber node_modules/react-dom/cjs/react-dom.development.js:[2m24157:9[22m[39m
[90m [2m❯[22m recursivelyTraverseDeletionEffects node_modules/react-dom/cjs/react-dom.development.js:[2m24028:5[22m[39m
[90m [2m❯[22m commitDeletionEffectsOnFiber node_modules/react-dom/cjs/react-dom.development.js:[2m24157:9[22m[39m

[31m[2m⎯⎯⎯⎯⎯⎯⎯⎯⎯⎯⎯⎯⎯⎯⎯⎯⎯⎯⎯⎯⎯⎯[4/143]⎯[22m[39m

[41m[1m FAIL [22m[49m src/components/__tests__/card.simple.test.tsx[2m > [22mCard Components[2m > [22mshould apply custom className to card
[31m[1mError[22m: [2mexpect([22m[31melement[31m[2m).toHaveClass([22m[32m[32m"custom-card"[32m[31m[2m)[22m

Expected the element to have class:
[32m  custom-card[31m
Received:
[31m[31m[39m
[36m [2m❯[22m src/components/__tests__/card.simple.test.tsx:[2m23:18[22m[39m
    [90m 21| [39m    [34mrender[39m([33m<[39m[33mCard[39m [33mclassName[39m[33m=[39m[32m"custom-card"[39m[33m>[39mContent[33m<[39m[33m/[39m[33mCard[39m[33m>[39m)[33m;[39m
    [90m 22| [39m    [35mconst[39m card [33m=[39m screen[33m.[39m[34mgetByText[39m([32m'Content'[39m)[33m.[39mparentElement[33m;[39m
    [90m 23| [39m    [34mexpect[39m(card)[33m.[39m[34mtoHaveClass[39m([32m'custom-card'[39m)[33m;[39m
    [90m   | [39m                 [31m^[39m
    [90m 24| [39m  })[33m;[39m
    [90m 25| [39m})[33m;[39m

[31m[2m⎯⎯⎯⎯⎯⎯⎯⎯⎯⎯⎯⎯⎯⎯⎯⎯⎯⎯⎯⎯⎯⎯[5/143]⎯[22m[39m

[41m[1m FAIL [22m[49m src/components/__tests__/error-boundary.test.tsx[2m > [22mAuthErrorBoundary[2m > [22mError Handling[2m > [22mshould catch and display error boundary UI when child throws error
[31m[1mTestingLibraryElementError[22m[39m: Unable to find an element with the text: /앱 실행 중 문제가 발생/. This could be because the text is broken up by multiple elements. In this case, you can provide a function for your text matcher to make your matcher more flexible.

Ignored nodes: comments, script, style
[36m<body>[39m
  [36m<div>[39m
    [36m<div[39m
      [33mclass[39m=[32m"flex min-h-screen items-center justify-center p-4 bg-slate-50"[39m
    [36m>[39m
      [36m<div[39m
        [33mclass[39m=[32m"rounded-lg border bg-card text-card-foreground shadow-sm max-w-md w-full"[39m
      [36m>[39m
        [36m<div[39m
          [33mclass[39m=[32m"flex flex-col space-y-1.5 p-6 text-center"[39m
        [36m>[39m
          [36m<div[39m
            [33mclass[39m=[32m"flex justify-center mb-4"[39m
          [36m>[39m
            [36m<div[39m
              [33mclass[39m=[32m"rounded-full bg-red-100 p-3"[39m
            [36m>[39m
              [36m<svg[39m
                [33maria-hidden[39m=[32m"true"[39m
                [33mclass[39m=[32m"lucide lucide-circle-alert h-10 w-10 text-red-600"[39m
                [33mfill[39m=[32m"none"[39m
                [33mheight[39m=[32m"24"[39m
                [33mstroke[39m=[32m"currentColor"[39m
                [33mstroke-linecap[39m=[32m"round"[39m
                [33mstroke-linejoin[39m=[32m"round"[39m
                [33mstroke-width[39m=[32m"2"[39m
                [33mviewBox[39m=[32m"0 0 24 24"[39m
                [33mwidth[39m=[32m"24"[39m
                [33mxmlns[39m=[32m"http://www.w3.org/2000/svg"[39m
              [36m>[39m
                [36m<circle[39m
                  [33mcx[39m=[32m"12"[39m
                  [33mcy[39m=[32m"12"[39m
                  [33mr[39m=[32m"10"[39m
                [36m/>[39m
                [36m<line[39m
                  [33mx1[39m=[32m"12"[39m
                  [33mx2[39m=[32m"12"[39m
                  [33my1[39m=[32m"8"[39m
                  [33my2[39m=[32m"12"[39m
                [36m/>[39m
                [36m<line[39m
                  [33mx1[39m=[32m"12"[39m
                  [33mx2[39m=[32m"12.01"[39m
                  [33my1[39m=[32m"16"[39m
                  [33my2[39m=[32m"16"[39m
                [36m/>[39m
              [36m</svg>[39m
            [36m</div>[39m
          [36m</div>[39m
          [36m<div[39m
            [33mclass[39m=[32m"font-semibold tracking-tight text-2xl"[39m
          [36m>[39m
            [0m문제가 발생했습니다[0m
          [36m</div>[39m
          [36m<div[39m
            [33mclass[39m=[32m"text-sm text-muted-foreground"[39m
          [36m>[39m
            [0m일시적인 오류가 발생했습니다. 잠시 후 다시 시도해주세요.[0m
          [36m</div>[39m
        [36m</div>[39m
        [36m<div[39m
          [33mclass[39m=[32m"p-6 pt-0 space-y-4"[39m
        [36m>[39m
          [36m<div[39m
            [33mclass[39m=[32m"flex flex-col gap-2"[39m
          [36m>[39m
            [36m<button[39m
              [33mclass[39m=[32m"inline-flex items-center justify-center gap-2 whitespace-nowrap rounded-md text-sm font-medium ring-offset-background transition-colors focus-visible:outline-none focus-visible:ring-2 focus-visible:ring-ring focus-visible:ring-offset-2 disabled:pointer-events-none disabled:opacity-50 [&_svg]:pointer-events-none [&_svg]:size-4 [&_svg]:shrink-0 bg-primary text-primary-foreground hover:bg-primary/90 h-10 px-4 py-2 w-full"[39m
            [36m>[39m
              [36m<svg[39m
                [33maria-hidden[39m=[32m"true"[39m
                [33mclass[39m=[32m"lucide lucide-refresh-ccw mr-2 h-4 w-4"[39m
                [33mfill[39m=[32m"none"[39m
                [33mheight[39m=[32m"24"[39m
                [33mstroke[39m=[32m"currentColor"[39m
                [33mstroke-linecap[39m=[32m"round"[39m
                [33mstroke-linejoin[39m=[32m"round"[39m
                [33mstroke-width[39m=[32m"2"[39m
                [33mviewBox[39m=[32m"0 0 24 24"[39m
                [33mwidth[39m=[32m"24"[39m
                [33mxmlns[39m=[32m"http://www.w3.org/2000/svg"[39m
              [36m>[39m
                [36m<path[39m
                  [33md[39m=[32m"M21 12a9 9 0 0 0-9-9 9.75 9.75 0 0 0-6.74 2.74L3 8"[39m
                [36m/>[39m
                [36m<path[39m
                  [33md[39m=[32m"M3 3v5h5"[39m
                [36m/>[39m
                [36m<path[39m
                  [33md[39m=[32m"M3 12a9 9 0 0 0 9 9 9.75 9.75 0 0 0 6.74-2.74L21 16"[39m
                [36m/>[39m
                [36m<path[39m
                  [33md[39m=[32m"M16 16h5v5"[39m
                [36m/>[39m
              [36m</svg>[39m
              [0m다시 시도[0m
            [36m</button>[39m
            [36m<button[39m
              [33mclass[39m=[32m"inline-flex items-center justify-center gap-2 whitespace-nowrap rounded-md text-sm font-medium ring-offset-background transition-colors focus-visible:outline-none focus-visible:ring-2 focus-visible:ring-ring focus-visible:ring-offset-2 disabled:pointer-events-none disabled:opacity-50 [&_svg]:pointer-events-none [&_svg]:size-4 [&_svg]:shrink-0 border border-input bg-background hover:bg-accent hover:text-accent-foreground h-10 px-4 py-2 w-full"[39m
            [36m>[39m
              [36m<svg[39m
                [33maria-hidden[39m=[32m"true"[39m
                [33mclass[39m=[32m"lucide lucide-house mr-2 h-4 w-4"[39m
                [33mfill[39m=[32m"none"[39m
                [33mheight[39m=[32m"24"[39m
                [33mstroke[39m=[32m"currentColor"[39m
                [33mstroke-linecap[39m=[32m"round"[39m
                [33mstroke-linejoin[39m=[32m"round"[39m
                [33mstroke-width[39m=[32m"2"[39m
                [33mviewBox[39m=[32m"0 0 24 24"[39m
                [33mwidth[39m=[32m"24"[39m
                [33mxmlns[39m=[32m"http://www.w3.org/2000/svg"[39m
              [36m>[39m
                [36m<path[39m
                  [33md[39m=[32m"M15 21v-8a1 1 0 0 0-1-1h-4a1 1 0 0 0-1 1v8"[39m
                [36m/>[39m
                [36m<path[39m
                  [33md[39m=[32m"M3 10a2 2 0 0 1 .709-1.528l7-6a2 2 0 0 1 2.582 0l7 6A2 2 0 0 1 21 10v9a2 2 0 0 1-2 2H5a2 2 0 0 1-2-2z"[39m
                [36m/>[39m
              [36m</svg>[39m
              [0m홈으로 돌아가기[0m
            [36m</button>[39m
          [36m</div>[39m
          [36m<p[39m
            [33mclass[39m=[32m"text-xs text-center text-muted-foreground"[39m
          [36m>[39m
            [0m문제가 계속되면 관리자에게 문의하세요.[0m
            [36m<span[39m
              [33mclass[39m=[32m"block mt-1"[39m
            [36m>[39m
              [0m에러 코드: [0m
              [0mError[0m
            [36m</span>[39m
          [36m</p>[39m
        [36m</div>[39m
      [36m</div>[39m
    [36m</div>[39m
  [36m</div>[39m
[36m</body>[39m
[90m [2m❯[22m Object.getElementError node_modules/@testing-library/dom/dist/config.js:[2m37:19[22m[39m
[90m [2m❯[22m node_modules/@testing-library/dom/dist/query-helpers.js:[2m76:38[22m[39m
[90m [2m❯[22m node_modules/@testing-library/dom/dist/query-helpers.js:[2m52:17[22m[39m
[90m [2m❯[22m node_modules/@testing-library/dom/dist/query-helpers.js:[2m95:19[22m[39m
[36m [2m❯[22m src/components/__tests__/error-boundary.test.tsx:[2m53:21[22m[39m
    [90m 51| [39m
    [90m 52| [39m      [34mexpect[39m(screen[33m.[39m[34mgetByText[39m([36m/오류가 발생했습니다/[39m))[33m.[39m[34mtoBeInTheDocument[39m()[33m;[39m
    [90m 53| [39m      [34mexpect[39m(screen[33m.[39m[34mgetByText[39m([36m/앱 실행 중 문제가 발생/[39m))[33m.[39m[34mtoBeInTheDocument[39m()[33m;[39m
    [90m   | [39m                    [31m^[39m
    [90m 54| [39m    })[33m;[39m
    [90m 55| [39m

[31m[2m⎯⎯⎯⎯⎯⎯⎯⎯⎯⎯⎯⎯⎯⎯⎯⎯⎯⎯⎯⎯⎯⎯[6/143]⎯[22m[39m

[41m[1m FAIL [22m[49m src/components/__tests__/error-boundary.test.tsx[2m > [22mAuthErrorBoundary[2m > [22mError Handling[2m > [22mshould handle Firebase errors specially
[31m[1mTestingLibraryElementError[22m[39m: Unable to find an element with the text: /인증 오류가 발생했습니다/. This could be because the text is broken up by multiple elements. In this case, you can provide a function for your text matcher to make your matcher more flexible.

Ignored nodes: comments, script, style
[36m<body>[39m
  [36m<div>[39m
    [36m<div[39m
      [33mclass[39m=[32m"flex min-h-screen items-center justify-center p-4 bg-slate-50"[39m
    [36m>[39m
      [36m<div[39m
        [33mclass[39m=[32m"rounded-lg border bg-card text-card-foreground shadow-sm max-w-md w-full"[39m
      [36m>[39m
        [36m<div[39m
          [33mclass[39m=[32m"flex flex-col space-y-1.5 p-6 text-center"[39m
        [36m>[39m
          [36m<div[39m
            [33mclass[39m=[32m"flex justify-center mb-4"[39m
          [36m>[39m
            [36m<div[39m
              [33mclass[39m=[32m"rounded-full bg-red-100 p-3"[39m
            [36m>[39m
              [36m<svg[39m
                [33maria-hidden[39m=[32m"true"[39m
                [33mclass[39m=[32m"lucide lucide-shield h-10 w-10 text-red-600"[39m
                [33mfill[39m=[32m"none"[39m
                [33mheight[39m=[32m"24"[39m
                [33mstroke[39m=[32m"currentColor"[39m
                [33mstroke-linecap[39m=[32m"round"[39m
                [33mstroke-linejoin[39m=[32m"round"[39m
                [33mstroke-width[39m=[32m"2"[39m
                [33mviewBox[39m=[32m"0 0 24 24"[39m
                [33mwidth[39m=[32m"24"[39m
                [33mxmlns[39m=[32m"http://www.w3.org/2000/svg"[39m
              [36m>[39m
                [36m<path[39m
                  [33md[39m=[32m"M20 13c0 5-3.5 7.5-7.66 8.95a1 1 0 0 1-.67-.01C7.5 20.5 4 18 4 13V6a1 1 0 0 1 1-1c2 0 4.5-1.2 6.24-2.72a1.17 1.17 0 0 1 1.52 0C14.51 3.81 17 5 19 5a1 1 0 0 1 1 1z"[39m
                [36m/>[39m
              [36m</svg>[39m
            [36m</div>[39m
          [36m</div>[39m
          [36m<div[39m
            [33mclass[39m=[32m"font-semibold tracking-tight text-2xl"[39m
          [36m>[39m
            [0m인증 오류[0m
          [36m</div>[39m
          [36m<div[39m
            [33mclass[39m=[32m"text-sm text-muted-foreground"[39m
          [36m>[39m
            [0m인증 정보를 확인할 수 없습니다. 다시 로그인해주세요.[0m
          [36m</div>[39m
        [36m</div>[39m
        [36m<div[39m
          [33mclass[39m=[32m"p-6 pt-0 space-y-4"[39m
        [36m>[39m
          [36m<div[39m
            [33mclass[39m=[32m"flex flex-col gap-2"[39m
          [36m>[39m
            [36m<button[39m
              [33mclass[39m=[32m"inline-flex items-center justify-center gap-2 whitespace-nowrap rounded-md text-sm font-medium ring-offset-background transition-colors focus-visible:outline-none focus-visible:ring-2 focus-visible:ring-ring focus-visible:ring-offset-2 disabled:pointer-events-none disabled:opacity-50 [&_svg]:pointer-events-none [&_svg]:size-4 [&_svg]:shrink-0 bg-primary text-primary-foreground hover:bg-primary/90 h-10 px-4 py-2 w-full"[39m
            [36m>[39m
              [36m<svg[39m
                [33maria-hidden[39m=[32m"true"[39m
                [33mclass[39m=[32m"lucide lucide-shield mr-2 h-4 w-4"[39m
                [33mfill[39m=[32m"none"[39m
                [33mheight[39m=[32m"24"[39m
                [33mstroke[39m=[32m"currentColor"[39m
                [33mstroke-linecap[39m=[32m"round"[39m
                [33mstroke-linejoin[39m=[32m"round"[39m
                [33mstroke-width[39m=[32m"2"[39m
                [33mviewBox[39m=[32m"0 0 24 24"[39m
                [33mwidth[39m=[32m"24"[39m
                [33mxmlns[39m=[32m"http://www.w3.org/2000/svg"[39m
              [36m>[39m
                [36m<path[39m
                  [33md[39m=[32m"M20 13c0 5-3.5 7.5-7.66 8.95a1 1 0 0 1-.67-.01C7.5 20.5 4 18 4 13V6a1 1 0 0 1 1-1c2 0 4.5-1.2 6.24-2.72a1.17 1.17 0 0 1 1.52 0C14.51 3.81 17 5 19 5a1 1 0 0 1 1 1z"[39m
                [36m/>[39m
              [36m</svg>[39m
              [0m다시 로그인[0m
            [36m</button>[39m
            [36m<button[39m
              [33mclass[39m=[32m"inline-flex items-center justify-center gap-2 whitespace-nowrap rounded-md text-sm font-medium ring-offset-background transition-colors focus-visible:outline-none focus-visible:ring-2 focus-visible:ring-ring focus-visible:ring-offset-2 disabled:pointer-events-none disabled:opacity-50 [&_svg]:pointer-events-none [&_svg]:size-4 [&_svg]:shrink-0 border border-input bg-background hover:bg-accent hover:text-accent-foreground h-10 px-4 py-2 w-full"[39m
            [36m>[39m
              [36m<svg[39m
                [33maria-hidden[39m=[32m"true"[39m
                [33mclass[39m=[32m"lucide lucide-refresh-ccw mr-2 h-4 w-4"[39m
                [33mfill[39m=[32m"none"[39m
                [33mheight[39m=[32m"24"[39m
                [33mstroke[39m=[32m"currentColor"[39m
                [33mstroke-linecap[39m=[32m"round"[39m
                [33mstroke-linejoin[39m=[32m"round"[39m
                [33mstroke-width[39m=[32m"2"[39m
                [33mviewBox[39m=[32m"0 0 24 24"[39m
                [33mwidth[39m=[32m"24"[39m
                [33mxmlns[39m=[32m"http://www.w3.org/2000/svg"[39m
              [36m>[39m
                [36m<path[39m
                  [33md[39m=[32m"M21 12a9 9 0 0 0-9-9 9.75 9.75 0 0 0-6.74 2.74L3 8"[39m
                [36m/>[39m
                [36m<path[39m
                  [33md[39m=[32m"M3 3v5h5"[39m
                [36m/>[39m
                [36m<path[39m
                  [33md[39m=[32m"M3 12a9 9 0 0 0 9 9 9.75 9.75 0 0 0 6.74-2.74L21 16"[39m
                [36m/>[39m
                [36m<path[39m
                  [33md[39m=[32m"M16 16h5v5"[39m
                [36m/>[39m
              [36m</svg>[39m
              [0m다시 시도[0m
            [36m</button>[39m
          [36m</div>[39m
          [36m<p[39m
            [33mclass[39m=[32m"text-xs text-center text-muted-foreground"[39m
          [36m>[39m
            [0m문제가 계속되면 관리자에게 문의하세요.[0m
            [36m<span[39m
              [33mclass[39m=[32m"block mt-1"[39m
            [36m>[39m
              [0m에러 코드: [0m
              [0mError[0m
            [36m</span>[39m
          [36m</p>[39m
        [36m</div>[39m
      [36m</div>[39m
    [36m</div>[39m
  [36m</div>[39m
[36m</body>[39m
[90m [2m❯[22m Object.getElementError node_modules/@testing-library/dom/dist/config.js:[2m37:19[22m[39m
[90m [2m❯[22m node_modules/@testing-library/dom/dist/query-helpers.js:[2m76:38[22m[39m
[90m [2m❯[22m node_modules/@testing-library/dom/dist/query-helpers.js:[2m52:17[22m[39m
[90m [2m❯[22m node_modules/@testing-library/dom/dist/query-helpers.js:[2m95:19[22m[39m
[36m [2m❯[22m src/components/__tests__/error-boundary.test.tsx:[2m88:21[22m[39m
    [90m 86| [39m      )[33m;[39m
    [90m 87| [39m
    [90m 88| [39m      [34mexpect[39m(screen[33m.[39m[34mgetByText[39m([36m/인증 오류가 발생했습니다/[39m))[33m.[39m[34mtoBeInTheDocument[39m()[33m;[39m
    [90m   | [39m                    [31m^[39m
    [90m 89| [39m      expect(screen.getByText(/Firebase 인증 중 문제가 발생/)).toBeInTheDocume…
    [90m 90| [39m    })[33m;[39m

[31m[2m⎯⎯⎯⎯⎯⎯⎯⎯⎯⎯⎯⎯⎯⎯⎯⎯⎯⎯⎯⎯⎯⎯[7/143]⎯[22m[39m

[41m[1m FAIL [22m[49m src/components/__tests__/error-boundary.test.tsx[2m > [22mAuthErrorBoundary[2m > [22mError Handling[2m > [22mshould handle authentication errors
[31m[1mTestingLibraryElementError[22m[39m: Unable to find an element with the text: /인증 오류가 발생했습니다/. This could be because the text is broken up by multiple elements. In this case, you can provide a function for your text matcher to make your matcher more flexible.

Ignored nodes: comments, script, style
[36m<body>[39m
  [36m<div>[39m
    [36m<div[39m
      [33mclass[39m=[32m"flex min-h-screen items-center justify-center p-4 bg-slate-50"[39m
    [36m>[39m
      [36m<div[39m
        [33mclass[39m=[32m"rounded-lg border bg-card text-card-foreground shadow-sm max-w-md w-full"[39m
      [36m>[39m
        [36m<div[39m
          [33mclass[39m=[32m"flex flex-col space-y-1.5 p-6 text-center"[39m
        [36m>[39m
          [36m<div[39m
            [33mclass[39m=[32m"flex justify-center mb-4"[39m
          [36m>[39m
            [36m<div[39m
              [33mclass[39m=[32m"rounded-full bg-red-100 p-3"[39m
            [36m>[39m
              [36m<svg[39m
                [33maria-hidden[39m=[32m"true"[39m
                [33mclass[39m=[32m"lucide lucide-shield h-10 w-10 text-red-600"[39m
                [33mfill[39m=[32m"none"[39m
                [33mheight[39m=[32m"24"[39m
                [33mstroke[39m=[32m"currentColor"[39m
                [33mstroke-linecap[39m=[32m"round"[39m
                [33mstroke-linejoin[39m=[32m"round"[39m
                [33mstroke-width[39m=[32m"2"[39m
                [33mviewBox[39m=[32m"0 0 24 24"[39m
                [33mwidth[39m=[32m"24"[39m
                [33mxmlns[39m=[32m"http://www.w3.org/2000/svg"[39m
              [36m>[39m
                [36m<path[39m
                  [33md[39m=[32m"M20 13c0 5-3.5 7.5-7.66 8.95a1 1 0 0 1-.67-.01C7.5 20.5 4 18 4 13V6a1 1 0 0 1 1-1c2 0 4.5-1.2 6.24-2.72a1.17 1.17 0 0 1 1.52 0C14.51 3.81 17 5 19 5a1 1 0 0 1 1 1z"[39m
                [36m/>[39m
              [36m</svg>[39m
            [36m</div>[39m
          [36m</div>[39m
          [36m<div[39m
            [33mclass[39m=[32m"font-semibold tracking-tight text-2xl"[39m
          [36m>[39m
            [0m인증 오류[0m
          [36m</div>[39m
          [36m<div[39m
            [33mclass[39m=[32m"text-sm text-muted-foreground"[39m
          [36m>[39m
            [0m인증 정보를 확인할 수 없습니다. 다시 로그인해주세요.[0m
          [36m</div>[39m
        [36m</div>[39m
        [36m<div[39m
          [33mclass[39m=[32m"p-6 pt-0 space-y-4"[39m
        [36m>[39m
          [36m<div[39m
            [33mclass[39m=[32m"flex flex-col gap-2"[39m
          [36m>[39m
            [36m<button[39m
              [33mclass[39m=[32m"inline-flex items-center justify-center gap-2 whitespace-nowrap rounded-md text-sm font-medium ring-offset-background transition-colors focus-visible:outline-none focus-visible:ring-2 focus-visible:ring-ring focus-visible:ring-offset-2 disabled:pointer-events-none disabled:opacity-50 [&_svg]:pointer-events-none [&_svg]:size-4 [&_svg]:shrink-0 bg-primary text-primary-foreground hover:bg-primary/90 h-10 px-4 py-2 w-full"[39m
            [36m>[39m
              [36m<svg[39m
                [33maria-hidden[39m=[32m"true"[39m
                [33mclass[39m=[32m"lucide lucide-shield mr-2 h-4 w-4"[39m
                [33mfill[39m=[32m"none"[39m
                [33mheight[39m=[32m"24"[39m
                [33mstroke[39m=[32m"currentColor"[39m
                [33mstroke-linecap[39m=[32m"round"[39m
                [33mstroke-linejoin[39m=[32m"round"[39m
                [33mstroke-width[39m=[32m"2"[39m
                [33mviewBox[39m=[32m"0 0 24 24"[39m
                [33mwidth[39m=[32m"24"[39m
                [33mxmlns[39m=[32m"http://www.w3.org/2000/svg"[39m
              [36m>[39m
                [36m<path[39m
                  [33md[39m=[32m"M20 13c0 5-3.5 7.5-7.66 8.95a1 1 0 0 1-.67-.01C7.5 20.5 4 18 4 13V6a1 1 0 0 1 1-1c2 0 4.5-1.2 6.24-2.72a1.17 1.17 0 0 1 1.52 0C14.51 3.81 17 5 19 5a1 1 0 0 1 1 1z"[39m
                [36m/>[39m
              [36m</svg>[39m
              [0m다시 로그인[0m
            [36m</button>[39m
            [36m<button[39m
              [33mclass[39m=[32m"inline-flex items-center justify-center gap-2 whitespace-nowrap rounded-md text-sm font-medium ring-offset-background transition-colors focus-visible:outline-none focus-visible:ring-2 focus-visible:ring-ring focus-visible:ring-offset-2 disabled:pointer-events-none disabled:opacity-50 [&_svg]:pointer-events-none [&_svg]:size-4 [&_svg]:shrink-0 border border-input bg-background hover:bg-accent hover:text-accent-foreground h-10 px-4 py-2 w-full"[39m
            [36m>[39m
              [36m<svg[39m
                [33maria-hidden[39m=[32m"true"[39m
                [33mclass[39m=[32m"lucide lucide-refresh-ccw mr-2 h-4 w-4"[39m
                [33mfill[39m=[32m"none"[39m
                [33mheight[39m=[32m"24"[39m
                [33mstroke[39m=[32m"currentColor"[39m
                [33mstroke-linecap[39m=[32m"round"[39m
                [33mstroke-linejoin[39m=[32m"round"[39m
                [33mstroke-width[39m=[32m"2"[39m
                [33mviewBox[39m=[32m"0 0 24 24"[39m
                [33mwidth[39m=[32m"24"[39m
                [33mxmlns[39m=[32m"http://www.w3.org/2000/svg"[39m
              [36m>[39m
                [36m<path[39m
                  [33md[39m=[32m"M21 12a9 9 0 0 0-9-9 9.75 9.75 0 0 0-6.74 2.74L3 8"[39m
                [36m/>[39m
                [36m<path[39m
                  [33md[39m=[32m"M3 3v5h5"[39m
                [36m/>[39m
                [36m<path[39m
                  [33md[39m=[32m"M3 12a9 9 0 0 0 9 9 9.75 9.75 0 0 0 6.74-2.74L21 16"[39m
                [36m/>[39m
                [36m<path[39m
                  [33md[39m=[32m"M16 16h5v5"[39m
                [36m/>[39m
              [36m</svg>[39m
              [0m다시 시도[0m
            [36m</button>[39m
          [36m</div>[39m
          [36m<p[39m
            [33mclass[39m=[32m"text-xs text-center text-muted-foreground"[39m
          [36m>[39m
            [0m문제가 계속되면 관리자에게 문의하세요.[0m
            [36m<span[39m
              [33mclass[39m=[32m"block mt-1"[39m
            [36m>[39m
              [0m에러 코드: [0m
              [0mError[0m
            [36m</span>[39m
          [36m</p>[39m
        [36m</div>[39m
      [36m</div>[39m
    [36m</div>[39m
  [36m</div>[39m
[36m</body>[39m
[90m [2m❯[22m Object.getElementError node_modules/@testing-library/dom/dist/config.js:[2m37:19[22m[39m
[90m [2m❯[22m node_modules/@testing-library/dom/dist/query-helpers.js:[2m76:38[22m[39m
[90m [2m❯[22m node_modules/@testing-library/dom/dist/query-helpers.js:[2m52:17[22m[39m
[90m [2m❯[22m node_modules/@testing-library/dom/dist/query-helpers.js:[2m95:19[22m[39m
[36m [2m❯[22m src/components/__tests__/error-boundary.test.tsx:[2m104:21[22m[39m
    [90m102| [39m      )[33m;[39m
    [90m103| [39m
    [90m104| [39m      [34mexpect[39m(screen[33m.[39m[34mgetByText[39m([36m/인증 오류가 발생했습니다/[39m))[33m.[39m[34mtoBeInTheDocument[39m()[33m;[39m
    [90m   | [39m                    [31m^[39m
    [90m105| [39m    })[33m;[39m
    [90m106| [39m

[31m[2m⎯⎯⎯⎯⎯⎯⎯⎯⎯⎯⎯⎯⎯⎯⎯⎯⎯⎯⎯⎯⎯⎯[8/143]⎯[22m[39m

[41m[1m FAIL [22m[49m src/components/__tests__/error-boundary.test.tsx[2m > [22mAuthErrorBoundary[2m > [22mError Recovery[2m > [22mshould reset error state when retry button is clicked
[31m[1mTestingLibraryElementError[22m[39m: Unable to find an element with the text: Recovered Component. This could be because the text is broken up by multiple elements. In this case, you can provide a function for your text matcher to make your matcher more flexible.

Ignored nodes: comments, script, style
[36m<body>[39m
  [36m<div>[39m
    [36m<div[39m
      [33mclass[39m=[32m"flex min-h-screen items-center justify-center p-4 bg-slate-50"[39m
    [36m>[39m
      [36m<div[39m
        [33mclass[39m=[32m"rounded-lg border bg-card text-card-foreground shadow-sm max-w-md w-full"[39m
      [36m>[39m
        [36m<div[39m
          [33mclass[39m=[32m"flex flex-col space-y-1.5 p-6 text-center"[39m
        [36m>[39m
          [36m<div[39m
            [33mclass[39m=[32m"flex justify-center mb-4"[39m
          [36m>[39m
            [36m<div[39m
              [33mclass[39m=[32m"rounded-full bg-red-100 p-3"[39m
            [36m>[39m
              [36m<svg[39m
                [33maria-hidden[39m=[32m"true"[39m
                [33mclass[39m=[32m"lucide lucide-circle-alert h-10 w-10 text-red-600"[39m
                [33mfill[39m=[32m"none"[39m
                [33mheight[39m=[32m"24"[39m
                [33mstroke[39m=[32m"currentColor"[39m
                [33mstroke-linecap[39m=[32m"round"[39m
                [33mstroke-linejoin[39m=[32m"round"[39m
                [33mstroke-width[39m=[32m"2"[39m
                [33mviewBox[39m=[32m"0 0 24 24"[39m
                [33mwidth[39m=[32m"24"[39m
                [33mxmlns[39m=[32m"http://www.w3.org/2000/svg"[39m
              [36m>[39m
                [36m<circle[39m
                  [33mcx[39m=[32m"12"[39m
                  [33mcy[39m=[32m"12"[39m
                  [33mr[39m=[32m"10"[39m
                [36m/>[39m
                [36m<line[39m
                  [33mx1[39m=[32m"12"[39m
                  [33mx2[39m=[32m"12"[39m
                  [33my1[39m=[32m"8"[39m
                  [33my2[39m=[32m"12"[39m
                [36m/>[39m
                [36m<line[39m
                  [33mx1[39m=[32m"12"[39m
                  [33mx2[39m=[32m"12.01"[39m
                  [33my1[39m=[32m"16"[39m
                  [33my2[39m=[32m"16"[39m
                [36m/>[39m
              [36m</svg>[39m
            [36m</div>[39m
          [36m</div>[39m
          [36m<div[39m
            [33mclass[39m=[32m"font-semibold tracking-tight text-2xl"[39m
          [36m>[39m
            [0m문제가 발생했습니다[0m
          [36m</div>[39m
          [36m<div[39m
            [33mclass[39m=[32m"text-sm text-muted-foreground"[39m
          [36m>[39m
            [0m일시적인 오류가 발생했습니다. 잠시 후 다시 시도해주세요.[0m
          [36m</div>[39m
        [36m</div>[39m
        [36m<div[39m
          [33mclass[39m=[32m"p-6 pt-0 space-y-4"[39m
        [36m>[39m
          [36m<div[39m
            [33mclass[39m=[32m"flex flex-col gap-2"[39m
          [36m>[39m
            [36m<button[39m
              [33mclass[39m=[32m"inline-flex items-center justify-center gap-2 whitespace-nowrap rounded-md text-sm font-medium ring-offset-background transition-colors focus-visible:outline-none focus-visible:ring-2 focus-visible:ring-ring focus-visible:ring-offset-2 disabled:pointer-events-none disabled:opacity-50 [&_svg]:pointer-events-none [&_svg]:size-4 [&_svg]:shrink-0 bg-primary text-primary-foreground hover:bg-primary/90 h-10 px-4 py-2 w-full"[39m
            [36m>[39m
              [36m<svg[39m
                [33maria-hidden[39m=[32m"true"[39m
                [33mclass[39m=[32m"lucide lucide-refresh-ccw mr-2 h-4 w-4"[39m
                [33mfill[39m=[32m"none"[39m
                [33mheight[39m=[32m"24"[39m
                [33mstroke[39m=[32m"currentColor"[39m
                [33mstroke-linecap[39m=[32m"round"[39m
                [33mstroke-linejoin[39m=[32m"round"[39m
                [33mstroke-width[39m=[32m"2"[39m
                [33mviewBox[39m=[32m"0 0 24 24"[39m
                [33mwidth[39m=[32m"24"[39m
                [33mxmlns[39m=[32m"http://www.w3.org/2000/svg"[39m
              [36m>[39m
                [36m<path[39m
                  [33md[39m=[32m"M21 12a9 9 0 0 0-9-9 9.75 9.75 0 0 0-6.74 2.74L3 8"[39m
                [36m/>[39m
                [36m<path[39m
                  [33md[39m=[32m"M3 3v5h5"[39m
                [36m/>[39m
                [36m<path[39m
                  [33md[39m=[32m"M3 12a9 9 0 0 0 9 9 9.75 9.75 0 0 0 6.74-2.74L21 16"[39m
                [36m/>[39m
                [36m<path[39m
                  [33md[39m=[32m"M16 16h5v5"[39m
                [36m/>[39m
              [36m</svg>[39m
              [0m다시 시도[0m
            [36m</button>[39m
            [36m<button[39m
              [33mclass[39m=[32m"inline-flex items-center justify-center gap-2 whitespace-nowrap rounded-md text-sm font-medium ring-offset-background transition-colors focus-visible:outline-none focus-visible:ring-2 focus-visible:ring-ring focus-visible:ring-offset-2 disabled:pointer-events-none disabled:opacity-50 [&_svg]:pointer-events-none [&_svg]:size-4 [&_svg]:shrink-0 border border-input bg-background hover:bg-accent hover:text-accent-foreground h-10 px-4 py-2 w-full"[39m
            [36m>[39m
              [36m<svg[39m
                [33maria-hidden[39m=[32m"true"[39m
                [33mclass[39m=[32m"lucide lucide-house mr-2 h-4 w-4"[39m
                [33mfill[39m=[32m"none"[39m
                [33mheight[39m=[32m"24"[39m
                [33mstroke[39m=[32m"currentColor"[39m
                [33mstroke-linecap[39m=[32m"round"[39m
                [33mstroke-linejoin[39m=[32m"round"[39m
                [33mstroke-width[39m=[32m"2"[39m
                [33mviewBox[39m=[32m"0 0 24 24"[39m
                [33mwidth[39m=[32m"24"[39m
                [33mxmlns[39m=[32m"http://www.w3.org/2000/svg"[39m
              [36m>[39m
                [36m<path[39m
                  [33md[39m=[32m"M15 21v-8a1 1 0 0 0-1-1h-4a1 1 0 0 0-1 1v8"[39m
                [36m/>[39m
                [36m<path[39m
                  [33md[39m=[32m"M3 10a2 2 0 0 1 .709-1.528l7-6a2 2 0 0 1 2.582 0l7 6A2 2 0 0 1 21 10v9a2 2 0 0 1-2 2H5a2 2 0 0 1-2-2z"[39m
                [36m/>[39m
              [36m</svg>[39m
              [0m홈으로 돌아가기[0m
            [36m</button>[39m
          [36m</div>[39m
          [36m<p[39m
            [33mclass[39m=[32m"text-xs text-center text-muted-foreground"[39m
          [36m>[39m
            [0m문제가 계속되면 관리자에게 문의하세요.[0m
            [36m<span[39m
              [33mclass[39m=[32m"block mt-1"[39m
            [36m>[39m
              [0m에러 코드: [0m
              [0mError[0m
            [36m</span>[39m
          [36m</p>[39m
        [36m</div>[39m
      [36m</div>[39m
    [36m</div>[39m
  [36m</div>[39m
[36m</body>[39m
[90m [2m❯[22m Object.getElementError node_modules/@testing-library/dom/dist/config.js:[2m37:19[22m[39m
[90m [2m❯[22m node_modules/@testing-library/dom/dist/query-helpers.js:[2m76:38[22m[39m
[90m [2m❯[22m node_modules/@testing-library/dom/dist/query-helpers.js:[2m52:17[22m[39m
[90m [2m❯[22m node_modules/@testing-library/dom/dist/query-helpers.js:[2m95:19[22m[39m
[36m [2m❯[22m src/components/__tests__/error-boundary.test.tsx:[2m155:21[22m[39m
    [90m153| [39m      )[33m;[39m
    [90m154| [39m
    [90m155| [39m      expect(screen.getByText('Recovered Component')).toBeInTheDocumen…
    [90m   | [39m                    [31m^[39m
    [90m156| [39m    })[33m;[39m
    [90m157| [39m

[31m[2m⎯⎯⎯⎯⎯⎯⎯⎯⎯⎯⎯⎯⎯⎯⎯⎯⎯⎯⎯⎯⎯⎯[9/143]⎯[22m[39m

[41m[1m FAIL [22m[49m src/components/__tests__/error-boundary.test.tsx[2m > [22mAuthErrorBoundary[2m > [22mError Recovery[2m > [22mshould go home when home button is clicked
[31m[1mTestingLibraryElementError[22m[39m: Unable to find an element with the text: 홈으로. This could be because the text is broken up by multiple elements. In this case, you can provide a function for your text matcher to make your matcher more flexible.

Ignored nodes: comments, script, style
[36m<body>[39m
  [36m<div>[39m
    [36m<div[39m
      [33mclass[39m=[32m"flex min-h-screen items-center justify-center p-4 bg-slate-50"[39m
    [36m>[39m
      [36m<div[39m
        [33mclass[39m=[32m"rounded-lg border bg-card text-card-foreground shadow-sm max-w-md w-full"[39m
      [36m>[39m
        [36m<div[39m
          [33mclass[39m=[32m"flex flex-col space-y-1.5 p-6 text-center"[39m
        [36m>[39m
          [36m<div[39m
            [33mclass[39m=[32m"flex justify-center mb-4"[39m
          [36m>[39m
            [36m<div[39m
              [33mclass[39m=[32m"rounded-full bg-red-100 p-3"[39m
            [36m>[39m
              [36m<svg[39m
                [33maria-hidden[39m=[32m"true"[39m
                [33mclass[39m=[32m"lucide lucide-circle-alert h-10 w-10 text-red-600"[39m
                [33mfill[39m=[32m"none"[39m
                [33mheight[39m=[32m"24"[39m
                [33mstroke[39m=[32m"currentColor"[39m
                [33mstroke-linecap[39m=[32m"round"[39m
                [33mstroke-linejoin[39m=[32m"round"[39m
                [33mstroke-width[39m=[32m"2"[39m
                [33mviewBox[39m=[32m"0 0 24 24"[39m
                [33mwidth[39m=[32m"24"[39m
                [33mxmlns[39m=[32m"http://www.w3.org/2000/svg"[39m
              [36m>[39m
                [36m<circle[39m
                  [33mcx[39m=[32m"12"[39m
                  [33mcy[39m=[32m"12"[39m
                  [33mr[39m=[32m"10"[39m
                [36m/>[39m
                [36m<line[39m
                  [33mx1[39m=[32m"12"[39m
                  [33mx2[39m=[32m"12"[39m
                  [33my1[39m=[32m"8"[39m
                  [33my2[39m=[32m"12"[39m
                [36m/>[39m
                [36m<line[39m
                  [33mx1[39m=[32m"12"[39m
                  [33mx2[39m=[32m"12.01"[39m
                  [33my1[39m=[32m"16"[39m
                  [33my2[39m=[32m"16"[39m
                [36m/>[39m
              [36m</svg>[39m
            [36m</div>[39m
          [36m</div>[39m
          [36m<div[39m
            [33mclass[39m=[32m"font-semibold tracking-tight text-2xl"[39m
          [36m>[39m
            [0m문제가 발생했습니다[0m
          [36m</div>[39m
          [36m<div[39m
            [33mclass[39m=[32m"text-sm text-muted-foreground"[39m
          [36m>[39m
            [0m일시적인 오류가 발생했습니다. 잠시 후 다시 시도해주세요.[0m
          [36m</div>[39m
        [36m</div>[39m
        [36m<div[39m
          [33mclass[39m=[32m"p-6 pt-0 space-y-4"[39m
        [36m>[39m
          [36m<div[39m
            [33mclass[39m=[32m"flex flex-col gap-2"[39m
          [36m>[39m
            [36m<button[39m
              [33mclass[39m=[32m"inline-flex items-center justify-center gap-2 whitespace-nowrap rounded-md text-sm font-medium ring-offset-background transition-colors focus-visible:outline-none focus-visible:ring-2 focus-visible:ring-ring focus-visible:ring-offset-2 disabled:pointer-events-none disabled:opacity-50 [&_svg]:pointer-events-none [&_svg]:size-4 [&_svg]:shrink-0 bg-primary text-primary-foreground hover:bg-primary/90 h-10 px-4 py-2 w-full"[39m
            [36m>[39m
              [36m<svg[39m
                [33maria-hidden[39m=[32m"true"[39m
                [33mclass[39m=[32m"lucide lucide-refresh-ccw mr-2 h-4 w-4"[39m
                [33mfill[39m=[32m"none"[39m
                [33mheight[39m=[32m"24"[39m
                [33mstroke[39m=[32m"currentColor"[39m
                [33mstroke-linecap[39m=[32m"round"[39m
                [33mstroke-linejoin[39m=[32m"round"[39m
                [33mstroke-width[39m=[32m"2"[39m
                [33mviewBox[39m=[32m"0 0 24 24"[39m
                [33mwidth[39m=[32m"24"[39m
                [33mxmlns[39m=[32m"http://www.w3.org/2000/svg"[39m
              [36m>[39m
                [36m<path[39m
                  [33md[39m=[32m"M21 12a9 9 0 0 0-9-9 9.75 9.75 0 0 0-6.74 2.74L3 8"[39m
                [36m/>[39m
                [36m<path[39m
                  [33md[39m=[32m"M3 3v5h5"[39m
                [36m/>[39m
                [36m<path[39m
                  [33md[39m=[32m"M3 12a9 9 0 0 0 9 9 9.75 9.75 0 0 0 6.74-2.74L21 16"[39m
                [36m/>[39m
                [36m<path[39m
                  [33md[39m=[32m"M16 16h5v5"[39m
                [36m/>[39m
              [36m</svg>[39m
              [0m다시 시도[0m
            [36m</button>[39m
            [36m<button[39m
              [33mclass[39m=[32m"inline-flex items-center justify-center gap-2 whitespace-nowrap rounded-md text-sm font-medium ring-offset-background transition-colors focus-visible:outline-none focus-visible:ring-2 focus-visible:ring-ring focus-visible:ring-offset-2 disabled:pointer-events-none disabled:opacity-50 [&_svg]:pointer-events-none [&_svg]:size-4 [&_svg]:shrink-0 border border-input bg-background hover:bg-accent hover:text-accent-foreground h-10 px-4 py-2 w-full"[39m
            [36m>[39m
              [36m<svg[39m
                [33maria-hidden[39m=[32m"true"[39m
                [33mclass[39m=[32m"lucide lucide-house mr-2 h-4 w-4"[39m
                [33mfill[39m=[32m"none"[39m
                [33mheight[39m=[32m"24"[39m
                [33mstroke[39m=[32m"currentColor"[39m
                [33mstroke-linecap[39m=[32m"round"[39m
                [33mstroke-linejoin[39m=[32m"round"[39m
                [33mstroke-width[39m=[32m"2"[39m
                [33mviewBox[39m=[32m"0 0 24 24"[39m
                [33mwidth[39m=[32m"24"[39m
                [33mxmlns[39m=[32m"http://www.w3.org/2000/svg"[39m
              [36m>[39m
                [36m<path[39m
                  [33md[39m=[32m"M15 21v-8a1 1 0 0 0-1-1h-4a1 1 0 0 0-1 1v8"[39m
                [36m/>[39m
                [36m<path[39m
                  [33md[39m=[32m"M3 10a2 2 0 0 1 .709-1.528l7-6a2 2 0 0 1 2.582 0l7 6A2 2 0 0 1 21 10v9a2 2 0 0 1-2 2H5a2 2 0 0 1-2-2z"[39m
                [36m/>[39m
              [36m</svg>[39m
              [0m홈으로 돌아가기[0m
            [36m</button>[39m
          [36m</div>[39m
          [36m<p[39m
            [33mclass[39m=[32m"text-xs text-center text-muted-foreground"[39m
          [36m>[39m
            [0m문제가 계속되면 관리자에게 문의하세요.[0m
            [36m<span[39m
              [33mclass[39m=[32m"block mt-1"[39m
            [36m>[39m
              [0m에러 코드: [0m
              [0mError[0m
            [36m</span>[39m
          [36m</p>[39m
        [36m</div>[39m
      [36m</div>[39m
    [36m</div>[39m
  [36m</div>[39m
[36m</body>[39m
[90m [2m❯[22m Object.getElementError node_modules/@testing-library/dom/dist/config.js:[2m37:19[22m[39m
[90m [2m❯[22m node_modules/@testing-library/dom/dist/query-helpers.js:[2m76:38[22m[39m
[90m [2m❯[22m node_modules/@testing-library/dom/dist/query-helpers.js:[2m52:17[22m[39m
[90m [2m❯[22m node_modules/@testing-library/dom/dist/query-helpers.js:[2m95:19[22m[39m
[36m [2m❯[22m src/components/__tests__/error-boundary.test.tsx:[2m176:33[22m[39m
    [90m174| [39m      )[33m;[39m
    [90m175| [39m
    [90m176| [39m      [35mconst[39m homeButton [33m=[39m screen[33m.[39m[34mgetByText[39m([32m'홈으로'[39m)[33m;[39m
    [90m   | [39m                                [31m^[39m
    [90m177| [39m      fireEvent[33m.[39m[34mclick[39m(homeButton)[33m;[39m
    [90m178| [39m

[31m[2m⎯⎯⎯⎯⎯⎯⎯⎯⎯⎯⎯⎯⎯⎯⎯⎯⎯⎯⎯⎯⎯[10/143]⎯[22m[39m

[41m[1m FAIL [22m[49m src/components/__tests__/error-boundary.test.tsx[2m > [22mAuthErrorBoundary[2m > [22mError Logging[2m > [22mshould log Firebase errors with proper structure
[31m[1mTestingLibraryElementError[22m[39m: Unable to find an element with the text: /인증 오류가 발생했습니다/. This could be because the text is broken up by multiple elements. In this case, you can provide a function for your text matcher to make your matcher more flexible.

Ignored nodes: comments, script, style
[36m<body>[39m
  [36m<div>[39m
    [36m<div[39m
      [33mclass[39m=[32m"flex min-h-screen items-center justify-center p-4 bg-slate-50"[39m
    [36m>[39m
      [36m<div[39m
        [33mclass[39m=[32m"rounded-lg border bg-card text-card-foreground shadow-sm max-w-md w-full"[39m
      [36m>[39m
        [36m<div[39m
          [33mclass[39m=[32m"flex flex-col space-y-1.5 p-6 text-center"[39m
        [36m>[39m
          [36m<div[39m
            [33mclass[39m=[32m"flex justify-center mb-4"[39m
          [36m>[39m
            [36m<div[39m
              [33mclass[39m=[32m"rounded-full bg-red-100 p-3"[39m
            [36m>[39m
              [36m<svg[39m
                [33maria-hidden[39m=[32m"true"[39m
                [33mclass[39m=[32m"lucide lucide-shield h-10 w-10 text-red-600"[39m
                [33mfill[39m=[32m"none"[39m
                [33mheight[39m=[32m"24"[39m
                [33mstroke[39m=[32m"currentColor"[39m
                [33mstroke-linecap[39m=[32m"round"[39m
                [33mstroke-linejoin[39m=[32m"round"[39m
                [33mstroke-width[39m=[32m"2"[39m
                [33mviewBox[39m=[32m"0 0 24 24"[39m
                [33mwidth[39m=[32m"24"[39m
                [33mxmlns[39m=[32m"http://www.w3.org/2000/svg"[39m
              [36m>[39m
                [36m<path[39m
                  [33md[39m=[32m"M20 13c0 5-3.5 7.5-7.66 8.95a1 1 0 0 1-.67-.01C7.5 20.5 4 18 4 13V6a1 1 0 0 1 1-1c2 0 4.5-1.2 6.24-2.72a1.17 1.17 0 0 1 1.52 0C14.51 3.81 17 5 19 5a1 1 0 0 1 1 1z"[39m
                [36m/>[39m
              [36m</svg>[39m
            [36m</div>[39m
          [36m</div>[39m
          [36m<div[39m
            [33mclass[39m=[32m"font-semibold tracking-tight text-2xl"[39m
          [36m>[39m
            [0m인증 오류[0m
          [36m</div>[39m
          [36m<div[39m
            [33mclass[39m=[32m"text-sm text-muted-foreground"[39m
          [36m>[39m
            [0m인증 정보를 확인할 수 없습니다. 다시 로그인해주세요.[0m
          [36m</div>[39m
        [36m</div>[39m
        [36m<div[39m
          [33mclass[39m=[32m"p-6 pt-0 space-y-4"[39m
        [36m>[39m
          [36m<div[39m
            [33mclass[39m=[32m"flex flex-col gap-2"[39m
          [36m>[39m
            [36m<button[39m
              [33mclass[39m=[32m"inline-flex items-center justify-center gap-2 whitespace-nowrap rounded-md text-sm font-medium ring-offset-background transition-colors focus-visible:outline-none focus-visible:ring-2 focus-visible:ring-ring focus-visible:ring-offset-2 disabled:pointer-events-none disabled:opacity-50 [&_svg]:pointer-events-none [&_svg]:size-4 [&_svg]:shrink-0 bg-primary text-primary-foreground hover:bg-primary/90 h-10 px-4 py-2 w-full"[39m
            [36m>[39m
              [36m<svg[39m
                [33maria-hidden[39m=[32m"true"[39m
                [33mclass[39m=[32m"lucide lucide-shield mr-2 h-4 w-4"[39m
                [33mfill[39m=[32m"none"[39m
                [33mheight[39m=[32m"24"[39m
                [33mstroke[39m=[32m"currentColor"[39m
                [33mstroke-linecap[39m=[32m"round"[39m
                [33mstroke-linejoin[39m=[32m"round"[39m
                [33mstroke-width[39m=[32m"2"[39m
                [33mviewBox[39m=[32m"0 0 24 24"[39m
                [33mwidth[39m=[32m"24"[39m
                [33mxmlns[39m=[32m"http://www.w3.org/2000/svg"[39m
              [36m>[39m
                [36m<path[39m
                  [33md[39m=[32m"M20 13c0 5-3.5 7.5-7.66 8.95a1 1 0 0 1-.67-.01C7.5 20.5 4 18 4 13V6a1 1 0 0 1 1-1c2 0 4.5-1.2 6.24-2.72a1.17 1.17 0 0 1 1.52 0C14.51 3.81 17 5 19 5a1 1 0 0 1 1 1z"[39m
                [36m/>[39m
              [36m</svg>[39m
              [0m다시 로그인[0m
            [36m</button>[39m
            [36m<button[39m
              [33mclass[39m=[32m"inline-flex items-center justify-center gap-2 whitespace-nowrap rounded-md text-sm font-medium ring-offset-background transition-colors focus-visible:outline-none focus-visible:ring-2 focus-visible:ring-ring focus-visible:ring-offset-2 disabled:pointer-events-none disabled:opacity-50 [&_svg]:pointer-events-none [&_svg]:size-4 [&_svg]:shrink-0 border border-input bg-background hover:bg-accent hover:text-accent-foreground h-10 px-4 py-2 w-full"[39m
            [36m>[39m
              [36m<svg[39m
                [33maria-hidden[39m=[32m"true"[39m
                [33mclass[39m=[32m"lucide lucide-refresh-ccw mr-2 h-4 w-4"[39m
                [33mfill[39m=[32m"none"[39m
                [33mheight[39m=[32m"24"[39m
                [33mstroke[39m=[32m"currentColor"[39m
                [33mstroke-linecap[39m=[32m"round"[39m
                [33mstroke-linejoin[39m=[32m"round"[39m
                [33mstroke-width[39m=[32m"2"[39m
                [33mviewBox[39m=[32m"0 0 24 24"[39m
                [33mwidth[39m=[32m"24"[39m
                [33mxmlns[39m=[32m"http://www.w3.org/2000/svg"[39m
              [36m>[39m
                [36m<path[39m
                  [33md[39m=[32m"M21 12a9 9 0 0 0-9-9 9.75 9.75 0 0 0-6.74 2.74L3 8"[39m
                [36m/>[39m
                [36m<path[39m
                  [33md[39m=[32m"M3 3v5h5"[39m
                [36m/>[39m
                [36m<path[39m
                  [33md[39m=[32m"M3 12a9 9 0 0 0 9 9 9.75 9.75 0 0 0 6.74-2.74L21 16"[39m
                [36m/>[39m
                [36m<path[39m
                  [33md[39m=[32m"M16 16h5v5"[39m
                [36m/>[39m
              [36m</svg>[39m
              [0m다시 시도[0m
            [36m</button>[39m
          [36m</div>[39m
          [36m<p[39m
            [33mclass[39m=[32m"text-xs text-center text-muted-foreground"[39m
          [36m>[39m
            [0m문제가 계속되면 관리자에게 문의하세요.[0m
            [36m<span[39m
              [33mclass[39m=[32m"block mt-1"[39m
            [36m>[39m
              [0m에러 코드: [0m
              [0mError[0m
            [36m</span>[39m
          [36m</p>[39m
        [36m</div>[39m
      [36m</div>[39m
    [36m</div>[39m
  [36m</div>[39m
[36m</body>[39m
[90m [2m❯[22m Object.getElementError node_modules/@testing-library/dom/dist/config.js:[2m37:19[22m[39m
[90m [2m❯[22m node_modules/@testing-library/dom/dist/query-helpers.js:[2m76:38[22m[39m
[90m [2m❯[22m node_modules/@testing-library/dom/dist/query-helpers.js:[2m52:17[22m[39m
[90m [2m❯[22m node_modules/@testing-library/dom/dist/query-helpers.js:[2m95:19[22m[39m
[36m [2m❯[22m src/components/__tests__/error-boundary.test.tsx:[2m197:21[22m[39m
    [90m195| [39m
    [90m196| [39m      [90m// Should not throw and should handle gracefully[39m
    [90m197| [39m      [34mexpect[39m(screen[33m.[39m[34mgetByText[39m([36m/인증 오류가 발생했습니다/[39m))[33m.[39m[34mtoBeInTheDocument[39m()[33m;[39m
    [90m   | [39m                    [31m^[39m
    [90m198| [39m    })[33m;[39m
    [90m199| [39m

[31m[2m⎯⎯⎯⎯⎯⎯⎯⎯⎯⎯⎯⎯⎯⎯⎯⎯⎯⎯⎯⎯⎯[11/143]⎯[22m[39m

[41m[1m FAIL [22m[49m src/components/__tests__/error-boundary.test.tsx[2m > [22mAuthErrorBoundary[2m > [22mError Logging[2m > [22mshould handle errors in SSR environment
[41m[1m FAIL [22m[49m src/components/__tests__/error-boundary.test.tsx[2m > [22mAuthErrorBoundary[2m > [22mComponent Lifecycle[2m > [22mshould handle multiple errors correctly
[41m[1m FAIL [22m[49m src/components/__tests__/error-boundary.test.tsx[2m > [22mAuthErrorBoundary[2m > [22mComponent Lifecycle[2m > [22mshould preserve error boundary state across re-renders
[41m[1m FAIL [22m[49m src/components/__tests__/error-boundary.test.tsx[2m > [22mAuthErrorBoundary[2m > [22mAccessibility[2m > [22mshould have proper ARIA labels for error state
[41m[1m FAIL [22m[49m src/components/__tests__/error-boundary.test.tsx[2m > [22mAuthErrorBoundary[2m > [22mAccessibility[2m > [22mshould have accessible button labels
[31m[1mReferenceError[22m: window is not defined[39m
[90m [2m❯[22m getCurrentEventPriority node_modules/react-dom/cjs/react-dom.development.js:[2m10993:22[22m[39m
[90m [2m❯[22m requestUpdateLane node_modules/react-dom/cjs/react-dom.development.js:[2m25495:19[22m[39m
[90m [2m❯[22m updateContainer node_modules/react-dom/cjs/react-dom.development.js:[2m28854:14[22m[39m
[90m [2m❯[22m ReactDOMRoot.ReactDOMHydrationRoot.render.ReactDOMRoot.render [as render] node_modules/react-dom/cjs/react-dom.development.js:[2m29353:3[22m[39m
[90m [2m❯[22m Object.render node_modules/@testing-library/react/dist/pure.js:[2m161:12[22m[39m
[90m [2m❯[22m node_modules/@testing-library/react/dist/pure.js:[2m194:12[22m[39m
[90m [2m❯[22m node_modules/@testing-library/react/dist/act-compat.js:[2m48:24[22m[39m
[90m [2m❯[22m act node_modules/react/cjs/react.development.js:[2m2512:16[22m[39m
[90m [2m❯[22m node_modules/@testing-library/react/dist/act-compat.js:[2m47:25[22m[39m
[90m [2m❯[22m renderRoot node_modules/@testing-library/react/dist/pure.js:[2m190:26[22m[39m

[31m[2m⎯⎯⎯⎯⎯⎯⎯⎯⎯⎯⎯⎯⎯⎯⎯⎯⎯⎯⎯⎯⎯[12/143]⎯[22m[39m

[41m[1m FAIL [22m[49m src/components/__tests__/error-boundary.test.tsx[2m > [22mAuthErrorBoundary[2m > [22mError Logging[2m > [22mshould handle errors in SSR environment
[31m[1mReferenceError[22m: window is not defined[39m
[90m [2m❯[22m getActiveElementDeep node_modules/react-dom/cjs/react-dom.development.js:[2m8442:13[22m[39m
[90m [2m❯[22m getSelectionInformation node_modules/react-dom/cjs/react-dom.development.js:[2m8476:21[22m[39m
[90m [2m❯[22m prepareForCommit node_modules/react-dom/cjs/react-dom.development.js:[2m10912:26[22m[39m
[90m [2m❯[22m commitBeforeMutationEffects node_modules/react-dom/cjs/react-dom.development.js:[2m22980:27[22m[39m
[90m [2m❯[22m commitRootImpl node_modules/react-dom/cjs/react-dom.development.js:[2m26840:45[22m[39m
[90m [2m❯[22m commitRoot node_modules/react-dom/cjs/react-dom.development.js:[2m26721:5[22m[39m
[90m [2m❯[22m performSyncWorkOnRoot node_modules/react-dom/cjs/react-dom.development.js:[2m26156:3[22m[39m
[90m [2m❯[22m flushSyncCallbacks node_modules/react-dom/cjs/react-dom.development.js:[2m12042:22[22m[39m
[90m [2m❯[22m flushSync node_modules/react-dom/cjs/react-dom.development.js:[2m26240:7[22m[39m
[90m [2m❯[22m ReactDOMRoot.ReactDOMHydrationRoot.unmount.ReactDOMRoot.unmount [as unmount] node_modules/react-dom/cjs/react-dom.development.js:[2m29375:5[22m[39m

[31m[2m⎯⎯⎯⎯⎯⎯⎯⎯⎯⎯⎯⎯⎯⎯⎯⎯⎯⎯⎯⎯⎯[13/143]⎯[22m[39m

[41m[1m FAIL [22m[49m src/components/__tests__/error-boundary.test.tsx[2m > [22mAuthErrorBoundary[2m > [22mComponent Lifecycle[2m > [22mshould handle multiple errors correctly
[41m[1m FAIL [22m[49m src/components/__tests__/error-boundary.test.tsx[2m > [22mAuthErrorBoundary[2m > [22mComponent Lifecycle[2m > [22mshould preserve error boundary state across re-renders
[41m[1m FAIL [22m[49m src/components/__tests__/error-boundary.test.tsx[2m > [22mAuthErrorBoundary[2m > [22mAccessibility[2m > [22mshould have proper ARIA labels for error state
[41m[1m FAIL [22m[49m src/components/__tests__/error-boundary.test.tsx[2m > [22mAuthErrorBoundary[2m > [22mAccessibility[2m > [22mshould have accessible button labels
[31m[1mError[22m: Should not already be working.[39m
[90m [2m❯[22m performSyncWorkOnRoot node_modules/react-dom/cjs/react-dom.development.js:[2m26112:11[22m[39m
[90m [2m❯[22m flushSyncCallbacks node_modules/react-dom/cjs/react-dom.development.js:[2m12042:22[22m[39m
[90m [2m❯[22m flushActQueue node_modules/react/cjs/react.development.js:[2m2667:24[22m[39m
[90m [2m❯[22m act node_modules/react/cjs/react.development.js:[2m2582:11[22m[39m
[90m [2m❯[22m node_modules/@testing-library/react/dist/act-compat.js:[2m47:25[22m[39m
[90m [2m❯[22m node_modules/@testing-library/react/dist/pure.js:[2m307:28[22m[39m
[90m [2m❯[22m Proxy.cleanup node_modules/@testing-library/react/dist/pure.js:[2m303:22[22m[39m
[36m [2m❯[22m src/test/setup.ts:[2m9:3[22m[39m
    [90m  7| [39m[90m// 각 테스트 후 정리[39m
    [90m  8| [39m[34mafterEach[39m(() [33m=>[39m {
    [90m  9| [39m  [34mcleanup[39m()[33m;[39m
    [90m   | [39m  [31m^[39m
    [90m 10| [39m})[33m;[39m
    [90m 11| [39m[90m// Firebase 모킹[39m

[31m[2m⎯⎯⎯⎯⎯⎯⎯⎯⎯⎯⎯⎯⎯⎯⎯⎯⎯⎯⎯⎯⎯[14/143]⎯[22m[39m

[41m[1m FAIL [22m[49m src/components/__tests__/loading-spinner.test.tsx[2m > [22mLoadingSpinner Component[2m > [22mshould render with default props
[31m[1mError[22m: [2mexpect([22m[31melement[31m[2m).toHaveClass([22m[32m[32m"h-12.w-12"[32m[31m[2m)[22m

Expected the element to have class:
[32m  h-12.w-12[31m
Received:
[31m  lucide lucide-loader-circle h-12 w-12 animate-spin text-primary[31m[39m
[36m [2m❯[22m src/components/__tests__/loading-spinner.test.tsx:[2m12:21[22m[39m
    [90m 10| [39m    
    [90m 11| [39m    [34mexpect[39m(spinner)[33m.[39m[34mtoBeInTheDocument[39m()[33m;[39m
    [90m 12| [39m    [34mexpect[39m(spinner)[33m.[39m[34mtoHaveClass[39m([32m'h-12.w-12'[39m)[33m;[39m [90m// default size md[39m
    [90m   | [39m                    [31m^[39m
    [90m 13| [39m    [34mexpect[39m(containerDiv)[33m.[39m[34mtoBeInTheDocument[39m()[33m;[39m
    [90m 14| [39m  })[33m;[39m

[31m[2m⎯⎯⎯⎯⎯⎯⎯⎯⎯⎯⎯⎯⎯⎯⎯⎯⎯⎯⎯⎯⎯[15/143]⎯[22m[39m

[41m[1m FAIL [22m[49m src/components/__tests__/loading-spinner.test.tsx[2m > [22mLoadingSpinner Component[2m > [22mshould render different sizes
[31m[1mError[22m: [2mexpect([22m[31melement[31m[2m).toHaveClass([22m[32m[32m"h-6.w-6"[32m[31m[2m)[22m

Expected the element to have class:
[32m  h-6.w-6[31m
Received:
[31m  lucide lucide-loader-circle h-6 w-6 animate-spin text-primary[31m[39m
[36m [2m❯[22m src/components/__tests__/loading-spinner.test.tsx:[2m26:23[22m[39m
    [90m 24| [39m      const { container } = renderWithProviders(<LoadingSpinner size={…
    [90m 25| [39m      [35mconst[39m spinner [33m=[39m container[33m.[39m[34mquerySelector[39m([32m'.animate-spin'[39m)[33m;[39m
    [90m 26| [39m      [34mexpect[39m(spinner)[33m.[39m[34mtoHaveClass[39m(expectedClass)[33m;[39m
    [90m   | [39m                      [31m^[39m
    [90m 27| [39m    })[33m;[39m
    [90m 28| [39m  })[33m;[39m
[90m [2m❯[22m src/components/__tests__/loading-spinner.test.tsx:[2m23:11[22m[39m

[31m[2m⎯⎯⎯⎯⎯⎯⎯⎯⎯⎯⎯⎯⎯⎯⎯⎯⎯⎯⎯⎯⎯[16/143]⎯[22m[39m

[41m[1m FAIL [22m[49m src/components/__tests__/loading-spinner.test.tsx[2m > [22mLoadingSpinner Component[2m > [22mshould render in full screen mode
[31m[1mError[22m: [2mexpect([22m[31melement[31m[2m).toHaveClass([22m[32m[32m"items-center.justify-center"[32m[31m[2m)[22m

Expected the element to have class:
[32m  items-center.justify-center[31m
Received:
[31m  flex min-h-[calc(100vh-4rem)] items-center justify-center[31m[39m
[36m [2m❯[22m src/components/__tests__/loading-spinner.test.tsx:[2m34:26[22m[39m
    [90m 32| [39m    const containerDiv = container.querySelector('.min-h-\\[calc\\(100…
    [90m 33| [39m    [34mexpect[39m(containerDiv)[33m.[39m[34mtoBeInTheDocument[39m()[33m;[39m
    [90m 34| [39m    [34mexpect[39m(containerDiv)[33m.[39m[34mtoHaveClass[39m([32m'items-center.justify-center'[39m)[33m;[39m
    [90m   | [39m                         [31m^[39m
    [90m 35| [39m  })[33m;[39m
    [90m 36| [39m

[31m[2m⎯⎯⎯⎯⎯⎯⎯⎯⎯⎯⎯⎯⎯⎯⎯⎯⎯⎯⎯⎯⎯[17/143]⎯[22m[39m

[41m[1m FAIL [22m[49m src/components/__tests__/loading-spinner.test.tsx[2m > [22mLoadingSpinner Component[2m > [22mshould use Loader2 icon with correct classes
[31m[1mError[22m: [2mexpect([22m[31mreceived[31m[2m).toBeInTheDocument()[22m

[31mreceived[31m value must be an HTMLElement or an SVGElement.
Received has type:  Null
Received has value: [31mnull[31m[39m
[36m [2m❯[22m src/components/__tests__/loading-spinner.test.tsx:[2m54:20[22m[39m
    [90m 52| [39m    [35mconst[39m { container } [33m=[39m [34mrenderWithProviders[39m([33m<[39m[33mLoadingSpinner[39m [33m/[39m[33m>[39m)[33m;[39m
    [90m 53| [39m    [35mconst[39m loader [33m=[39m container[33m.[39m[34mquerySelector[39m([32m'.lucide-loader2'[39m)[33m;[39m
    [90m 54| [39m    [34mexpect[39m(loader)[33m.[39m[34mtoBeInTheDocument[39m()[33m;[39m
    [90m   | [39m                   [31m^[39m
    [90m 55| [39m    [34mexpect[39m(loader)[33m.[39m[34mtoHaveClass[39m([32m'animate-spin.text-primary'[39m)[33m;[39m
    [90m 56| [39m  })[33m;[39m

[31m[2m⎯⎯⎯⎯⎯⎯⎯⎯⎯⎯⎯⎯⎯⎯⎯⎯⎯⎯⎯⎯⎯[18/143]⎯[22m[39m

[41m[1m FAIL [22m[49m src/components/__tests__/role-badge.test.tsx[2m > [22mRoleBadge Component[2m > [22mshould render role names in Korean
[31m[1mError[22m: [2mexpect([22m[31mreceived[31m[2m).toHaveTextContent()[22m

[31mreceived[31m value must be a Node.
Received has type:  Null
Received has value: [31mnull[31m[39m
[36m [2m❯[22m src/components/__tests__/role-badge.test.tsx:[2m9:54[22m[39m
    [90m  7| [39m  [34mit[39m([32m'should render role names in Korean'[39m[33m,[39m () [33m=>[39m {
    [90m  8| [39m    const { container } = renderWithProviders(<RoleBadge role={UserRol…
    [90m  9| [39m    expect(container.querySelector('.bg-green-500')).toHaveTextContent…
    [90m   | [39m                                                     [31m^[39m
    [90m 10| [39m  })[33m;[39m
    [90m 11| [39m

[31m[2m⎯⎯⎯⎯⎯⎯⎯⎯⎯⎯⎯⎯⎯⎯⎯⎯⎯⎯⎯⎯⎯[19/143]⎯[22m[39m

[41m[1m FAIL [22m[49m src/components/__tests__/role-badge.test.tsx[2m > [22mRoleBadge Component[2m > [22mshould apply correct colors based on role hierarchy
[31m[1mError[22m: [2mexpect([22m[31mreceived[31m[2m).toBeInTheDocument()[22m

[31mreceived[31m value must be an HTMLElement or an SVGElement.
Received has type:  Null
Received has value: [31mnull[31m[39m
[36m [2m❯[22m src/components/__tests__/role-badge.test.tsx:[2m25:21[22m[39m
    [90m 23| [39m      const { container } = renderWithProviders(<RoleBadge role={role}…
    [90m 24| [39m      const badge = container.querySelector(`.${expectedClass.split(' …
    [90m 25| [39m      [34mexpect[39m(badge)[33m.[39m[34mtoBeInTheDocument[39m()[33m;[39m
    [90m   | [39m                    [31m^[39m
    [90m 26| [39m      [34mexpect[39m(badge)[33m.[39m[34mtoHaveTextContent[39m(expectedText)[33m;[39m
    [90m 27| [39m    })[33m;[39m
[90m [2m❯[22m src/components/__tests__/role-badge.test.tsx:[2m22:15[22m[39m

[31m[2m⎯⎯⎯⎯⎯⎯⎯⎯⎯⎯⎯⎯⎯⎯⎯⎯⎯⎯⎯⎯⎯[20/143]⎯[22m[39m

[41m[1m FAIL [22m[49m src/app/__tests__/403-page.test.tsx[2m > [22mForbiddenPage Coverage Enhancement[2m > [22mReason Messages[2m > [22mshould display default permission denied message
[31m[1mTestingLibraryElementError[22m[39m: Unable to find an element with the text: 403 - 접근 거부. This could be because the text is broken up by multiple elements. In this case, you can provide a function for your text matcher to make your matcher more flexible.

Ignored nodes: comments, script, style
[36m<body>[39m
  [36m<div>[39m
    [36m<div[39m
      [33mclass[39m=[32m"flex min-h-screen items-center justify-center p-4 bg-slate-50"[39m
    [36m>[39m
      [36m<div[39m
        [33mclass[39m=[32m"rounded-lg border bg-card text-card-foreground shadow-sm max-w-md w-full"[39m
      [36m>[39m
        [36m<div[39m
          [33mclass[39m=[32m"flex flex-col space-y-1.5 p-6 text-center"[39m
        [36m>[39m
          [36m<div[39m
            [33mclass[39m=[32m"flex justify-center mb-4"[39m
          [36m>[39m
            [36m<div[39m
              [33mclass[39m=[32m"rounded-full bg-orange-100 p-4"[39m
            [36m>[39m
              [36m<svg[39m
                [33maria-hidden[39m=[32m"true"[39m
                [33mclass[39m=[32m"lucide lucide-shield-off h-12 w-12 text-orange-600"[39m
                [33mfill[39m=[32m"none"[39m
                [33mheight[39m=[32m"24"[39m
                [33mstroke[39m=[32m"currentColor"[39m
                [33mstroke-linecap[39m=[32m"round"[39m
                [33mstroke-linejoin[39m=[32m"round"[39m
                [33mstroke-width[39m=[32m"2"[39m
                [33mviewBox[39m=[32m"0 0 24 24"[39m
                [33mwidth[39m=[32m"24"[39m
                [33mxmlns[39m=[32m"http://www.w3.org/2000/svg"[39m
              [36m>[39m
                [36m<path[39m
                  [33md[39m=[32m"m2 2 20 20"[39m
                [36m/>[39m
                [36m<path[39m
                  [33md[39m=[32m"M5 5a1 1 0 0 0-1 1v7c0 5 3.5 7.5 7.67 8.94a1 1 0 0 0 .67.01c2.35-.82 4.48-1.97 5.9-3.71"[39m
                [36m/>[39m
                [36m<path[39m
                  [33md[39m=[32m"M9.309 3.652A12.252 12.252 0 0 0 11.24 2.28a1.17 1.17 0 0 1 1.52 0C14.51 3.81 17 5 19 5a1 1 0 0 1 1 1v7a9.784 9.784 0 0 1-.08 1.264"[39m
                [36m/>[39m
              [36m</svg>[39m
            [36m</div>[39m
          [36m</div>[39m
          [36m<div[39m
            [33mclass[39m=[32m"font-semibold tracking-tight text-2xl"[39m
          [36m>[39m
            [0m접근 거부[0m
          [36m</div>[39m
          [36m<div[39m
            [33mclass[39m=[32m"text-sm text-muted-foreground mt-2"[39m
          [36m>[39m
            [0m이 페이지에 접근할 권한이 없습니다.[0m
          [36m</div>[39m
        [36m</div>[39m
        [36m<div[39m
          [33mclass[39m=[32m"p-6 pt-0 space-y-6"[39m
        [36m>[39m
          [36m<div[39m
            [33mclass[39m=[32m"space-y-3"[39m
          [36m>[39m
            [36m<p[39m
              [33mclass[39m=[32m"text-sm text-center text-slate-600"[39m
            [36m>[39m
              [0m로그인이 필요합니다.[0m
            [36m</p>[39m
            [36m<div[39m
              [33mclass[39m=[32m"flex flex-col gap-2"[39m
            [36m>[39m
              [36m<button[39m
                [33mclass[39m=[32m"inline-flex items-center justify-center gap-2 whitespace-nowrap rounded-md text-sm font-medium ring-offset-background transition-colors focus-visible:outline-none focus-visible:ring-2 focus-visible:ring-ring focus-visible:ring-offset-2 disabled:pointer-events-none disabled:opacity-50 [&_svg]:pointer-events-none [&_svg]:size-4 [&_svg]:shrink-0 bg-primary text-primary-foreground hover:bg-primary/90 h-10 px-4 py-2 w-full"[39m
              [36m>[39m
                [0m로그인하기[0m
              [36m</button>[39m
              [36m<button[39m
                [33mclass[39m=[32m"inline-flex items-center justify-center gap-2 whitespace-nowrap rounded-md text-sm font-medium ring-offset-background transition-colors focus-visible:outline-none focus-visible:ring-2 focus-visible:ring-ring focus-visible:ring-offset-2 disabled:pointer-events-none disabled:opacity-50 [&_svg]:pointer-events-none [&_svg]:size-4 [&_svg]:shrink-0 border border-input bg-background hover:bg-accent hover:text-accent-foreground h-10 px-4 py-2 w-full"[39m
              [36m>[39m
                [36m<svg[39m
                  [33maria-hidden[39m=[32m"true"[39m
                  [33mclass[39m=[32m"lucide lucide-arrow-left mr-2 h-4 w-4"[39m
                  [33mfill[39m=[32m"none"[39m
                  [33mheight[39m=[32m"24"[39m
                  [33mstroke[39m=[32m"currentColor"[39m
                  [33mstroke-linecap[39m=[32m"round"[39m
                  [33mstroke-linejoin[39m=[32m"round"[39m
                  [33mstroke-width[39m=[32m"2"[39m
                  [33mviewBox[39m=[32m"0 0 24 24"[39m
                  [33mwidth[39m=[32m"24"[39m
                  [33mxmlns[39m=[32m"http://www.w3.org/2000/svg"[39m
                [36m>[39m
                  [36m<path[39m
                    [33md[39m=[32m"m12 19-7-7 7-7"[39m
                  [36m/>[39m
                  [36m<path[39m
                    [33md[39m=[32m"M19 12H5"[39m
                  [36m/>[39m
                [36m</svg>[39m
                [0m이전 페이지로 돌아가기[0m
              [36m</button>[39m
              [36m<button[39m
                [33mclass[39m=[32m"inline-flex items-center justify-center gap-2 whitespace-nowrap rounded-md text-sm font-medium ring-offset-background transition-colors focus-visible:outline-none focus-visible:ring-2 focus-visible:ring-ring focus-visible:ring-offset-2 disabled:pointer-events-none disabled:opacity-50 [&_svg]:pointer-events-none [&_svg]:size-4 [&_svg]:shrink-0 hover:bg-accent hover:text-accent-foreground h-10 px-4 py-2 w-full"[39m
              [36m>[39m
                [36m<svg[39m
                  [33maria-hidden[39m=[32m"true"[39m
                  [33mclass[39m=[32m"lucide lucide-house mr-2 h-4 w-4"[39m
                  [33mfill[39m=[32m"none"[39m
                  [33mheight[39m=[32m"24"[39m
                  [33mstroke[39m=[32m"currentColor"[39m
                  [33mstroke-linecap[39m=[32m"round"[39m
                  [33mstroke-linejoin[39m=[32m"round"[39m
                  [33mstroke-width[39m=[32m"2"[39m
                  [33mviewBox[39m=[32m"0 0 24 24"[39m
                  [33mwidth[39m=[32m"24"[39m
                  [33mxmlns[39m=[32m"http://www.w3.org/2000/svg"[39m
                [36m>[39m
                  [36m<path[39m
                    [33md[39m=[32m"M15 21v-8a1 1 0 0 0-1-1h-4a1 1 0 0 0-1 1v8"[39m
                  [36m/>[39m
                  [36m<path[39m
                    [33md[39m=[32m"M3 10a2 2 0 0 1 .709-1.528l7-6a2 2 0 0 1 2.582 0l7 6A2 2 0 0 1 21 10v9a2 2 0 0 1-2 2H5a2 2 0 0 1-2-2z"[39m
                  [36m/>[39m
                [36m</svg>[39m
                [0m홈으로 가기[0m
              [36m</button>[39m
            [36m</div>[39m
          [36m</div>[39m
          [36m<div[39m
            [33mclass[39m=[32m"border-t pt-4"[39m
          [36m>[39m
            [36m<p[39m
              [33mclass[39m=[32m"text-xs text-center text-muted-foreground"[39m
            [36m>[39m
              [0m권한이 있다고 생각되시나요?[0m
            [36m</p>[39m
            [36m<p[39m
              [33mclass[39m=[32m"text-xs text-center text-muted-foreground mt-1"[39m
            [36m>[39m
              [0m관리자에게 문의하거나 다시 로그인해보세요.[0m
            [36m</p>[39m
          [36m</div>[39m
        [36m</div>[39m
      [36m</div>[39m
    [36m</div>[39m
  [36m</div>[39m
[36m</body>[39m
[90m [2m❯[22m Object.getElementError node_modules/@testing-library/dom/dist/config.js:[2m37:19[22m[39m
[90m [2m❯[22m node_modules/@testing-library/dom/dist/query-helpers.js:[2m76:38[22m[39m
[90m [2m❯[22m node_modules/@testing-library/dom/dist/query-helpers.js:[2m52:17[22m[39m
[90m [2m❯[22m node_modules/@testing-library/dom/dist/query-helpers.js:[2m95:19[22m[39m
[36m [2m❯[22m src/app/__tests__/403-page.test.tsx:[2m54:21[22m[39m
    [90m 52| [39m      [34mrender[39m([33m<[39m[33mForbiddenPage[39m [33m/[39m[33m>[39m)[33m;[39m
    [90m 53| [39m
    [90m 54| [39m      [34mexpect[39m(screen[33m.[39m[34mgetByText[39m([32m'403 - 접근 거부'[39m))[33m.[39m[34mtoBeInTheDocument[39m()[33m;[39m
    [90m   | [39m                    [31m^[39m
    [90m 55| [39m      expect(screen.getByText('이 페이지에 접근할 권한이 없습니다.')).toBeInTheDocume…
    [90m 56| [39m    })[33m;[39m

[31m[2m⎯⎯⎯⎯⎯⎯⎯⎯⎯⎯⎯⎯⎯⎯⎯⎯⎯⎯⎯⎯⎯[21/143]⎯[22m[39m

[41m[1m FAIL [22m[49m src/app/__tests__/403-page.test.tsx[2m > [22mForbiddenPage Coverage Enhancement[2m > [22mReason Messages[2m > [22mshould display role required message
[31m[1mTestingLibraryElementError[22m[39m: Unable to find an element with the text: 이 페이지에 접근하려면 더 높은 권한이 필요합니다.. This could be because the text is broken up by multiple elements. In this case, you can provide a function for your text matcher to make your matcher more flexible.

Ignored nodes: comments, script, style
[36m<body>[39m
  [36m<div>[39m
    [36m<div[39m
      [33mclass[39m=[32m"flex min-h-screen items-center justify-center p-4 bg-slate-50"[39m
    [36m>[39m
      [36m<div[39m
        [33mclass[39m=[32m"rounded-lg border bg-card text-card-foreground shadow-sm max-w-md w-full"[39m
      [36m>[39m
        [36m<div[39m
          [33mclass[39m=[32m"flex flex-col space-y-1.5 p-6 text-center"[39m
        [36m>[39m
          [36m<div[39m
            [33mclass[39m=[32m"flex justify-center mb-4"[39m
          [36m>[39m
            [36m<div[39m
              [33mclass[39m=[32m"rounded-full bg-orange-100 p-4"[39m
            [36m>[39m
              [36m<svg[39m
                [33maria-hidden[39m=[32m"true"[39m
                [33mclass[39m=[32m"lucide lucide-shield-off h-12 w-12 text-orange-600"[39m
                [33mfill[39m=[32m"none"[39m
                [33mheight[39m=[32m"24"[39m
                [33mstroke[39m=[32m"currentColor"[39m
                [33mstroke-linecap[39m=[32m"round"[39m
                [33mstroke-linejoin[39m=[32m"round"[39m
                [33mstroke-width[39m=[32m"2"[39m
                [33mviewBox[39m=[32m"0 0 24 24"[39m
                [33mwidth[39m=[32m"24"[39m
                [33mxmlns[39m=[32m"http://www.w3.org/2000/svg"[39m
              [36m>[39m
                [36m<path[39m
                  [33md[39m=[32m"m2 2 20 20"[39m
                [36m/>[39m
                [36m<path[39m
                  [33md[39m=[32m"M5 5a1 1 0 0 0-1 1v7c0 5 3.5 7.5 7.67 8.94a1 1 0 0 0 .67.01c2.35-.82 4.48-1.97 5.9-3.71"[39m
                [36m/>[39m
                [36m<path[39m
                  [33md[39m=[32m"M9.309 3.652A12.252 12.252 0 0 0 11.24 2.28a1.17 1.17 0 0 1 1.52 0C14.51 3.81 17 5 19 5a1 1 0 0 1 1 1v7a9.784 9.784 0 0 1-.08 1.264"[39m
                [36m/>[39m
              [36m</svg>[39m
            [36m</div>[39m
          [36m</div>[39m
          [36m<div[39m
            [33mclass[39m=[32m"font-semibold tracking-tight text-2xl"[39m
          [36m>[39m
            [0m접근 거부[0m
          [36m</div>[39m
          [36m<div[39m
            [33mclass[39m=[32m"text-sm text-muted-foreground mt-2"[39m
          [36m>[39m
            [0m이 페이지에 접근할 권한이 없습니다.[0m
          [36m</div>[39m
        [36m</div>[39m
        [36m<div[39m
          [33mclass[39m=[32m"p-6 pt-0 space-y-6"[39m
        [36m>[39m
          [36m<div[39m
            [33mclass[39m=[32m"space-y-3"[39m
          [36m>[39m
            [36m<p[39m
              [33mclass[39m=[32m"text-sm text-center text-slate-600"[39m
            [36m>[39m
              [0m로그인이 필요합니다.[0m
            [36m</p>[39m
            [36m<div[39m
              [33mclass[39m=[32m"flex flex-col gap-2"[39m
            [36m>[39m
              [36m<button[39m
                [33mclass[39m=[32m"inline-flex items-center justify-center gap-2 whitespace-nowrap rounded-md text-sm font-medium ring-offset-background transition-colors focus-visible:outline-none focus-visible:ring-2 focus-visible:ring-ring focus-visible:ring-offset-2 disabled:pointer-events-none disabled:opacity-50 [&_svg]:pointer-events-none [&_svg]:size-4 [&_svg]:shrink-0 bg-primary text-primary-foreground hover:bg-primary/90 h-10 px-4 py-2 w-full"[39m
              [36m>[39m
                [0m로그인하기[0m
              [36m</button>[39m
              [36m<button[39m
                [33mclass[39m=[32m"inline-flex items-center justify-center gap-2 whitespace-nowrap rounded-md text-sm font-medium ring-offset-background transition-colors focus-visible:outline-none focus-visible:ring-2 focus-visible:ring-ring focus-visible:ring-offset-2 disabled:pointer-events-none disabled:opacity-50 [&_svg]:pointer-events-none [&_svg]:size-4 [&_svg]:shrink-0 border border-input bg-background hover:bg-accent hover:text-accent-foreground h-10 px-4 py-2 w-full"[39m
              [36m>[39m
                [36m<svg[39m
                  [33maria-hidden[39m=[32m"true"[39m
                  [33mclass[39m=[32m"lucide lucide-arrow-left mr-2 h-4 w-4"[39m
                  [33mfill[39m=[32m"none"[39m
                  [33mheight[39m=[32m"24"[39m
                  [33mstroke[39m=[32m"currentColor"[39m
                  [33mstroke-linecap[39m=[32m"round"[39m
                  [33mstroke-linejoin[39m=[32m"round"[39m
                  [33mstroke-width[39m=[32m"2"[39m
                  [33mviewBox[39m=[32m"0 0 24 24"[39m
                  [33mwidth[39m=[32m"24"[39m
                  [33mxmlns[39m=[32m"http://www.w3.org/2000/svg"[39m
                [36m>[39m
                  [36m<path[39m
                    [33md[39m=[32m"m12 19-7-7 7-7"[39m
                  [36m/>[39m
                  [36m<path[39m
                    [33md[39m=[32m"M19 12H5"[39m
                  [36m/>[39m
                [36m</svg>[39m
                [0m이전 페이지로 돌아가기[0m
              [36m</button>[39m
              [36m<button[39m
                [33mclass[39m=[32m"inline-flex items-center justify-center gap-2 whitespace-nowrap rounded-md text-sm font-medium ring-offset-background transition-colors focus-visible:outline-none focus-visible:ring-2 focus-visible:ring-ring focus-visible:ring-offset-2 disabled:pointer-events-none disabled:opacity-50 [&_svg]:pointer-events-none [&_svg]:size-4 [&_svg]:shrink-0 hover:bg-accent hover:text-accent-foreground h-10 px-4 py-2 w-full"[39m
              [36m>[39m
                [36m<svg[39m
                  [33maria-hidden[39m=[32m"true"[39m
                  [33mclass[39m=[32m"lucide lucide-house mr-2 h-4 w-4"[39m
                  [33mfill[39m=[32m"none"[39m
                  [33mheight[39m=[32m"24"[39m
                  [33mstroke[39m=[32m"currentColor"[39m
                  [33mstroke-linecap[39m=[32m"round"[39m
                  [33mstroke-linejoin[39m=[32m"round"[39m
                  [33mstroke-width[39m=[32m"2"[39m
                  [33mviewBox[39m=[32m"0 0 24 24"[39m
                  [33mwidth[39m=[32m"24"[39m
                  [33mxmlns[39m=[32m"http://www.w3.org/2000/svg"[39m
                [36m>[39m
                  [36m<path[39m
                    [33md[39m=[32m"M15 21v-8a1 1 0 0 0-1-1h-4a1 1 0 0 0-1 1v8"[39m
                  [36m/>[39m
                  [36m<path[39m
                    [33md[39m=[32m"M3 10a2 2 0 0 1 .709-1.528l7-6a2 2 0 0 1 2.582 0l7 6A2 2 0 0 1 21 10v9a2 2 0 0 1-2 2H5a2 2 0 0 1-2-2z"[39m
                  [36m/>[39m
                [36m</svg>[39m
                [0m홈으로 가기[0m
              [36m</button>[39m
            [36m</div>[39m
          [36m</div>[39m
          [36m<div[39m
            [33mclass[39m=[32m"border-t pt-4"[39m
          [36m>[39m
            [36m<p[39m
              [33mclass[39m=[32m"text-xs text-center text-muted-foreground"[39m
            [36m>[39m
              [0m권한이 있다고 생각되시나요?[0m
            [36m</p>[39m
            [36m<p[39m
              [33mclass[39m=[32m"text-xs text-center text-muted-foreground mt-1"[39m
            [36m>[39m
              [0m관리자에게 문의하거나 다시 로그인해보세요.[0m
            [36m</p>[39m
          [36m</div>[39m
        [36m</div>[39m
      [36m</div>[39m
    [36m</div>[39m
  [36m</div>[39m
[36m</body>[39m
[90m [2m❯[22m Object.getElementError node_modules/@testing-library/dom/dist/config.js:[2m37:19[22m[39m
[90m [2m❯[22m node_modules/@testing-library/dom/dist/query-helpers.js:[2m76:38[22m[39m
[90m [2m❯[22m node_modules/@testing-library/dom/dist/query-helpers.js:[2m52:17[22m[39m
[90m [2m❯[22m node_modules/@testing-library/dom/dist/query-helpers.js:[2m95:19[22m[39m
[36m [2m❯[22m src/app/__tests__/403-page.test.tsx:[2m67:21[22m[39m
    [90m 65| [39m      [34mrender[39m([33m<[39m[33mForbiddenPage[39m [33m/[39m[33m>[39m)[33m;[39m
    [90m 66| [39m
    [90m 67| [39m      expect(screen.getByText('이 페이지에 접근하려면 더 높은 권한이 필요합니다.')).toBeInT…
    [90m   | [39m                    [31m^[39m
    [90m 68| [39m    })[33m;[39m
    [90m 69| [39m

[31m[2m⎯⎯⎯⎯⎯⎯⎯⎯⎯⎯⎯⎯⎯⎯⎯⎯⎯⎯⎯⎯⎯[22/143]⎯[22m[39m

[41m[1m FAIL [22m[49m src/app/__tests__/403-page.test.tsx[2m > [22mForbiddenPage Coverage Enhancement[2m > [22mReason Messages[2m > [22mshould display club access message
[31m[1mTestingLibraryElementError[22m[39m: Unable to find an element with the text: 이 클럽의 구성원만 접근할 수 있습니다.. This could be because the text is broken up by multiple elements. In this case, you can provide a function for your text matcher to make your matcher more flexible.

Ignored nodes: comments, script, style
[36m<body>[39m
  [36m<div>[39m
    [36m<div[39m
      [33mclass[39m=[32m"flex min-h-screen items-center justify-center p-4 bg-slate-50"[39m
    [36m>[39m
      [36m<div[39m
        [33mclass[39m=[32m"rounded-lg border bg-card text-card-foreground shadow-sm max-w-md w-full"[39m
      [36m>[39m
        [36m<div[39m
          [33mclass[39m=[32m"flex flex-col space-y-1.5 p-6 text-center"[39m
        [36m>[39m
          [36m<div[39m
            [33mclass[39m=[32m"flex justify-center mb-4"[39m
          [36m>[39m
            [36m<div[39m
              [33mclass[39m=[32m"rounded-full bg-orange-100 p-4"[39m
            [36m>[39m
              [36m<svg[39m
                [33maria-hidden[39m=[32m"true"[39m
                [33mclass[39m=[32m"lucide lucide-shield-off h-12 w-12 text-orange-600"[39m
                [33mfill[39m=[32m"none"[39m
                [33mheight[39m=[32m"24"[39m
                [33mstroke[39m=[32m"currentColor"[39m
                [33mstroke-linecap[39m=[32m"round"[39m
                [33mstroke-linejoin[39m=[32m"round"[39m
                [33mstroke-width[39m=[32m"2"[39m
                [33mviewBox[39m=[32m"0 0 24 24"[39m
                [33mwidth[39m=[32m"24"[39m
                [33mxmlns[39m=[32m"http://www.w3.org/2000/svg"[39m
              [36m>[39m
                [36m<path[39m
                  [33md[39m=[32m"m2 2 20 20"[39m
                [36m/>[39m
                [36m<path[39m
                  [33md[39m=[32m"M5 5a1 1 0 0 0-1 1v7c0 5 3.5 7.5 7.67 8.94a1 1 0 0 0 .67.01c2.35-.82 4.48-1.97 5.9-3.71"[39m
                [36m/>[39m
                [36m<path[39m
                  [33md[39m=[32m"M9.309 3.652A12.252 12.252 0 0 0 11.24 2.28a1.17 1.17 0 0 1 1.52 0C14.51 3.81 17 5 19 5a1 1 0 0 1 1 1v7a9.784 9.784 0 0 1-.08 1.264"[39m
                [36m/>[39m
              [36m</svg>[39m
            [36m</div>[39m
          [36m</div>[39m
          [36m<div[39m
            [33mclass[39m=[32m"font-semibold tracking-tight text-2xl"[39m
          [36m>[39m
            [0m접근 거부[0m
          [36m</div>[39m
          [36m<div[39m
            [33mclass[39m=[32m"text-sm text-muted-foreground mt-2"[39m
          [36m>[39m
            [0m이 페이지에 접근할 권한이 없습니다.[0m
          [36m</div>[39m
        [36m</div>[39m
        [36m<div[39m
          [33mclass[39m=[32m"p-6 pt-0 space-y-6"[39m
        [36m>[39m
          [36m<div[39m
            [33mclass[39m=[32m"space-y-3"[39m
          [36m>[39m
            [36m<p[39m
              [33mclass[39m=[32m"text-sm text-center text-slate-600"[39m
            [36m>[39m
              [0m로그인이 필요합니다.[0m
            [36m</p>[39m
            [36m<div[39m
              [33mclass[39m=[32m"flex flex-col gap-2"[39m
            [36m>[39m
              [36m<button[39m
                [33mclass[39m=[32m"inline-flex items-center justify-center gap-2 whitespace-nowrap rounded-md text-sm font-medium ring-offset-background transition-colors focus-visible:outline-none focus-visible:ring-2 focus-visible:ring-ring focus-visible:ring-offset-2 disabled:pointer-events-none disabled:opacity-50 [&_svg]:pointer-events-none [&_svg]:size-4 [&_svg]:shrink-0 bg-primary text-primary-foreground hover:bg-primary/90 h-10 px-4 py-2 w-full"[39m
              [36m>[39m
                [0m로그인하기[0m
              [36m</button>[39m
              [36m<button[39m
                [33mclass[39m=[32m"inline-flex items-center justify-center gap-2 whitespace-nowrap rounded-md text-sm font-medium ring-offset-background transition-colors focus-visible:outline-none focus-visible:ring-2 focus-visible:ring-ring focus-visible:ring-offset-2 disabled:pointer-events-none disabled:opacity-50 [&_svg]:pointer-events-none [&_svg]:size-4 [&_svg]:shrink-0 border border-input bg-background hover:bg-accent hover:text-accent-foreground h-10 px-4 py-2 w-full"[39m
              [36m>[39m
                [36m<svg[39m
                  [33maria-hidden[39m=[32m"true"[39m
                  [33mclass[39m=[32m"lucide lucide-arrow-left mr-2 h-4 w-4"[39m
                  [33mfill[39m=[32m"none"[39m
                  [33mheight[39m=[32m"24"[39m
                  [33mstroke[39m=[32m"currentColor"[39m
                  [33mstroke-linecap[39m=[32m"round"[39m
                  [33mstroke-linejoin[39m=[32m"round"[39m
                  [33mstroke-width[39m=[32m"2"[39m
                  [33mviewBox[39m=[32m"0 0 24 24"[39m
                  [33mwidth[39m=[32m"24"[39m
                  [33mxmlns[39m=[32m"http://www.w3.org/2000/svg"[39m
                [36m>[39m
                  [36m<path[39m
                    [33md[39m=[32m"m12 19-7-7 7-7"[39m
                  [36m/>[39m
                  [36m<path[39m
                    [33md[39m=[32m"M19 12H5"[39m
                  [36m/>[39m
                [36m</svg>[39m
                [0m이전 페이지로 돌아가기[0m
              [36m</button>[39m
              [36m<button[39m
                [33mclass[39m=[32m"inline-flex items-center justify-center gap-2 whitespace-nowrap rounded-md text-sm font-medium ring-offset-background transition-colors focus-visible:outline-none focus-visible:ring-2 focus-visible:ring-ring focus-visible:ring-offset-2 disabled:pointer-events-none disabled:opacity-50 [&_svg]:pointer-events-none [&_svg]:size-4 [&_svg]:shrink-0 hover:bg-accent hover:text-accent-foreground h-10 px-4 py-2 w-full"[39m
              [36m>[39m
                [36m<svg[39m
                  [33maria-hidden[39m=[32m"true"[39m
                  [33mclass[39m=[32m"lucide lucide-house mr-2 h-4 w-4"[39m
                  [33mfill[39m=[32m"none"[39m
                  [33mheight[39m=[32m"24"[39m
                  [33mstroke[39m=[32m"currentColor"[39m
                  [33mstroke-linecap[39m=[32m"round"[39m
                  [33mstroke-linejoin[39m=[32m"round"[39m
                  [33mstroke-width[39m=[32m"2"[39m
                  [33mviewBox[39m=[32m"0 0 24 24"[39m
                  [33mwidth[39m=[32m"24"[39m
                  [33mxmlns[39m=[32m"http://www.w3.org/2000/svg"[39m
                [36m>[39m
                  [36m<path[39m
                    [33md[39m=[32m"M15 21v-8a1 1 0 0 0-1-1h-4a1 1 0 0 0-1 1v8"[39m
                  [36m/>[39m
                  [36m<path[39m
                    [33md[39m=[32m"M3 10a2 2 0 0 1 .709-1.528l7-6a2 2 0 0 1 2.582 0l7 6A2 2 0 0 1 21 10v9a2 2 0 0 1-2 2H5a2 2 0 0 1-2-2z"[39m
                  [36m/>[39m
                [36m</svg>[39m
                [0m홈으로 가기[0m
              [36m</button>[39m
            [36m</div>[39m
          [36m</div>[39m
          [36m<div[39m
            [33mclass[39m=[32m"border-t pt-4"[39m
          [36m>[39m
            [36m<p[39m
              [33mclass[39m=[32m"text-xs text-center text-muted-foreground"[39m
            [36m>[39m
              [0m권한이 있다고 생각되시나요?[0m
            [36m</p>[39m
            [36m<p[39m
              [33mclass[39m=[32m"text-xs text-center text-muted-foreground mt-1"[39m
            [36m>[39m
              [0m관리자에게 문의하거나 다시 로그인해보세요.[0m
            [36m</p>[39m
          [36m</div>[39m
        [36m</div>[39m
      [36m</div>[39m
    [36m</div>[39m
  [36m</div>[39m
[36m</body>[39m
[90m [2m❯[22m Object.getElementError node_modules/@testing-library/dom/dist/config.js:[2m37:19[22m[39m
[90m [2m❯[22m node_modules/@testing-library/dom/dist/query-helpers.js:[2m76:38[22m[39m
[90m [2m❯[22m node_modules/@testing-library/dom/dist/query-helpers.js:[2m52:17[22m[39m
[90m [2m❯[22m node_modules/@testing-library/dom/dist/query-helpers.js:[2m95:19[22m[39m
[36m [2m❯[22m src/app/__tests__/403-page.test.tsx:[2m79:21[22m[39m
    [90m 77| [39m      [34mrender[39m([33m<[39m[33mForbiddenPage[39m [33m/[39m[33m>[39m)[33m;[39m
    [90m 78| [39m
    [90m 79| [39m      expect(screen.getByText('이 클럽의 구성원만 접근할 수 있습니다.')).toBeInTheDocu…
    [90m   | [39m                    [31m^[39m
    [90m 80| [39m    })[33m;[39m
    [90m 81| [39m

[31m[2m⎯⎯⎯⎯⎯⎯⎯⎯⎯⎯⎯⎯⎯⎯⎯⎯⎯⎯⎯⎯⎯[23/143]⎯[22m[39m

[41m[1m FAIL [22m[49m src/app/__tests__/403-page.test.tsx[2m > [22mForbiddenPage Coverage Enhancement[2m > [22mReason Messages[2m > [22mshould display admin only message
[31m[1mTestingLibraryElementError[22m[39m: Unable to find an element with the text: 관리자만 접근할 수 있는 페이지입니다.. This could be because the text is broken up by multiple elements. In this case, you can provide a function for your text matcher to make your matcher more flexible.

Ignored nodes: comments, script, style
[36m<body>[39m
  [36m<div>[39m
    [36m<div[39m
      [33mclass[39m=[32m"flex min-h-screen items-center justify-center p-4 bg-slate-50"[39m
    [36m>[39m
      [36m<div[39m
        [33mclass[39m=[32m"rounded-lg border bg-card text-card-foreground shadow-sm max-w-md w-full"[39m
      [36m>[39m
        [36m<div[39m
          [33mclass[39m=[32m"flex flex-col space-y-1.5 p-6 text-center"[39m
        [36m>[39m
          [36m<div[39m
            [33mclass[39m=[32m"flex justify-center mb-4"[39m
          [36m>[39m
            [36m<div[39m
              [33mclass[39m=[32m"rounded-full bg-orange-100 p-4"[39m
            [36m>[39m
              [36m<svg[39m
                [33maria-hidden[39m=[32m"true"[39m
                [33mclass[39m=[32m"lucide lucide-shield-off h-12 w-12 text-orange-600"[39m
                [33mfill[39m=[32m"none"[39m
                [33mheight[39m=[32m"24"[39m
                [33mstroke[39m=[32m"currentColor"[39m
                [33mstroke-linecap[39m=[32m"round"[39m
                [33mstroke-linejoin[39m=[32m"round"[39m
                [33mstroke-width[39m=[32m"2"[39m
                [33mviewBox[39m=[32m"0 0 24 24"[39m
                [33mwidth[39m=[32m"24"[39m
                [33mxmlns[39m=[32m"http://www.w3.org/2000/svg"[39m
              [36m>[39m
                [36m<path[39m
                  [33md[39m=[32m"m2 2 20 20"[39m
                [36m/>[39m
                [36m<path[39m
                  [33md[39m=[32m"M5 5a1 1 0 0 0-1 1v7c0 5 3.5 7.5 7.67 8.94a1 1 0 0 0 .67.01c2.35-.82 4.48-1.97 5.9-3.71"[39m
                [36m/>[39m
                [36m<path[39m
                  [33md[39m=[32m"M9.309 3.652A12.252 12.252 0 0 0 11.24 2.28a1.17 1.17 0 0 1 1.52 0C14.51 3.81 17 5 19 5a1 1 0 0 1 1 1v7a9.784 9.784 0 0 1-.08 1.264"[39m
                [36m/>[39m
              [36m</svg>[39m
            [36m</div>[39m
          [36m</div>[39m
          [36m<div[39m
            [33mclass[39m=[32m"font-semibold tracking-tight text-2xl"[39m
          [36m>[39m
            [0m접근 거부[0m
          [36m</div>[39m
          [36m<div[39m
            [33mclass[39m=[32m"text-sm text-muted-foreground mt-2"[39m
          [36m>[39m
            [0m이 페이지에 접근할 권한이 없습니다.[0m
          [36m</div>[39m
        [36m</div>[39m
        [36m<div[39m
          [33mclass[39m=[32m"p-6 pt-0 space-y-6"[39m
        [36m>[39m
          [36m<div[39m
            [33mclass[39m=[32m"space-y-3"[39m
          [36m>[39m
            [36m<p[39m
              [33mclass[39m=[32m"text-sm text-center text-slate-600"[39m
            [36m>[39m
              [0m로그인이 필요합니다.[0m
            [36m</p>[39m
            [36m<div[39m
              [33mclass[39m=[32m"flex flex-col gap-2"[39m
            [36m>[39m
              [36m<button[39m
                [33mclass[39m=[32m"inline-flex items-center justify-center gap-2 whitespace-nowrap rounded-md text-sm font-medium ring-offset-background transition-colors focus-visible:outline-none focus-visible:ring-2 focus-visible:ring-ring focus-visible:ring-offset-2 disabled:pointer-events-none disabled:opacity-50 [&_svg]:pointer-events-none [&_svg]:size-4 [&_svg]:shrink-0 bg-primary text-primary-foreground hover:bg-primary/90 h-10 px-4 py-2 w-full"[39m
              [36m>[39m
                [0m로그인하기[0m
              [36m</button>[39m
              [36m<button[39m
                [33mclass[39m=[32m"inline-flex items-center justify-center gap-2 whitespace-nowrap rounded-md text-sm font-medium ring-offset-background transition-colors focus-visible:outline-none focus-visible:ring-2 focus-visible:ring-ring focus-visible:ring-offset-2 disabled:pointer-events-none disabled:opacity-50 [&_svg]:pointer-events-none [&_svg]:size-4 [&_svg]:shrink-0 border border-input bg-background hover:bg-accent hover:text-accent-foreground h-10 px-4 py-2 w-full"[39m
              [36m>[39m
                [36m<svg[39m
                  [33maria-hidden[39m=[32m"true"[39m
                  [33mclass[39m=[32m"lucide lucide-arrow-left mr-2 h-4 w-4"[39m
                  [33mfill[39m=[32m"none"[39m
                  [33mheight[39m=[32m"24"[39m
                  [33mstroke[39m=[32m"currentColor"[39m
                  [33mstroke-linecap[39m=[32m"round"[39m
                  [33mstroke-linejoin[39m=[32m"round"[39m
                  [33mstroke-width[39m=[32m"2"[39m
                  [33mviewBox[39m=[32m"0 0 24 24"[39m
                  [33mwidth[39m=[32m"24"[39m
                  [33mxmlns[39m=[32m"http://www.w3.org/2000/svg"[39m
                [36m>[39m
                  [36m<path[39m
                    [33md[39m=[32m"m12 19-7-7 7-7"[39m
                  [36m/>[39m
                  [36m<path[39m
                    [33md[39m=[32m"M19 12H5"[39m
                  [36m/>[39m
                [36m</svg>[39m
                [0m이전 페이지로 돌아가기[0m
              [36m</button>[39m
              [36m<button[39m
                [33mclass[39m=[32m"inline-flex items-center justify-center gap-2 whitespace-nowrap rounded-md text-sm font-medium ring-offset-background transition-colors focus-visible:outline-none focus-visible:ring-2 focus-visible:ring-ring focus-visible:ring-offset-2 disabled:pointer-events-none disabled:opacity-50 [&_svg]:pointer-events-none [&_svg]:size-4 [&_svg]:shrink-0 hover:bg-accent hover:text-accent-foreground h-10 px-4 py-2 w-full"[39m
              [36m>[39m
                [36m<svg[39m
                  [33maria-hidden[39m=[32m"true"[39m
                  [33mclass[39m=[32m"lucide lucide-house mr-2 h-4 w-4"[39m
                  [33mfill[39m=[32m"none"[39m
                  [33mheight[39m=[32m"24"[39m
                  [33mstroke[39m=[32m"currentColor"[39m
                  [33mstroke-linecap[39m=[32m"round"[39m
                  [33mstroke-linejoin[39m=[32m"round"[39m
                  [33mstroke-width[39m=[32m"2"[39m
                  [33mviewBox[39m=[32m"0 0 24 24"[39m
                  [33mwidth[39m=[32m"24"[39m
                  [33mxmlns[39m=[32m"http://www.w3.org/2000/svg"[39m
                [36m>[39m
                  [36m<path[39m
                    [33md[39m=[32m"M15 21v-8a1 1 0 0 0-1-1h-4a1 1 0 0 0-1 1v8"[39m
                  [36m/>[39m
                  [36m<path[39m
                    [33md[39m=[32m"M3 10a2 2 0 0 1 .709-1.528l7-6a2 2 0 0 1 2.582 0l7 6A2 2 0 0 1 21 10v9a2 2 0 0 1-2 2H5a2 2 0 0 1-2-2z"[39m
                  [36m/>[39m
                [36m</svg>[39m
                [0m홈으로 가기[0m
              [36m</button>[39m
            [36m</div>[39m
          [36m</div>[39m
          [36m<div[39m
            [33mclass[39m=[32m"border-t pt-4"[39m
          [36m>[39m
            [36m<p[39m
              [33mclass[39m=[32m"text-xs text-center text-muted-foreground"[39m
            [36m>[39m
              [0m권한이 있다고 생각되시나요?[0m
            [36m</p>[39m
            [36m<p[39m
              [33mclass[39m=[32m"text-xs text-center text-muted-foreground mt-1"[39m
            [36m>[39m
              [0m관리자에게 문의하거나 다시 로그인해보세요.[0m
            [36m</p>[39m
          [36m</div>[39m
        [36m</div>[39m
      [36m</div>[39m
    [36m</div>[39m
  [36m</div>[39m
[36m</body>[39m
[90m [2m❯[22m Object.getElementError node_modules/@testing-library/dom/dist/config.js:[2m37:19[22m[39m
[90m [2m❯[22m node_modules/@testing-library/dom/dist/query-helpers.js:[2m76:38[22m[39m
[90m [2m❯[22m node_modules/@testing-library/dom/dist/query-helpers.js:[2m52:17[22m[39m
[90m [2m❯[22m node_modules/@testing-library/dom/dist/query-helpers.js:[2m95:19[22m[39m
[36m [2m❯[22m src/app/__tests__/403-page.test.tsx:[2m91:21[22m[39m
    [90m 89| [39m      [34mrender[39m([33m<[39m[33mForbiddenPage[39m [33m/[39m[33m>[39m)[33m;[39m
    [90m 90| [39m
    [90m 91| [39m      expect(screen.getByText('관리자만 접근할 수 있는 페이지입니다.')).toBeInTheDocum…
    [90m   | [39m                    [31m^[39m
    [90m 92| [39m    })[33m;[39m
    [90m 93| [39m

[31m[2m⎯⎯⎯⎯⎯⎯⎯⎯⎯⎯⎯⎯⎯⎯⎯⎯⎯⎯⎯⎯⎯[24/143]⎯[22m[39m

[41m[1m FAIL [22m[49m src/app/__tests__/403-page.test.tsx[2m > [22mForbiddenPage Coverage Enhancement[2m > [22mReason Messages[2m > [22mshould display owner only message
[31m[1mTestingLibraryElementError[22m[39m: Unable to find an element with the text: 소유자만 접근할 수 있는 페이지입니다.. This could be because the text is broken up by multiple elements. In this case, you can provide a function for your text matcher to make your matcher more flexible.

Ignored nodes: comments, script, style
[36m<body>[39m
  [36m<div>[39m
    [36m<div[39m
      [33mclass[39m=[32m"flex min-h-screen items-center justify-center p-4 bg-slate-50"[39m
    [36m>[39m
      [36m<div[39m
        [33mclass[39m=[32m"rounded-lg border bg-card text-card-foreground shadow-sm max-w-md w-full"[39m
      [36m>[39m
        [36m<div[39m
          [33mclass[39m=[32m"flex flex-col space-y-1.5 p-6 text-center"[39m
        [36m>[39m
          [36m<div[39m
            [33mclass[39m=[32m"flex justify-center mb-4"[39m
          [36m>[39m
            [36m<div[39m
              [33mclass[39m=[32m"rounded-full bg-orange-100 p-4"[39m
            [36m>[39m
              [36m<svg[39m
                [33maria-hidden[39m=[32m"true"[39m
                [33mclass[39m=[32m"lucide lucide-shield-off h-12 w-12 text-orange-600"[39m
                [33mfill[39m=[32m"none"[39m
                [33mheight[39m=[32m"24"[39m
                [33mstroke[39m=[32m"currentColor"[39m
                [33mstroke-linecap[39m=[32m"round"[39m
                [33mstroke-linejoin[39m=[32m"round"[39m
                [33mstroke-width[39m=[32m"2"[39m
                [33mviewBox[39m=[32m"0 0 24 24"[39m
                [33mwidth[39m=[32m"24"[39m
                [33mxmlns[39m=[32m"http://www.w3.org/2000/svg"[39m
              [36m>[39m
                [36m<path[39m
                  [33md[39m=[32m"m2 2 20 20"[39m
                [36m/>[39m
                [36m<path[39m
                  [33md[39m=[32m"M5 5a1 1 0 0 0-1 1v7c0 5 3.5 7.5 7.67 8.94a1 1 0 0 0 .67.01c2.35-.82 4.48-1.97 5.9-3.71"[39m
                [36m/>[39m
                [36m<path[39m
                  [33md[39m=[32m"M9.309 3.652A12.252 12.252 0 0 0 11.24 2.28a1.17 1.17 0 0 1 1.52 0C14.51 3.81 17 5 19 5a1 1 0 0 1 1 1v7a9.784 9.784 0 0 1-.08 1.264"[39m
                [36m/>[39m
              [36m</svg>[39m
            [36m</div>[39m
          [36m</div>[39m
          [36m<div[39m
            [33mclass[39m=[32m"font-semibold tracking-tight text-2xl"[39m
          [36m>[39m
            [0m접근 거부[0m
          [36m</div>[39m
          [36m<div[39m
            [33mclass[39m=[32m"text-sm text-muted-foreground mt-2"[39m
          [36m>[39m
            [0m이 페이지에 접근할 권한이 없습니다.[0m
          [36m</div>[39m
        [36m</div>[39m
        [36m<div[39m
          [33mclass[39m=[32m"p-6 pt-0 space-y-6"[39m
        [36m>[39m
          [36m<div[39m
            [33mclass[39m=[32m"space-y-3"[39m
          [36m>[39m
            [36m<p[39m
              [33mclass[39m=[32m"text-sm text-center text-slate-600"[39m
            [36m>[39m
              [0m로그인이 필요합니다.[0m
            [36m</p>[39m
            [36m<div[39m
              [33mclass[39m=[32m"flex flex-col gap-2"[39m
            [36m>[39m
              [36m<button[39m
                [33mclass[39m=[32m"inline-flex items-center justify-center gap-2 whitespace-nowrap rounded-md text-sm font-medium ring-offset-background transition-colors focus-visible:outline-none focus-visible:ring-2 focus-visible:ring-ring focus-visible:ring-offset-2 disabled:pointer-events-none disabled:opacity-50 [&_svg]:pointer-events-none [&_svg]:size-4 [&_svg]:shrink-0 bg-primary text-primary-foreground hover:bg-primary/90 h-10 px-4 py-2 w-full"[39m
              [36m>[39m
                [0m로그인하기[0m
              [36m</button>[39m
              [36m<button[39m
                [33mclass[39m=[32m"inline-flex items-center justify-center gap-2 whitespace-nowrap rounded-md text-sm font-medium ring-offset-background transition-colors focus-visible:outline-none focus-visible:ring-2 focus-visible:ring-ring focus-visible:ring-offset-2 disabled:pointer-events-none disabled:opacity-50 [&_svg]:pointer-events-none [&_svg]:size-4 [&_svg]:shrink-0 border border-input bg-background hover:bg-accent hover:text-accent-foreground h-10 px-4 py-2 w-full"[39m
              [36m>[39m
                [36m<svg[39m
                  [33maria-hidden[39m=[32m"true"[39m
                  [33mclass[39m=[32m"lucide lucide-arrow-left mr-2 h-4 w-4"[39m
                  [33mfill[39m=[32m"none"[39m
                  [33mheight[39m=[32m"24"[39m
                  [33mstroke[39m=[32m"currentColor"[39m
                  [33mstroke-linecap[39m=[32m"round"[39m
                  [33mstroke-linejoin[39m=[32m"round"[39m
                  [33mstroke-width[39m=[32m"2"[39m
                  [33mviewBox[39m=[32m"0 0 24 24"[39m
                  [33mwidth[39m=[32m"24"[39m
                  [33mxmlns[39m=[32m"http://www.w3.org/2000/svg"[39m
                [36m>[39m
                  [36m<path[39m
                    [33md[39m=[32m"m12 19-7-7 7-7"[39m
                  [36m/>[39m
                  [36m<path[39m
                    [33md[39m=[32m"M19 12H5"[39m
                  [36m/>[39m
                [36m</svg>[39m
                [0m이전 페이지로 돌아가기[0m
              [36m</button>[39m
              [36m<button[39m
                [33mclass[39m=[32m"inline-flex items-center justify-center gap-2 whitespace-nowrap rounded-md text-sm font-medium ring-offset-background transition-colors focus-visible:outline-none focus-visible:ring-2 focus-visible:ring-ring focus-visible:ring-offset-2 disabled:pointer-events-none disabled:opacity-50 [&_svg]:pointer-events-none [&_svg]:size-4 [&_svg]:shrink-0 hover:bg-accent hover:text-accent-foreground h-10 px-4 py-2 w-full"[39m
              [36m>[39m
                [36m<svg[39m
                  [33maria-hidden[39m=[32m"true"[39m
                  [33mclass[39m=[32m"lucide lucide-house mr-2 h-4 w-4"[39m
                  [33mfill[39m=[32m"none"[39m
                  [33mheight[39m=[32m"24"[39m
                  [33mstroke[39m=[32m"currentColor"[39m
                  [33mstroke-linecap[39m=[32m"round"[39m
                  [33mstroke-linejoin[39m=[32m"round"[39m
                  [33mstroke-width[39m=[32m"2"[39m
                  [33mviewBox[39m=[32m"0 0 24 24"[39m
                  [33mwidth[39m=[32m"24"[39m
                  [33mxmlns[39m=[32m"http://www.w3.org/2000/svg"[39m
                [36m>[39m
                  [36m<path[39m
                    [33md[39m=[32m"M15 21v-8a1 1 0 0 0-1-1h-4a1 1 0 0 0-1 1v8"[39m
                  [36m/>[39m
                  [36m<path[39m
                    [33md[39m=[32m"M3 10a2 2 0 0 1 .709-1.528l7-6a2 2 0 0 1 2.582 0l7 6A2 2 0 0 1 21 10v9a2 2 0 0 1-2 2H5a2 2 0 0 1-2-2z"[39m
                  [36m/>[39m
                [36m</svg>[39m
                [0m홈으로 가기[0m
              [36m</button>[39m
            [36m</div>[39m
          [36m</div>[39m
          [36m<div[39m
            [33mclass[39m=[32m"border-t pt-4"[39m
          [36m>[39m
            [36m<p[39m
              [33mclass[39m=[32m"text-xs text-center text-muted-foreground"[39m
            [36m>[39m
              [0m권한이 있다고 생각되시나요?[0m
            [36m</p>[39m
            [36m<p[39m
              [33mclass[39m=[32m"text-xs text-center text-muted-foreground mt-1"[39m
            [36m>[39m
              [0m관리자에게 문의하거나 다시 로그인해보세요.[0m
            [36m</p>[39m
          [36m</div>[39m
        [36m</div>[39m
      [36m</div>[39m
    [36m</div>[39m
  [36m</div>[39m
[36m</body>[39m
[90m [2m❯[22m Object.getElementError node_modules/@testing-library/dom/dist/config.js:[2m37:19[22m[39m
[90m [2m❯[22m node_modules/@testing-library/dom/dist/query-helpers.js:[2m76:38[22m[39m
[90m [2m❯[22m node_modules/@testing-library/dom/dist/query-helpers.js:[2m52:17[22m[39m
[90m [2m❯[22m node_modules/@testing-library/dom/dist/query-helpers.js:[2m95:19[22m[39m
[36m [2m❯[22m src/app/__tests__/403-page.test.tsx:[2m103:21[22m[39m
    [90m101| [39m      [34mrender[39m([33m<[39m[33mForbiddenPage[39m [33m/[39m[33m>[39m)[33m;[39m
    [90m102| [39m
    [90m103| [39m      expect(screen.getByText('소유자만 접근할 수 있는 페이지입니다.')).toBeInTheDocum…
    [90m   | [39m                    [31m^[39m
    [90m104| [39m    })[33m;[39m
    [90m105| [39m

[31m[2m⎯⎯⎯⎯⎯⎯⎯⎯⎯⎯⎯⎯⎯⎯⎯⎯⎯⎯⎯⎯⎯[25/143]⎯[22m[39m

[41m[1m FAIL [22m[49m src/app/__tests__/403-page.test.tsx[2m > [22mForbiddenPage Coverage Enhancement[2m > [22mReason Messages[2m > [22mshould display pending approval message
[31m[1mTestingLibraryElementError[22m[39m: Unable to find an element with the text: 계정 승인이 완료된 후 접근할 수 있습니다.. This could be because the text is broken up by multiple elements. In this case, you can provide a function for your text matcher to make your matcher more flexible.

Ignored nodes: comments, script, style
[36m<body>[39m
  [36m<div>[39m
    [36m<div[39m
      [33mclass[39m=[32m"flex min-h-screen items-center justify-center p-4 bg-slate-50"[39m
    [36m>[39m
      [36m<div[39m
        [33mclass[39m=[32m"rounded-lg border bg-card text-card-foreground shadow-sm max-w-md w-full"[39m
      [36m>[39m
        [36m<div[39m
          [33mclass[39m=[32m"flex flex-col space-y-1.5 p-6 text-center"[39m
        [36m>[39m
          [36m<div[39m
            [33mclass[39m=[32m"flex justify-center mb-4"[39m
          [36m>[39m
            [36m<div[39m
              [33mclass[39m=[32m"rounded-full bg-orange-100 p-4"[39m
            [36m>[39m
              [36m<svg[39m
                [33maria-hidden[39m=[32m"true"[39m
                [33mclass[39m=[32m"lucide lucide-shield-off h-12 w-12 text-orange-600"[39m
                [33mfill[39m=[32m"none"[39m
                [33mheight[39m=[32m"24"[39m
                [33mstroke[39m=[32m"currentColor"[39m
                [33mstroke-linecap[39m=[32m"round"[39m
                [33mstroke-linejoin[39m=[32m"round"[39m
                [33mstroke-width[39m=[32m"2"[39m
                [33mviewBox[39m=[32m"0 0 24 24"[39m
                [33mwidth[39m=[32m"24"[39m
                [33mxmlns[39m=[32m"http://www.w3.org/2000/svg"[39m
              [36m>[39m
                [36m<path[39m
                  [33md[39m=[32m"m2 2 20 20"[39m
                [36m/>[39m
                [36m<path[39m
                  [33md[39m=[32m"M5 5a1 1 0 0 0-1 1v7c0 5 3.5 7.5 7.67 8.94a1 1 0 0 0 .67.01c2.35-.82 4.48-1.97 5.9-3.71"[39m
                [36m/>[39m
                [36m<path[39m
                  [33md[39m=[32m"M9.309 3.652A12.252 12.252 0 0 0 11.24 2.28a1.17 1.17 0 0 1 1.52 0C14.51 3.81 17 5 19 5a1 1 0 0 1 1 1v7a9.784 9.784 0 0 1-.08 1.264"[39m
                [36m/>[39m
              [36m</svg>[39m
            [36m</div>[39m
          [36m</div>[39m
          [36m<div[39m
            [33mclass[39m=[32m"font-semibold tracking-tight text-2xl"[39m
          [36m>[39m
            [0m접근 거부[0m
          [36m</div>[39m
          [36m<div[39m
            [33mclass[39m=[32m"text-sm text-muted-foreground mt-2"[39m
          [36m>[39m
            [0m이 페이지에 접근할 권한이 없습니다.[0m
          [36m</div>[39m
        [36m</div>[39m
        [36m<div[39m
          [33mclass[39m=[32m"p-6 pt-0 space-y-6"[39m
        [36m>[39m
          [36m<div[39m
            [33mclass[39m=[32m"space-y-3"[39m
          [36m>[39m
            [36m<p[39m
              [33mclass[39m=[32m"text-sm text-center text-slate-600"[39m
            [36m>[39m
              [0m로그인이 필요합니다.[0m
            [36m</p>[39m
            [36m<div[39m
              [33mclass[39m=[32m"flex flex-col gap-2"[39m
            [36m>[39m
              [36m<button[39m
                [33mclass[39m=[32m"inline-flex items-center justify-center gap-2 whitespace-nowrap rounded-md text-sm font-medium ring-offset-background transition-colors focus-visible:outline-none focus-visible:ring-2 focus-visible:ring-ring focus-visible:ring-offset-2 disabled:pointer-events-none disabled:opacity-50 [&_svg]:pointer-events-none [&_svg]:size-4 [&_svg]:shrink-0 bg-primary text-primary-foreground hover:bg-primary/90 h-10 px-4 py-2 w-full"[39m
              [36m>[39m
                [0m로그인하기[0m
              [36m</button>[39m
              [36m<button[39m
                [33mclass[39m=[32m"inline-flex items-center justify-center gap-2 whitespace-nowrap rounded-md text-sm font-medium ring-offset-background transition-colors focus-visible:outline-none focus-visible:ring-2 focus-visible:ring-ring focus-visible:ring-offset-2 disabled:pointer-events-none disabled:opacity-50 [&_svg]:pointer-events-none [&_svg]:size-4 [&_svg]:shrink-0 border border-input bg-background hover:bg-accent hover:text-accent-foreground h-10 px-4 py-2 w-full"[39m
              [36m>[39m
                [36m<svg[39m
                  [33maria-hidden[39m=[32m"true"[39m
                  [33mclass[39m=[32m"lucide lucide-arrow-left mr-2 h-4 w-4"[39m
                  [33mfill[39m=[32m"none"[39m
                  [33mheight[39m=[32m"24"[39m
                  [33mstroke[39m=[32m"currentColor"[39m
                  [33mstroke-linecap[39m=[32m"round"[39m
                  [33mstroke-linejoin[39m=[32m"round"[39m
                  [33mstroke-width[39m=[32m"2"[39m
                  [33mviewBox[39m=[32m"0 0 24 24"[39m
                  [33mwidth[39m=[32m"24"[39m
                  [33mxmlns[39m=[32m"http://www.w3.org/2000/svg"[39m
                [36m>[39m
                  [36m<path[39m
                    [33md[39m=[32m"m12 19-7-7 7-7"[39m
                  [36m/>[39m
                  [36m<path[39m
                    [33md[39m=[32m"M19 12H5"[39m
                  [36m/>[39m
                [36m</svg>[39m
                [0m이전 페이지로 돌아가기[0m
              [36m</button>[39m
              [36m<button[39m
                [33mclass[39m=[32m"inline-flex items-center justify-center gap-2 whitespace-nowrap rounded-md text-sm font-medium ring-offset-background transition-colors focus-visible:outline-none focus-visible:ring-2 focus-visible:ring-ring focus-visible:ring-offset-2 disabled:pointer-events-none disabled:opacity-50 [&_svg]:pointer-events-none [&_svg]:size-4 [&_svg]:shrink-0 hover:bg-accent hover:text-accent-foreground h-10 px-4 py-2 w-full"[39m
              [36m>[39m
                [36m<svg[39m
                  [33maria-hidden[39m=[32m"true"[39m
                  [33mclass[39m=[32m"lucide lucide-house mr-2 h-4 w-4"[39m
                  [33mfill[39m=[32m"none"[39m
                  [33mheight[39m=[32m"24"[39m
                  [33mstroke[39m=[32m"currentColor"[39m
                  [33mstroke-linecap[39m=[32m"round"[39m
                  [33mstroke-linejoin[39m=[32m"round"[39m
                  [33mstroke-width[39m=[32m"2"[39m
                  [33mviewBox[39m=[32m"0 0 24 24"[39m
                  [33mwidth[39m=[32m"24"[39m
                  [33mxmlns[39m=[32m"http://www.w3.org/2000/svg"[39m
                [36m>[39m
                  [36m<path[39m
                    [33md[39m=[32m"M15 21v-8a1 1 0 0 0-1-1h-4a1 1 0 0 0-1 1v8"[39m
                  [36m/>[39m
                  [36m<path[39m
                    [33md[39m=[32m"M3 10a2 2 0 0 1 .709-1.528l7-6a2 2 0 0 1 2.582 0l7 6A2 2 0 0 1 21 10v9a2 2 0 0 1-2 2H5a2 2 0 0 1-2-2z"[39m
                  [36m/>[39m
                [36m</svg>[39m
                [0m홈으로 가기[0m
              [36m</button>[39m
            [36m</div>[39m
          [36m</div>[39m
          [36m<div[39m
            [33mclass[39m=[32m"border-t pt-4"[39m
          [36m>[39m
            [36m<p[39m
              [33mclass[39m=[32m"text-xs text-center text-muted-foreground"[39m
            [36m>[39m
              [0m권한이 있다고 생각되시나요?[0m
            [36m</p>[39m
            [36m<p[39m
              [33mclass[39m=[32m"text-xs text-center text-muted-foreground mt-1"[39m
            [36m>[39m
              [0m관리자에게 문의하거나 다시 로그인해보세요.[0m
            [36m</p>[39m
          [36m</div>[39m
        [36m</div>[39m
      [36m</div>[39m
    [36m</div>[39m
  [36m</div>[39m
[36m</body>[39m
[90m [2m❯[22m Object.getElementError node_modules/@testing-library/dom/dist/config.js:[2m37:19[22m[39m
[90m [2m❯[22m node_modules/@testing-library/dom/dist/query-helpers.js:[2m76:38[22m[39m
[90m [2m❯[22m node_modules/@testing-library/dom/dist/query-helpers.js:[2m52:17[22m[39m
[90m [2m❯[22m node_modules/@testing-library/dom/dist/query-helpers.js:[2m95:19[22m[39m
[36m [2m❯[22m src/app/__tests__/403-page.test.tsx:[2m115:21[22m[39m
    [90m113| [39m      [34mrender[39m([33m<[39m[33mForbiddenPage[39m [33m/[39m[33m>[39m)[33m;[39m
    [90m114| [39m
    [90m115| [39m      expect(screen.getByText('계정 승인이 완료된 후 접근할 수 있습니다.')).toBeInTheDo…
    [90m   | [39m                    [31m^[39m
    [90m116| [39m    })[33m;[39m
    [90m117| [39m  })[33m;[39m

[31m[2m⎯⎯⎯⎯⎯⎯⎯⎯⎯⎯⎯⎯⎯⎯⎯⎯⎯⎯⎯⎯⎯[26/143]⎯[22m[39m

[41m[1m FAIL [22m[49m src/app/__tests__/403-page.test.tsx[2m > [22mForbiddenPage Coverage Enhancement[2m > [22mSuggested Actions[2m > [22mshould show pending approval action when user status is pending
[31m[1mTestingLibraryElementError[22m[39m: Unable to find an element with the text: 계정 승인을 기다리고 있습니다.. This could be because the text is broken up by multiple elements. In this case, you can provide a function for your text matcher to make your matcher more flexible.

Ignored nodes: comments, script, style
[36m<body>[39m
  [36m<div>[39m
    [36m<div[39m
      [33mclass[39m=[32m"flex min-h-screen items-center justify-center p-4 bg-slate-50"[39m
    [36m>[39m
      [36m<div[39m
        [33mclass[39m=[32m"rounded-lg border bg-card text-card-foreground shadow-sm max-w-md w-full"[39m
      [36m>[39m
        [36m<div[39m
          [33mclass[39m=[32m"flex flex-col space-y-1.5 p-6 text-center"[39m
        [36m>[39m
          [36m<div[39m
            [33mclass[39m=[32m"flex justify-center mb-4"[39m
          [36m>[39m
            [36m<div[39m
              [33mclass[39m=[32m"rounded-full bg-orange-100 p-4"[39m
            [36m>[39m
              [36m<svg[39m
                [33maria-hidden[39m=[32m"true"[39m
                [33mclass[39m=[32m"lucide lucide-shield-off h-12 w-12 text-orange-600"[39m
                [33mfill[39m=[32m"none"[39m
                [33mheight[39m=[32m"24"[39m
                [33mstroke[39m=[32m"currentColor"[39m
                [33mstroke-linecap[39m=[32m"round"[39m
                [33mstroke-linejoin[39m=[32m"round"[39m
                [33mstroke-width[39m=[32m"2"[39m
                [33mviewBox[39m=[32m"0 0 24 24"[39m
                [33mwidth[39m=[32m"24"[39m
                [33mxmlns[39m=[32m"http://www.w3.org/2000/svg"[39m
              [36m>[39m
                [36m<path[39m
                  [33md[39m=[32m"m2 2 20 20"[39m
                [36m/>[39m
                [36m<path[39m
                  [33md[39m=[32m"M5 5a1 1 0 0 0-1 1v7c0 5 3.5 7.5 7.67 8.94a1 1 0 0 0 .67.01c2.35-.82 4.48-1.97 5.9-3.71"[39m
                [36m/>[39m
                [36m<path[39m
                  [33md[39m=[32m"M9.309 3.652A12.252 12.252 0 0 0 11.24 2.28a1.17 1.17 0 0 1 1.52 0C14.51 3.81 17 5 19 5a1 1 0 0 1 1 1v7a9.784 9.784 0 0 1-.08 1.264"[39m
                [36m/>[39m
              [36m</svg>[39m
            [36m</div>[39m
          [36m</div>[39m
          [36m<div[39m
            [33mclass[39m=[32m"font-semibold tracking-tight text-2xl"[39m
          [36m>[39m
            [0m접근 거부[0m
          [36m</div>[39m
          [36m<div[39m
            [33mclass[39m=[32m"text-sm text-muted-foreground mt-2"[39m
          [36m>[39m
            [0m이 페이지에 접근할 권한이 없습니다.[0m
          [36m</div>[39m
        [36m</div>[39m
        [36m<div[39m
          [33mclass[39m=[32m"p-6 pt-0 space-y-6"[39m
        [36m>[39m
          [36m<div[39m
            [33mclass[39m=[32m"space-y-3"[39m
          [36m>[39m
            [36m<p[39m
              [33mclass[39m=[32m"text-sm text-center text-slate-600"[39m
            [36m>[39m
              [0m로그인이 필요합니다.[0m
            [36m</p>[39m
            [36m<div[39m
              [33mclass[39m=[32m"flex flex-col gap-2"[39m
            [36m>[39m
              [36m<button[39m
                [33mclass[39m=[32m"inline-flex items-center justify-center gap-2 whitespace-nowrap rounded-md text-sm font-medium ring-offset-background transition-colors focus-visible:outline-none focus-visible:ring-2 focus-visible:ring-ring focus-visible:ring-offset-2 disabled:pointer-events-none disabled:opacity-50 [&_svg]:pointer-events-none [&_svg]:size-4 [&_svg]:shrink-0 bg-primary text-primary-foreground hover:bg-primary/90 h-10 px-4 py-2 w-full"[39m
              [36m>[39m
                [0m로그인하기[0m
              [36m</button>[39m
              [36m<button[39m
                [33mclass[39m=[32m"inline-flex items-center justify-center gap-2 whitespace-nowrap rounded-md text-sm font-medium ring-offset-background transition-colors focus-visible:outline-none focus-visible:ring-2 focus-visible:ring-ring focus-visible:ring-offset-2 disabled:pointer-events-none disabled:opacity-50 [&_svg]:pointer-events-none [&_svg]:size-4 [&_svg]:shrink-0 border border-input bg-background hover:bg-accent hover:text-accent-foreground h-10 px-4 py-2 w-full"[39m
              [36m>[39m
                [36m<svg[39m
                  [33maria-hidden[39m=[32m"true"[39m
                  [33mclass[39m=[32m"lucide lucide-arrow-left mr-2 h-4 w-4"[39m
                  [33mfill[39m=[32m"none"[39m
                  [33mheight[39m=[32m"24"[39m
                  [33mstroke[39m=[32m"currentColor"[39m
                  [33mstroke-linecap[39m=[32m"round"[39m
                  [33mstroke-linejoin[39m=[32m"round"[39m
                  [33mstroke-width[39m=[32m"2"[39m
                  [33mviewBox[39m=[32m"0 0 24 24"[39m
                  [33mwidth[39m=[32m"24"[39m
                  [33mxmlns[39m=[32m"http://www.w3.org/2000/svg"[39m
                [36m>[39m
                  [36m<path[39m
                    [33md[39m=[32m"m12 19-7-7 7-7"[39m
                  [36m/>[39m
                  [36m<path[39m
                    [33md[39m=[32m"M19 12H5"[39m
                  [36m/>[39m
                [36m</svg>[39m
                [0m이전 페이지로 돌아가기[0m
              [36m</button>[39m
              [36m<button[39m
                [33mclass[39m=[32m"inline-flex items-center justify-center gap-2 whitespace-nowrap rounded-md text-sm font-medium ring-offset-background transition-colors focus-visible:outline-none focus-visible:ring-2 focus-visible:ring-ring focus-visible:ring-offset-2 disabled:pointer-events-none disabled:opacity-50 [&_svg]:pointer-events-none [&_svg]:size-4 [&_svg]:shrink-0 hover:bg-accent hover:text-accent-foreground h-10 px-4 py-2 w-full"[39m
              [36m>[39m
                [36m<svg[39m
                  [33maria-hidden[39m=[32m"true"[39m
                  [33mclass[39m=[32m"lucide lucide-house mr-2 h-4 w-4"[39m
                  [33mfill[39m=[32m"none"[39m
                  [33mheight[39m=[32m"24"[39m
                  [33mstroke[39m=[32m"currentColor"[39m
                  [33mstroke-linecap[39m=[32m"round"[39m
                  [33mstroke-linejoin[39m=[32m"round"[39m
                  [33mstroke-width[39m=[32m"2"[39m
                  [33mviewBox[39m=[32m"0 0 24 24"[39m
                  [33mwidth[39m=[32m"24"[39m
                  [33mxmlns[39m=[32m"http://www.w3.org/2000/svg"[39m
                [36m>[39m
                  [36m<path[39m
                    [33md[39m=[32m"M15 21v-8a1 1 0 0 0-1-1h-4a1 1 0 0 0-1 1v8"[39m
                  [36m/>[39m
                  [36m<path[39m
                    [33md[39m=[32m"M3 10a2 2 0 0 1 .709-1.528l7-6a2 2 0 0 1 2.582 0l7 6A2 2 0 0 1 21 10v9a2 2 0 0 1-2 2H5a2 2 0 0 1-2-2z"[39m
                  [36m/>[39m
                [36m</svg>[39m
                [0m홈으로 가기[0m
              [36m</button>[39m
            [36m</div>[39m
          [36m</div>[39m
          [36m<div[39m
            [33mclass[39m=[32m"border-t pt-4"[39m
          [36m>[39m
            [36m<p[39m
              [33mclass[39m=[32m"text-xs text-center text-muted-foreground"[39m
            [36m>[39m
              [0m권한이 있다고 생각되시나요?[0m
            [36m</p>[39m
            [36m<p[39m
              [33mclass[39m=[32m"text-xs text-center text-muted-foreground mt-1"[39m
            [36m>[39m
              [0m관리자에게 문의하거나 다시 로그인해보세요.[0m
            [36m</p>[39m
          [36m</div>[39m
        [36m</div>[39m
      [36m</div>[39m
    [36m</div>[39m
  [36m</div>[39m
[36m</body>[39m
[90m [2m❯[22m Object.getElementError node_modules/@testing-library/dom/dist/config.js:[2m37:19[22m[39m
[90m [2m❯[22m node_modules/@testing-library/dom/dist/query-helpers.js:[2m76:38[22m[39m
[90m [2m❯[22m node_modules/@testing-library/dom/dist/query-helpers.js:[2m52:17[22m[39m
[90m [2m❯[22m node_modules/@testing-library/dom/dist/query-helpers.js:[2m95:19[22m[39m
[36m [2m❯[22m src/app/__tests__/403-page.test.tsx:[2m155:21[22m[39m
    [90m153| [39m      [34mrender[39m([33m<[39m[33mForbiddenPage[39m [33m/[39m[33m>[39m)[33m;[39m
    [90m154| [39m
    [90m155| [39m      expect(screen.getByText('계정 승인을 기다리고 있습니다.')).toBeInTheDocument(…
    [90m   | [39m                    [31m^[39m
    [90m156| [39m      [34mexpect[39m(screen[33m.[39m[34mgetByText[39m([32m'승인 상태 확인'[39m))[33m.[39m[34mtoBeInTheDocument[39m()[33m;[39m
    [90m157| [39m    })[33m;[39m

[31m[2m⎯⎯⎯⎯⎯⎯⎯⎯⎯⎯⎯⎯⎯⎯⎯⎯⎯⎯⎯⎯⎯[27/143]⎯[22m[39m

[41m[1m FAIL [22m[49m src/app/__tests__/403-page.test.tsx[2m > [22mForbiddenPage Coverage Enhancement[2m > [22mSuggested Actions[2m > [22mshould show default route action for authenticated users
[31m[1mTestingLibraryElementError[22m[39m: Unable to find an element with the text: 접근 가능한 페이지로 이동하세요.. This could be because the text is broken up by multiple elements. In this case, you can provide a function for your text matcher to make your matcher more flexible.

Ignored nodes: comments, script, style
[36m<body>[39m
  [36m<div>[39m
    [36m<div[39m
      [33mclass[39m=[32m"flex min-h-screen items-center justify-center p-4 bg-slate-50"[39m
    [36m>[39m
      [36m<div[39m
        [33mclass[39m=[32m"rounded-lg border bg-card text-card-foreground shadow-sm max-w-md w-full"[39m
      [36m>[39m
        [36m<div[39m
          [33mclass[39m=[32m"flex flex-col space-y-1.5 p-6 text-center"[39m
        [36m>[39m
          [36m<div[39m
            [33mclass[39m=[32m"flex justify-center mb-4"[39m
          [36m>[39m
            [36m<div[39m
              [33mclass[39m=[32m"rounded-full bg-orange-100 p-4"[39m
            [36m>[39m
              [36m<svg[39m
                [33maria-hidden[39m=[32m"true"[39m
                [33mclass[39m=[32m"lucide lucide-shield-off h-12 w-12 text-orange-600"[39m
                [33mfill[39m=[32m"none"[39m
                [33mheight[39m=[32m"24"[39m
                [33mstroke[39m=[32m"currentColor"[39m
                [33mstroke-linecap[39m=[32m"round"[39m
                [33mstroke-linejoin[39m=[32m"round"[39m
                [33mstroke-width[39m=[32m"2"[39m
                [33mviewBox[39m=[32m"0 0 24 24"[39m
                [33mwidth[39m=[32m"24"[39m
                [33mxmlns[39m=[32m"http://www.w3.org/2000/svg"[39m
              [36m>[39m
                [36m<path[39m
                  [33md[39m=[32m"m2 2 20 20"[39m
                [36m/>[39m
                [36m<path[39m
                  [33md[39m=[32m"M5 5a1 1 0 0 0-1 1v7c0 5 3.5 7.5 7.67 8.94a1 1 0 0 0 .67.01c2.35-.82 4.48-1.97 5.9-3.71"[39m
                [36m/>[39m
                [36m<path[39m
                  [33md[39m=[32m"M9.309 3.652A12.252 12.252 0 0 0 11.24 2.28a1.17 1.17 0 0 1 1.52 0C14.51 3.81 17 5 19 5a1 1 0 0 1 1 1v7a9.784 9.784 0 0 1-.08 1.264"[39m
                [36m/>[39m
              [36m</svg>[39m
            [36m</div>[39m
          [36m</div>[39m
          [36m<div[39m
            [33mclass[39m=[32m"font-semibold tracking-tight text-2xl"[39m
          [36m>[39m
            [0m접근 거부[0m
          [36m</div>[39m
          [36m<div[39m
            [33mclass[39m=[32m"text-sm text-muted-foreground mt-2"[39m
          [36m>[39m
            [0m이 페이지에 접근할 권한이 없습니다.[0m
          [36m</div>[39m
        [36m</div>[39m
        [36m<div[39m
          [33mclass[39m=[32m"p-6 pt-0 space-y-6"[39m
        [36m>[39m
          [36m<div[39m
            [33mclass[39m=[32m"space-y-3"[39m
          [36m>[39m
            [36m<p[39m
              [33mclass[39m=[32m"text-sm text-center text-slate-600"[39m
            [36m>[39m
              [0m로그인이 필요합니다.[0m
            [36m</p>[39m
            [36m<div[39m
              [33mclass[39m=[32m"flex flex-col gap-2"[39m
            [36m>[39m
              [36m<button[39m
                [33mclass[39m=[32m"inline-flex items-center justify-center gap-2 whitespace-nowrap rounded-md text-sm font-medium ring-offset-background transition-colors focus-visible:outline-none focus-visible:ring-2 focus-visible:ring-ring focus-visible:ring-offset-2 disabled:pointer-events-none disabled:opacity-50 [&_svg]:pointer-events-none [&_svg]:size-4 [&_svg]:shrink-0 bg-primary text-primary-foreground hover:bg-primary/90 h-10 px-4 py-2 w-full"[39m
              [36m>[39m
                [0m로그인하기[0m
              [36m</button>[39m
              [36m<button[39m
                [33mclass[39m=[32m"inline-flex items-center justify-center gap-2 whitespace-nowrap rounded-md text-sm font-medium ring-offset-background transition-colors focus-visible:outline-none focus-visible:ring-2 focus-visible:ring-ring focus-visible:ring-offset-2 disabled:pointer-events-none disabled:opacity-50 [&_svg]:pointer-events-none [&_svg]:size-4 [&_svg]:shrink-0 border border-input bg-background hover:bg-accent hover:text-accent-foreground h-10 px-4 py-2 w-full"[39m
              [36m>[39m
                [36m<svg[39m
                  [33maria-hidden[39m=[32m"true"[39m
                  [33mclass[39m=[32m"lucide lucide-arrow-left mr-2 h-4 w-4"[39m
                  [33mfill[39m=[32m"none"[39m
                  [33mheight[39m=[32m"24"[39m
                  [33mstroke[39m=[32m"currentColor"[39m
                  [33mstroke-linecap[39m=[32m"round"[39m
                  [33mstroke-linejoin[39m=[32m"round"[39m
                  [33mstroke-width[39m=[32m"2"[39m
                  [33mviewBox[39m=[32m"0 0 24 24"[39m
                  [33mwidth[39m=[32m"24"[39m
                  [33mxmlns[39m=[32m"http://www.w3.org/2000/svg"[39m
                [36m>[39m
                  [36m<path[39m
                    [33md[39m=[32m"m12 19-7-7 7-7"[39m
                  [36m/>[39m
                  [36m<path[39m
                    [33md[39m=[32m"M19 12H5"[39m
                  [36m/>[39m
                [36m</svg>[39m
                [0m이전 페이지로 돌아가기[0m
              [36m</button>[39m
              [36m<button[39m
                [33mclass[39m=[32m"inline-flex items-center justify-center gap-2 whitespace-nowrap rounded-md text-sm font-medium ring-offset-background transition-colors focus-visible:outline-none focus-visible:ring-2 focus-visible:ring-ring focus-visible:ring-offset-2 disabled:pointer-events-none disabled:opacity-50 [&_svg]:pointer-events-none [&_svg]:size-4 [&_svg]:shrink-0 hover:bg-accent hover:text-accent-foreground h-10 px-4 py-2 w-full"[39m
              [36m>[39m
                [36m<svg[39m
                  [33maria-hidden[39m=[32m"true"[39m
                  [33mclass[39m=[32m"lucide lucide-house mr-2 h-4 w-4"[39m
                  [33mfill[39m=[32m"none"[39m
                  [33mheight[39m=[32m"24"[39m
                  [33mstroke[39m=[32m"currentColor"[39m
                  [33mstroke-linecap[39m=[32m"round"[39m
                  [33mstroke-linejoin[39m=[32m"round"[39m
                  [33mstroke-width[39m=[32m"2"[39m
                  [33mviewBox[39m=[32m"0 0 24 24"[39m
                  [33mwidth[39m=[32m"24"[39m
                  [33mxmlns[39m=[32m"http://www.w3.org/2000/svg"[39m
                [36m>[39m
                  [36m<path[39m
                    [33md[39m=[32m"M15 21v-8a1 1 0 0 0-1-1h-4a1 1 0 0 0-1 1v8"[39m
                  [36m/>[39m
                  [36m<path[39m
                    [33md[39m=[32m"M3 10a2 2 0 0 1 .709-1.528l7-6a2 2 0 0 1 2.582 0l7 6A2 2 0 0 1 21 10v9a2 2 0 0 1-2 2H5a2 2 0 0 1-2-2z"[39m
                  [36m/>[39m
                [36m</svg>[39m
                [0m홈으로 가기[0m
              [36m</button>[39m
            [36m</div>[39m
          [36m</div>[39m
          [36m<div[39m
            [33mclass[39m=[32m"border-t pt-4"[39m
          [36m>[39m
            [36m<p[39m
              [33mclass[39m=[32m"text-xs text-center text-muted-foreground"[39m
            [36m>[39m
              [0m권한이 있다고 생각되시나요?[0m
            [36m</p>[39m
            [36m<p[39m
              [33mclass[39m=[32m"text-xs text-center text-muted-foreground mt-1"[39m
            [36m>[39m
              [0m관리자에게 문의하거나 다시 로그인해보세요.[0m
            [36m</p>[39m
          [36m</div>[39m
        [36m</div>[39m
      [36m</div>[39m
    [36m</div>[39m
  [36m</div>[39m
[36m</body>[39m
[90m [2m❯[22m Object.getElementError node_modules/@testing-library/dom/dist/config.js:[2m37:19[22m[39m
[90m [2m❯[22m node_modules/@testing-library/dom/dist/query-helpers.js:[2m76:38[22m[39m
[90m [2m❯[22m node_modules/@testing-library/dom/dist/query-helpers.js:[2m52:17[22m[39m
[90m [2m❯[22m node_modules/@testing-library/dom/dist/query-helpers.js:[2m95:19[22m[39m
[36m [2m❯[22m src/app/__tests__/403-page.test.tsx:[2m178:21[22m[39m
    [90m176| [39m      [34mrender[39m([33m<[39m[33mForbiddenPage[39m [33m/[39m[33m>[39m)[33m;[39m
    [90m177| [39m
    [90m178| [39m      expect(screen.getByText('접근 가능한 페이지로 이동하세요.')).toBeInTheDocument…
    [90m   | [39m                    [31m^[39m
    [90m179| [39m      [34mexpect[39m(screen[33m.[39m[34mgetByText[39m([32m'대시보드로 이동'[39m))[33m.[39m[34mtoBeInTheDocument[39m()[33m;[39m
    [90m180| [39m    })[33m;[39m

[31m[2m⎯⎯⎯⎯⎯⎯⎯⎯⎯⎯⎯⎯⎯⎯⎯⎯⎯⎯⎯⎯⎯[28/143]⎯[22m[39m

[41m[1m FAIL [22m[49m src/app/__tests__/403-page.test.tsx[2m > [22mForbiddenPage Coverage Enhancement[2m > [22mNavigation Actions[2m > [22mshould navigate to login when login button is clicked
[31m[1mAssertionError[22m: expected "vi.fn()" to be called with arguments: [ '/login' ][90m

Number of calls: [1m0[22m
[31m[39m
[36m [2m❯[22m src/app/__tests__/403-page.test.tsx:[2m204:24[22m[39m
    [90m202| [39m      fireEvent[33m.[39m[34mclick[39m(loginButton)[33m;[39m
    [90m203| [39m
    [90m204| [39m      [34mexpect[39m(mockPush)[33m.[39m[34mtoHaveBeenCalledWith[39m([32m'/login'[39m)[33m;[39m
    [90m   | [39m                       [31m^[39m
    [90m205| [39m    })[33m;[39m
    [90m206| [39m

[31m[2m⎯⎯⎯⎯⎯⎯⎯⎯⎯⎯⎯⎯⎯⎯⎯⎯⎯⎯⎯⎯⎯[29/143]⎯[22m[39m

[41m[1m FAIL [22m[49m src/app/__tests__/403-page.test.tsx[2m > [22mForbiddenPage Coverage Enhancement[2m > [22mNavigation Actions[2m > [22mshould navigate to pending approval when pending button is clicked
[31m[1mTestingLibraryElementError[22m[39m: Unable to find an element with the text: 승인 상태 확인. This could be because the text is broken up by multiple elements. In this case, you can provide a function for your text matcher to make your matcher more flexible.

Ignored nodes: comments, script, style
[36m<body>[39m
  [36m<div>[39m
    [36m<div[39m
      [33mclass[39m=[32m"flex min-h-screen items-center justify-center p-4 bg-slate-50"[39m
    [36m>[39m
      [36m<div[39m
        [33mclass[39m=[32m"rounded-lg border bg-card text-card-foreground shadow-sm max-w-md w-full"[39m
      [36m>[39m
        [36m<div[39m
          [33mclass[39m=[32m"flex flex-col space-y-1.5 p-6 text-center"[39m
        [36m>[39m
          [36m<div[39m
            [33mclass[39m=[32m"flex justify-center mb-4"[39m
          [36m>[39m
            [36m<div[39m
              [33mclass[39m=[32m"rounded-full bg-orange-100 p-4"[39m
            [36m>[39m
              [36m<svg[39m
                [33maria-hidden[39m=[32m"true"[39m
                [33mclass[39m=[32m"lucide lucide-shield-off h-12 w-12 text-orange-600"[39m
                [33mfill[39m=[32m"none"[39m
                [33mheight[39m=[32m"24"[39m
                [33mstroke[39m=[32m"currentColor"[39m
                [33mstroke-linecap[39m=[32m"round"[39m
                [33mstroke-linejoin[39m=[32m"round"[39m
                [33mstroke-width[39m=[32m"2"[39m
                [33mviewBox[39m=[32m"0 0 24 24"[39m
                [33mwidth[39m=[32m"24"[39m
                [33mxmlns[39m=[32m"http://www.w3.org/2000/svg"[39m
              [36m>[39m
                [36m<path[39m
                  [33md[39m=[32m"m2 2 20 20"[39m
                [36m/>[39m
                [36m<path[39m
                  [33md[39m=[32m"M5 5a1 1 0 0 0-1 1v7c0 5 3.5 7.5 7.67 8.94a1 1 0 0 0 .67.01c2.35-.82 4.48-1.97 5.9-3.71"[39m
                [36m/>[39m
                [36m<path[39m
                  [33md[39m=[32m"M9.309 3.652A12.252 12.252 0 0 0 11.24 2.28a1.17 1.17 0 0 1 1.52 0C14.51 3.81 17 5 19 5a1 1 0 0 1 1 1v7a9.784 9.784 0 0 1-.08 1.264"[39m
                [36m/>[39m
              [36m</svg>[39m
            [36m</div>[39m
          [36m</div>[39m
          [36m<div[39m
            [33mclass[39m=[32m"font-semibold tracking-tight text-2xl"[39m
          [36m>[39m
            [0m접근 거부[0m
          [36m</div>[39m
          [36m<div[39m
            [33mclass[39m=[32m"text-sm text-muted-foreground mt-2"[39m
          [36m>[39m
            [0m이 페이지에 접근할 권한이 없습니다.[0m
          [36m</div>[39m
        [36m</div>[39m
        [36m<div[39m
          [33mclass[39m=[32m"p-6 pt-0 space-y-6"[39m
        [36m>[39m
          [36m<div[39m
            [33mclass[39m=[32m"space-y-3"[39m
          [36m>[39m
            [36m<p[39m
              [33mclass[39m=[32m"text-sm text-center text-slate-600"[39m
            [36m>[39m
              [0m로그인이 필요합니다.[0m
            [36m</p>[39m
            [36m<div[39m
              [33mclass[39m=[32m"flex flex-col gap-2"[39m
            [36m>[39m
              [36m<button[39m
                [33mclass[39m=[32m"inline-flex items-center justify-center gap-2 whitespace-nowrap rounded-md text-sm font-medium ring-offset-background transition-colors focus-visible:outline-none focus-visible:ring-2 focus-visible:ring-ring focus-visible:ring-offset-2 disabled:pointer-events-none disabled:opacity-50 [&_svg]:pointer-events-none [&_svg]:size-4 [&_svg]:shrink-0 bg-primary text-primary-foreground hover:bg-primary/90 h-10 px-4 py-2 w-full"[39m
              [36m>[39m
                [0m로그인하기[0m
              [36m</button>[39m
              [36m<button[39m
                [33mclass[39m=[32m"inline-flex items-center justify-center gap-2 whitespace-nowrap rounded-md text-sm font-medium ring-offset-background transition-colors focus-visible:outline-none focus-visible:ring-2 focus-visible:ring-ring focus-visible:ring-offset-2 disabled:pointer-events-none disabled:opacity-50 [&_svg]:pointer-events-none [&_svg]:size-4 [&_svg]:shrink-0 border border-input bg-background hover:bg-accent hover:text-accent-foreground h-10 px-4 py-2 w-full"[39m
              [36m>[39m
                [36m<svg[39m
                  [33maria-hidden[39m=[32m"true"[39m
                  [33mclass[39m=[32m"lucide lucide-arrow-left mr-2 h-4 w-4"[39m
                  [33mfill[39m=[32m"none"[39m
                  [33mheight[39m=[32m"24"[39m
                  [33mstroke[39m=[32m"currentColor"[39m
                  [33mstroke-linecap[39m=[32m"round"[39m
                  [33mstroke-linejoin[39m=[32m"round"[39m
                  [33mstroke-width[39m=[32m"2"[39m
                  [33mviewBox[39m=[32m"0 0 24 24"[39m
                  [33mwidth[39m=[32m"24"[39m
                  [33mxmlns[39m=[32m"http://www.w3.org/2000/svg"[39m
                [36m>[39m
                  [36m<path[39m
                    [33md[39m=[32m"m12 19-7-7 7-7"[39m
                  [36m/>[39m
                  [36m<path[39m
                    [33md[39m=[32m"M19 12H5"[39m
                  [36m/>[39m
                [36m</svg>[39m
                [0m이전 페이지로 돌아가기[0m
              [36m</button>[39m
              [36m<button[39m
                [33mclass[39m=[32m"inline-flex items-center justify-center gap-2 whitespace-nowrap rounded-md text-sm font-medium ring-offset-background transition-colors focus-visible:outline-none focus-visible:ring-2 focus-visible:ring-ring focus-visible:ring-offset-2 disabled:pointer-events-none disabled:opacity-50 [&_svg]:pointer-events-none [&_svg]:size-4 [&_svg]:shrink-0 hover:bg-accent hover:text-accent-foreground h-10 px-4 py-2 w-full"[39m
              [36m>[39m
                [36m<svg[39m
                  [33maria-hidden[39m=[32m"true"[39m
                  [33mclass[39m=[32m"lucide lucide-house mr-2 h-4 w-4"[39m
                  [33mfill[39m=[32m"none"[39m
                  [33mheight[39m=[32m"24"[39m
                  [33mstroke[39m=[32m"currentColor"[39m
                  [33mstroke-linecap[39m=[32m"round"[39m
                  [33mstroke-linejoin[39m=[32m"round"[39m
                  [33mstroke-width[39m=[32m"2"[39m
                  [33mviewBox[39m=[32m"0 0 24 24"[39m
                  [33mwidth[39m=[32m"24"[39m
                  [33mxmlns[39m=[32m"http://www.w3.org/2000/svg"[39m
                [36m>[39m
                  [36m<path[39m
                    [33md[39m=[32m"M15 21v-8a1 1 0 0 0-1-1h-4a1 1 0 0 0-1 1v8"[39m
                  [36m/>[39m
                  [36m<path[39m
                    [33md[39m=[32m"M3 10a2 2 0 0 1 .709-1.528l7-6a2 2 0 0 1 2.582 0l7 6A2 2 0 0 1 21 10v9a2 2 0 0 1-2 2H5a2 2 0 0 1-2-2z"[39m
                  [36m/>[39m
                [36m</svg>[39m
                [0m홈으로 가기[0m
              [36m</button>[39m
            [36m</div>[39m
          [36m</div>[39m
          [36m<div[39m
            [33mclass[39m=[32m"border-t pt-4"[39m
          [36m>[39m
            [36m<p[39m
              [33mclass[39m=[32m"text-xs text-center text-muted-foreground"[39m
            [36m>[39m
              [0m권한이 있다고 생각되시나요?[0m
            [36m</p>[39m
            [36m<p[39m
              [33mclass[39m=[32m"text-xs text-center text-muted-foreground mt-1"[39m
            [36m>[39m
              [0m관리자에게 문의하거나 다시 로그인해보세요.[0m
            [36m</p>[39m
          [36m</div>[39m
        [36m</div>[39m
      [36m</div>[39m
    [36m</div>[39m
  [36m</div>[39m
[36m</body>[39m
[90m [2m❯[22m Object.getElementError node_modules/@testing-library/dom/dist/config.js:[2m37:19[22m[39m
[90m [2m❯[22m node_modules/@testing-library/dom/dist/query-helpers.js:[2m76:38[22m[39m
[90m [2m❯[22m node_modules/@testing-library/dom/dist/query-helpers.js:[2m52:17[22m[39m
[90m [2m❯[22m node_modules/@testing-library/dom/dist/query-helpers.js:[2m95:19[22m[39m
[36m [2m❯[22m src/app/__tests__/403-page.test.tsx:[2m221:36[22m[39m
    [90m219| [39m      [34mrender[39m([33m<[39m[33mForbiddenPage[39m [33m/[39m[33m>[39m)[33m;[39m
    [90m220| [39m
    [90m221| [39m      [35mconst[39m pendingButton [33m=[39m screen[33m.[39m[34mgetByText[39m([32m'승인 상태 확인'[39m)[33m;[39m
    [90m   | [39m                                   [31m^[39m
    [90m222| [39m      fireEvent[33m.[39m[34mclick[39m(pendingButton)[33m;[39m
    [90m223| [39m

[31m[2m⎯⎯⎯⎯⎯⎯⎯⎯⎯⎯⎯⎯⎯⎯⎯⎯⎯⎯⎯⎯⎯[30/143]⎯[22m[39m

[41m[1m FAIL [22m[49m src/app/__tests__/403-page.test.tsx[2m > [22mForbiddenPage Coverage Enhancement[2m > [22mNavigation Actions[2m > [22mshould navigate to default route when dashboard button is clicked
[31m[1mTestingLibraryElementError[22m[39m: Unable to find an element with the text: 대시보드로 이동. This could be because the text is broken up by multiple elements. In this case, you can provide a function for your text matcher to make your matcher more flexible.

Ignored nodes: comments, script, style
[36m<body>[39m
  [36m<div>[39m
    [36m<div[39m
      [33mclass[39m=[32m"flex min-h-screen items-center justify-center p-4 bg-slate-50"[39m
    [36m>[39m
      [36m<div[39m
        [33mclass[39m=[32m"rounded-lg border bg-card text-card-foreground shadow-sm max-w-md w-full"[39m
      [36m>[39m
        [36m<div[39m
          [33mclass[39m=[32m"flex flex-col space-y-1.5 p-6 text-center"[39m
        [36m>[39m
          [36m<div[39m
            [33mclass[39m=[32m"flex justify-center mb-4"[39m
          [36m>[39m
            [36m<div[39m
              [33mclass[39m=[32m"rounded-full bg-orange-100 p-4"[39m
            [36m>[39m
              [36m<svg[39m
                [33maria-hidden[39m=[32m"true"[39m
                [33mclass[39m=[32m"lucide lucide-shield-off h-12 w-12 text-orange-600"[39m
                [33mfill[39m=[32m"none"[39m
                [33mheight[39m=[32m"24"[39m
                [33mstroke[39m=[32m"currentColor"[39m
                [33mstroke-linecap[39m=[32m"round"[39m
                [33mstroke-linejoin[39m=[32m"round"[39m
                [33mstroke-width[39m=[32m"2"[39m
                [33mviewBox[39m=[32m"0 0 24 24"[39m
                [33mwidth[39m=[32m"24"[39m
                [33mxmlns[39m=[32m"http://www.w3.org/2000/svg"[39m
              [36m>[39m
                [36m<path[39m
                  [33md[39m=[32m"m2 2 20 20"[39m
                [36m/>[39m
                [36m<path[39m
                  [33md[39m=[32m"M5 5a1 1 0 0 0-1 1v7c0 5 3.5 7.5 7.67 8.94a1 1 0 0 0 .67.01c2.35-.82 4.48-1.97 5.9-3.71"[39m
                [36m/>[39m
                [36m<path[39m
                  [33md[39m=[32m"M9.309 3.652A12.252 12.252 0 0 0 11.24 2.28a1.17 1.17 0 0 1 1.52 0C14.51 3.81 17 5 19 5a1 1 0 0 1 1 1v7a9.784 9.784 0 0 1-.08 1.264"[39m
                [36m/>[39m
              [36m</svg>[39m
            [36m</div>[39m
          [36m</div>[39m
          [36m<div[39m
            [33mclass[39m=[32m"font-semibold tracking-tight text-2xl"[39m
          [36m>[39m
            [0m접근 거부[0m
          [36m</div>[39m
          [36m<div[39m
            [33mclass[39m=[32m"text-sm text-muted-foreground mt-2"[39m
          [36m>[39m
            [0m이 페이지에 접근할 권한이 없습니다.[0m
          [36m</div>[39m
        [36m</div>[39m
        [36m<div[39m
          [33mclass[39m=[32m"p-6 pt-0 space-y-6"[39m
        [36m>[39m
          [36m<div[39m
            [33mclass[39m=[32m"space-y-3"[39m
          [36m>[39m
            [36m<p[39m
              [33mclass[39m=[32m"text-sm text-center text-slate-600"[39m
            [36m>[39m
              [0m로그인이 필요합니다.[0m
            [36m</p>[39m
            [36m<div[39m
              [33mclass[39m=[32m"flex flex-col gap-2"[39m
            [36m>[39m
              [36m<button[39m
                [33mclass[39m=[32m"inline-flex items-center justify-center gap-2 whitespace-nowrap rounded-md text-sm font-medium ring-offset-background transition-colors focus-visible:outline-none focus-visible:ring-2 focus-visible:ring-ring focus-visible:ring-offset-2 disabled:pointer-events-none disabled:opacity-50 [&_svg]:pointer-events-none [&_svg]:size-4 [&_svg]:shrink-0 bg-primary text-primary-foreground hover:bg-primary/90 h-10 px-4 py-2 w-full"[39m
              [36m>[39m
                [0m로그인하기[0m
              [36m</button>[39m
              [36m<button[39m
                [33mclass[39m=[32m"inline-flex items-center justify-center gap-2 whitespace-nowrap rounded-md text-sm font-medium ring-offset-background transition-colors focus-visible:outline-none focus-visible:ring-2 focus-visible:ring-ring focus-visible:ring-offset-2 disabled:pointer-events-none disabled:opacity-50 [&_svg]:pointer-events-none [&_svg]:size-4 [&_svg]:shrink-0 border border-input bg-background hover:bg-accent hover:text-accent-foreground h-10 px-4 py-2 w-full"[39m
              [36m>[39m
                [36m<svg[39m
                  [33maria-hidden[39m=[32m"true"[39m
                  [33mclass[39m=[32m"lucide lucide-arrow-left mr-2 h-4 w-4"[39m
                  [33mfill[39m=[32m"none"[39m
                  [33mheight[39m=[32m"24"[39m
                  [33mstroke[39m=[32m"currentColor"[39m
                  [33mstroke-linecap[39m=[32m"round"[39m
                  [33mstroke-linejoin[39m=[32m"round"[39m
                  [33mstroke-width[39m=[32m"2"[39m
                  [33mviewBox[39m=[32m"0 0 24 24"[39m
                  [33mwidth[39m=[32m"24"[39m
                  [33mxmlns[39m=[32m"http://www.w3.org/2000/svg"[39m
                [36m>[39m
                  [36m<path[39m
                    [33md[39m=[32m"m12 19-7-7 7-7"[39m
                  [36m/>[39m
                  [36m<path[39m
                    [33md[39m=[32m"M19 12H5"[39m
                  [36m/>[39m
                [36m</svg>[39m
                [0m이전 페이지로 돌아가기[0m
              [36m</button>[39m
              [36m<button[39m
                [33mclass[39m=[32m"inline-flex items-center justify-center gap-2 whitespace-nowrap rounded-md text-sm font-medium ring-offset-background transition-colors focus-visible:outline-none focus-visible:ring-2 focus-visible:ring-ring focus-visible:ring-offset-2 disabled:pointer-events-none disabled:opacity-50 [&_svg]:pointer-events-none [&_svg]:size-4 [&_svg]:shrink-0 hover:bg-accent hover:text-accent-foreground h-10 px-4 py-2 w-full"[39m
              [36m>[39m
                [36m<svg[39m
                  [33maria-hidden[39m=[32m"true"[39m
                  [33mclass[39m=[32m"lucide lucide-house mr-2 h-4 w-4"[39m
                  [33mfill[39m=[32m"none"[39m
                  [33mheight[39m=[32m"24"[39m
                  [33mstroke[39m=[32m"currentColor"[39m
                  [33mstroke-linecap[39m=[32m"round"[39m
                  [33mstroke-linejoin[39m=[32m"round"[39m
                  [33mstroke-width[39m=[32m"2"[39m
                  [33mviewBox[39m=[32m"0 0 24 24"[39m
                  [33mwidth[39m=[32m"24"[39m
                  [33mxmlns[39m=[32m"http://www.w3.org/2000/svg"[39m
                [36m>[39m
                  [36m<path[39m
                    [33md[39m=[32m"M15 21v-8a1 1 0 0 0-1-1h-4a1 1 0 0 0-1 1v8"[39m
                  [36m/>[39m
                  [36m<path[39m
                    [33md[39m=[32m"M3 10a2 2 0 0 1 .709-1.528l7-6a2 2 0 0 1 2.582 0l7 6A2 2 0 0 1 21 10v9a2 2 0 0 1-2 2H5a2 2 0 0 1-2-2z"[39m
                  [36m/>[39m
                [36m</svg>[39m
                [0m홈으로 가기[0m
              [36m</button>[39m
            [36m</div>[39m
          [36m</div>[39m
          [36m<div[39m
            [33mclass[39m=[32m"border-t pt-4"[39m
          [36m>[39m
            [36m<p[39m
              [33mclass[39m=[32m"text-xs text-center text-muted-foreground"[39m
            [36m>[39m
              [0m권한이 있다고 생각되시나요?[0m
            [36m</p>[39m
            [36m<p[39m
              [33mclass[39m=[32m"text-xs text-center text-muted-foreground mt-1"[39m
            [36m>[39m
              [0m관리자에게 문의하거나 다시 로그인해보세요.[0m
            [36m</p>[39m
          [36m</div>[39m
        [36m</div>[39m
      [36m</div>[39m
    [36m</div>[39m
  [36m</div>[39m
[36m</body>[39m
[90m [2m❯[22m Object.getElementError node_modules/@testing-library/dom/dist/config.js:[2m37:19[22m[39m
[90m [2m❯[22m node_modules/@testing-library/dom/dist/query-helpers.js:[2m76:38[22m[39m
[90m [2m❯[22m node_modules/@testing-library/dom/dist/query-helpers.js:[2m52:17[22m[39m
[90m [2m❯[22m node_modules/@testing-library/dom/dist/query-helpers.js:[2m95:19[22m[39m
[36m [2m❯[22m src/app/__tests__/403-page.test.tsx:[2m246:38[22m[39m
    [90m244| [39m      [34mrender[39m([33m<[39m[33mForbiddenPage[39m [33m/[39m[33m>[39m)[33m;[39m
    [90m245| [39m
    [90m246| [39m      [35mconst[39m dashboardButton [33m=[39m screen[33m.[39m[34mgetByText[39m([32m'대시보드로 이동'[39m)[33m;[39m
    [90m   | [39m                                     [31m^[39m
    [90m247| [39m      fireEvent[33m.[39m[34mclick[39m(dashboardButton)[33m;[39m
    [90m248| [39m

[31m[2m⎯⎯⎯⎯⎯⎯⎯⎯⎯⎯⎯⎯⎯⎯⎯⎯⎯⎯⎯⎯⎯[31/143]⎯[22m[39m

[41m[1m FAIL [22m[49m src/app/__tests__/403-page.test.tsx[2m > [22mForbiddenPage Coverage Enhancement[2m > [22mNavigation Actions[2m > [22mshould go back when back button is clicked
[31m[1mTestingLibraryElementError[22m[39m: Unable to find an element with the text: 이전 페이지로. This could be because the text is broken up by multiple elements. In this case, you can provide a function for your text matcher to make your matcher more flexible.

Ignored nodes: comments, script, style
[36m<body>[39m
  [36m<div>[39m
    [36m<div[39m
      [33mclass[39m=[32m"flex min-h-screen items-center justify-center p-4 bg-slate-50"[39m
    [36m>[39m
      [36m<div[39m
        [33mclass[39m=[32m"rounded-lg border bg-card text-card-foreground shadow-sm max-w-md w-full"[39m
      [36m>[39m
        [36m<div[39m
          [33mclass[39m=[32m"flex flex-col space-y-1.5 p-6 text-center"[39m
        [36m>[39m
          [36m<div[39m
            [33mclass[39m=[32m"flex justify-center mb-4"[39m
          [36m>[39m
            [36m<div[39m
              [33mclass[39m=[32m"rounded-full bg-orange-100 p-4"[39m
            [36m>[39m
              [36m<svg[39m
                [33maria-hidden[39m=[32m"true"[39m
                [33mclass[39m=[32m"lucide lucide-shield-off h-12 w-12 text-orange-600"[39m
                [33mfill[39m=[32m"none"[39m
                [33mheight[39m=[32m"24"[39m
                [33mstroke[39m=[32m"currentColor"[39m
                [33mstroke-linecap[39m=[32m"round"[39m
                [33mstroke-linejoin[39m=[32m"round"[39m
                [33mstroke-width[39m=[32m"2"[39m
                [33mviewBox[39m=[32m"0 0 24 24"[39m
                [33mwidth[39m=[32m"24"[39m
                [33mxmlns[39m=[32m"http://www.w3.org/2000/svg"[39m
              [36m>[39m
                [36m<path[39m
                  [33md[39m=[32m"m2 2 20 20"[39m
                [36m/>[39m
                [36m<path[39m
                  [33md[39m=[32m"M5 5a1 1 0 0 0-1 1v7c0 5 3.5 7.5 7.67 8.94a1 1 0 0 0 .67.01c2.35-.82 4.48-1.97 5.9-3.71"[39m
                [36m/>[39m
                [36m<path[39m
                  [33md[39m=[32m"M9.309 3.652A12.252 12.252 0 0 0 11.24 2.28a1.17 1.17 0 0 1 1.52 0C14.51 3.81 17 5 19 5a1 1 0 0 1 1 1v7a9.784 9.784 0 0 1-.08 1.264"[39m
                [36m/>[39m
              [36m</svg>[39m
            [36m</div>[39m
          [36m</div>[39m
          [36m<div[39m
            [33mclass[39m=[32m"font-semibold tracking-tight text-2xl"[39m
          [36m>[39m
            [0m접근 거부[0m
          [36m</div>[39m
          [36m<div[39m
            [33mclass[39m=[32m"text-sm text-muted-foreground mt-2"[39m
          [36m>[39m
            [0m이 페이지에 접근할 권한이 없습니다.[0m
          [36m</div>[39m
        [36m</div>[39m
        [36m<div[39m
          [33mclass[39m=[32m"p-6 pt-0 space-y-6"[39m
        [36m>[39m
          [36m<div[39m
            [33mclass[39m=[32m"space-y-3"[39m
          [36m>[39m
            [36m<p[39m
              [33mclass[39m=[32m"text-sm text-center text-slate-600"[39m
            [36m>[39m
              [0m로그인이 필요합니다.[0m
            [36m</p>[39m
            [36m<div[39m
              [33mclass[39m=[32m"flex flex-col gap-2"[39m
            [36m>[39m
              [36m<button[39m
                [33mclass[39m=[32m"inline-flex items-center justify-center gap-2 whitespace-nowrap rounded-md text-sm font-medium ring-offset-background transition-colors focus-visible:outline-none focus-visible:ring-2 focus-visible:ring-ring focus-visible:ring-offset-2 disabled:pointer-events-none disabled:opacity-50 [&_svg]:pointer-events-none [&_svg]:size-4 [&_svg]:shrink-0 bg-primary text-primary-foreground hover:bg-primary/90 h-10 px-4 py-2 w-full"[39m
              [36m>[39m
                [0m로그인하기[0m
              [36m</button>[39m
              [36m<button[39m
                [33mclass[39m=[32m"inline-flex items-center justify-center gap-2 whitespace-nowrap rounded-md text-sm font-medium ring-offset-background transition-colors focus-visible:outline-none focus-visible:ring-2 focus-visible:ring-ring focus-visible:ring-offset-2 disabled:pointer-events-none disabled:opacity-50 [&_svg]:pointer-events-none [&_svg]:size-4 [&_svg]:shrink-0 border border-input bg-background hover:bg-accent hover:text-accent-foreground h-10 px-4 py-2 w-full"[39m
              [36m>[39m
                [36m<svg[39m
                  [33maria-hidden[39m=[32m"true"[39m
                  [33mclass[39m=[32m"lucide lucide-arrow-left mr-2 h-4 w-4"[39m
                  [33mfill[39m=[32m"none"[39m
                  [33mheight[39m=[32m"24"[39m
                  [33mstroke[39m=[32m"currentColor"[39m
                  [33mstroke-linecap[39m=[32m"round"[39m
                  [33mstroke-linejoin[39m=[32m"round"[39m
                  [33mstroke-width[39m=[32m"2"[39m
                  [33mviewBox[39m=[32m"0 0 24 24"[39m
                  [33mwidth[39m=[32m"24"[39m
                  [33mxmlns[39m=[32m"http://www.w3.org/2000/svg"[39m
                [36m>[39m
                  [36m<path[39m
                    [33md[39m=[32m"m12 19-7-7 7-7"[39m
                  [36m/>[39m
                  [36m<path[39m
                    [33md[39m=[32m"M19 12H5"[39m
                  [36m/>[39m
                [36m</svg>[39m
                [0m이전 페이지로 돌아가기[0m
              [36m</button>[39m
              [36m<button[39m
                [33mclass[39m=[32m"inline-flex items-center justify-center gap-2 whitespace-nowrap rounded-md text-sm font-medium ring-offset-background transition-colors focus-visible:outline-none focus-visible:ring-2 focus-visible:ring-ring focus-visible:ring-offset-2 disabled:pointer-events-none disabled:opacity-50 [&_svg]:pointer-events-none [&_svg]:size-4 [&_svg]:shrink-0 hover:bg-accent hover:text-accent-foreground h-10 px-4 py-2 w-full"[39m
              [36m>[39m
                [36m<svg[39m
                  [33maria-hidden[39m=[32m"true"[39m
                  [33mclass[39m=[32m"lucide lucide-house mr-2 h-4 w-4"[39m
                  [33mfill[39m=[32m"none"[39m
                  [33mheight[39m=[32m"24"[39m
                  [33mstroke[39m=[32m"currentColor"[39m
                  [33mstroke-linecap[39m=[32m"round"[39m
                  [33mstroke-linejoin[39m=[32m"round"[39m
                  [33mstroke-width[39m=[32m"2"[39m
                  [33mviewBox[39m=[32m"0 0 24 24"[39m
                  [33mwidth[39m=[32m"24"[39m
                  [33mxmlns[39m=[32m"http://www.w3.org/2000/svg"[39m
                [36m>[39m
                  [36m<path[39m
                    [33md[39m=[32m"M15 21v-8a1 1 0 0 0-1-1h-4a1 1 0 0 0-1 1v8"[39m
                  [36m/>[39m
                  [36m<path[39m
                    [33md[39m=[32m"M3 10a2 2 0 0 1 .709-1.528l7-6a2 2 0 0 1 2.582 0l7 6A2 2 0 0 1 21 10v9a2 2 0 0 1-2 2H5a2 2 0 0 1-2-2z"[39m
                  [36m/>[39m
                [36m</svg>[39m
                [0m홈으로 가기[0m
              [36m</button>[39m
            [36m</div>[39m
          [36m</div>[39m
          [36m<div[39m
            [33mclass[39m=[32m"border-t pt-4"[39m
          [36m>[39m
            [36m<p[39m
              [33mclass[39m=[32m"text-xs text-center text-muted-foreground"[39m
            [36m>[39m
              [0m권한이 있다고 생각되시나요?[0m
            [36m</p>[39m
            [36m<p[39m
              [33mclass[39m=[32m"text-xs text-center text-muted-foreground mt-1"[39m
            [36m>[39m
              [0m관리자에게 문의하거나 다시 로그인해보세요.[0m
            [36m</p>[39m
          [36m</div>[39m
        [36m</div>[39m
      [36m</div>[39m
    [36m</div>[39m
  [36m</div>[39m
[36m</body>[39m
[90m [2m❯[22m Object.getElementError node_modules/@testing-library/dom/dist/config.js:[2m37:19[22m[39m
[90m [2m❯[22m node_modules/@testing-library/dom/dist/query-helpers.js:[2m76:38[22m[39m
[90m [2m❯[22m node_modules/@testing-library/dom/dist/query-helpers.js:[2m52:17[22m[39m
[90m [2m❯[22m node_modules/@testing-library/dom/dist/query-helpers.js:[2m95:19[22m[39m
[36m [2m❯[22m src/app/__tests__/403-page.test.tsx:[2m274:33[22m[39m
    [90m272| [39m      [34mrender[39m([33m<[39m[33mForbiddenPage[39m [33m/[39m[33m>[39m)[33m;[39m
    [90m273| [39m
    [90m274| [39m      [35mconst[39m backButton [33m=[39m screen[33m.[39m[34mgetByText[39m([32m'이전 페이지로'[39m)[33m;[39m
    [90m   | [39m                                [31m^[39m
    [90m275| [39m      fireEvent[33m.[39m[34mclick[39m(backButton)[33m;[39m
    [90m276| [39m

[31m[2m⎯⎯⎯⎯⎯⎯⎯⎯⎯⎯⎯⎯⎯⎯⎯⎯⎯⎯⎯⎯⎯[32/143]⎯[22m[39m

[41m[1m FAIL [22m[49m src/app/__tests__/403-page.test.tsx[2m > [22mForbiddenPage Coverage Enhancement[2m > [22mNavigation Actions[2m > [22mshould navigate home when home button is clicked
[31m[1mTestingLibraryElementError[22m[39m: Unable to find an element with the text: 홈으로. This could be because the text is broken up by multiple elements. In this case, you can provide a function for your text matcher to make your matcher more flexible.

Ignored nodes: comments, script, style
[36m<body>[39m
  [36m<div>[39m
    [36m<div[39m
      [33mclass[39m=[32m"flex min-h-screen items-center justify-center p-4 bg-slate-50"[39m
    [36m>[39m
      [36m<div[39m
        [33mclass[39m=[32m"rounded-lg border bg-card text-card-foreground shadow-sm max-w-md w-full"[39m
      [36m>[39m
        [36m<div[39m
          [33mclass[39m=[32m"flex flex-col space-y-1.5 p-6 text-center"[39m
        [36m>[39m
          [36m<div[39m
            [33mclass[39m=[32m"flex justify-center mb-4"[39m
          [36m>[39m
            [36m<div[39m
              [33mclass[39m=[32m"rounded-full bg-orange-100 p-4"[39m
            [36m>[39m
              [36m<svg[39m
                [33maria-hidden[39m=[32m"true"[39m
                [33mclass[39m=[32m"lucide lucide-shield-off h-12 w-12 text-orange-600"[39m
                [33mfill[39m=[32m"none"[39m
                [33mheight[39m=[32m"24"[39m
                [33mstroke[39m=[32m"currentColor"[39m
                [33mstroke-linecap[39m=[32m"round"[39m
                [33mstroke-linejoin[39m=[32m"round"[39m
                [33mstroke-width[39m=[32m"2"[39m
                [33mviewBox[39m=[32m"0 0 24 24"[39m
                [33mwidth[39m=[32m"24"[39m
                [33mxmlns[39m=[32m"http://www.w3.org/2000/svg"[39m
              [36m>[39m
                [36m<path[39m
                  [33md[39m=[32m"m2 2 20 20"[39m
                [36m/>[39m
                [36m<path[39m
                  [33md[39m=[32m"M5 5a1 1 0 0 0-1 1v7c0 5 3.5 7.5 7.67 8.94a1 1 0 0 0 .67.01c2.35-.82 4.48-1.97 5.9-3.71"[39m
                [36m/>[39m
                [36m<path[39m
                  [33md[39m=[32m"M9.309 3.652A12.252 12.252 0 0 0 11.24 2.28a1.17 1.17 0 0 1 1.52 0C14.51 3.81 17 5 19 5a1 1 0 0 1 1 1v7a9.784 9.784 0 0 1-.08 1.264"[39m
                [36m/>[39m
              [36m</svg>[39m
            [36m</div>[39m
          [36m</div>[39m
          [36m<div[39m
            [33mclass[39m=[32m"font-semibold tracking-tight text-2xl"[39m
          [36m>[39m
            [0m접근 거부[0m
          [36m</div>[39m
          [36m<div[39m
            [33mclass[39m=[32m"text-sm text-muted-foreground mt-2"[39m
          [36m>[39m
            [0m이 페이지에 접근할 권한이 없습니다.[0m
          [36m</div>[39m
        [36m</div>[39m
        [36m<div[39m
          [33mclass[39m=[32m"p-6 pt-0 space-y-6"[39m
        [36m>[39m
          [36m<div[39m
            [33mclass[39m=[32m"space-y-3"[39m
          [36m>[39m
            [36m<p[39m
              [33mclass[39m=[32m"text-sm text-center text-slate-600"[39m
            [36m>[39m
              [0m로그인이 필요합니다.[0m
            [36m</p>[39m
            [36m<div[39m
              [33mclass[39m=[32m"flex flex-col gap-2"[39m
            [36m>[39m
              [36m<button[39m
                [33mclass[39m=[32m"inline-flex items-center justify-center gap-2 whitespace-nowrap rounded-md text-sm font-medium ring-offset-background transition-colors focus-visible:outline-none focus-visible:ring-2 focus-visible:ring-ring focus-visible:ring-offset-2 disabled:pointer-events-none disabled:opacity-50 [&_svg]:pointer-events-none [&_svg]:size-4 [&_svg]:shrink-0 bg-primary text-primary-foreground hover:bg-primary/90 h-10 px-4 py-2 w-full"[39m
              [36m>[39m
                [0m로그인하기[0m
              [36m</button>[39m
              [36m<button[39m
                [33mclass[39m=[32m"inline-flex items-center justify-center gap-2 whitespace-nowrap rounded-md text-sm font-medium ring-offset-background transition-colors focus-visible:outline-none focus-visible:ring-2 focus-visible:ring-ring focus-visible:ring-offset-2 disabled:pointer-events-none disabled:opacity-50 [&_svg]:pointer-events-none [&_svg]:size-4 [&_svg]:shrink-0 border border-input bg-background hover:bg-accent hover:text-accent-foreground h-10 px-4 py-2 w-full"[39m
              [36m>[39m
                [36m<svg[39m
                  [33maria-hidden[39m=[32m"true"[39m
                  [33mclass[39m=[32m"lucide lucide-arrow-left mr-2 h-4 w-4"[39m
                  [33mfill[39m=[32m"none"[39m
                  [33mheight[39m=[32m"24"[39m
                  [33mstroke[39m=[32m"currentColor"[39m
                  [33mstroke-linecap[39m=[32m"round"[39m
                  [33mstroke-linejoin[39m=[32m"round"[39m
                  [33mstroke-width[39m=[32m"2"[39m
                  [33mviewBox[39m=[32m"0 0 24 24"[39m
                  [33mwidth[39m=[32m"24"[39m
                  [33mxmlns[39m=[32m"http://www.w3.org/2000/svg"[39m
                [36m>[39m
                  [36m<path[39m
                    [33md[39m=[32m"m12 19-7-7 7-7"[39m
                  [36m/>[39m
                  [36m<path[39m
                    [33md[39m=[32m"M19 12H5"[39m
                  [36m/>[39m
                [36m</svg>[39m
                [0m이전 페이지로 돌아가기[0m
              [36m</button>[39m
              [36m<button[39m
                [33mclass[39m=[32m"inline-flex items-center justify-center gap-2 whitespace-nowrap rounded-md text-sm font-medium ring-offset-background transition-colors focus-visible:outline-none focus-visible:ring-2 focus-visible:ring-ring focus-visible:ring-offset-2 disabled:pointer-events-none disabled:opacity-50 [&_svg]:pointer-events-none [&_svg]:size-4 [&_svg]:shrink-0 hover:bg-accent hover:text-accent-foreground h-10 px-4 py-2 w-full"[39m
              [36m>[39m
                [36m<svg[39m
                  [33maria-hidden[39m=[32m"true"[39m
                  [33mclass[39m=[32m"lucide lucide-house mr-2 h-4 w-4"[39m
                  [33mfill[39m=[32m"none"[39m
                  [33mheight[39m=[32m"24"[39m
                  [33mstroke[39m=[32m"currentColor"[39m
                  [33mstroke-linecap[39m=[32m"round"[39m
                  [33mstroke-linejoin[39m=[32m"round"[39m
                  [33mstroke-width[39m=[32m"2"[39m
                  [33mviewBox[39m=[32m"0 0 24 24"[39m
                  [33mwidth[39m=[32m"24"[39m
                  [33mxmlns[39m=[32m"http://www.w3.org/2000/svg"[39m
                [36m>[39m
                  [36m<path[39m
                    [33md[39m=[32m"M15 21v-8a1 1 0 0 0-1-1h-4a1 1 0 0 0-1 1v8"[39m
                  [36m/>[39m
                  [36m<path[39m
                    [33md[39m=[32m"M3 10a2 2 0 0 1 .709-1.528l7-6a2 2 0 0 1 2.582 0l7 6A2 2 0 0 1 21 10v9a2 2 0 0 1-2 2H5a2 2 0 0 1-2-2z"[39m
                  [36m/>[39m
                [36m</svg>[39m
                [0m홈으로 가기[0m
              [36m</button>[39m
            [36m</div>[39m
          [36m</div>[39m
          [36m<div[39m
            [33mclass[39m=[32m"border-t pt-4"[39m
          [36m>[39m
            [36m<p[39m
              [33mclass[39m=[32m"text-xs text-center text-muted-foreground"[39m
            [36m>[39m
              [0m권한이 있다고 생각되시나요?[0m
            [36m</p>[39m
            [36m<p[39m
              [33mclass[39m=[32m"text-xs text-center text-muted-foreground mt-1"[39m
            [36m>[39m
              [0m관리자에게 문의하거나 다시 로그인해보세요.[0m
            [36m</p>[39m
          [36m</div>[39m
        [36m</div>[39m
      [36m</div>[39m
    [36m</div>[39m
  [36m</div>[39m
[36m</body>[39m
[90m [2m❯[22m Object.getElementError node_modules/@testing-library/dom/dist/config.js:[2m37:19[22m[39m
[90m [2m❯[22m node_modules/@testing-library/dom/dist/query-helpers.js:[2m76:38[22m[39m
[90m [2m❯[22m node_modules/@testing-library/dom/dist/query-helpers.js:[2m52:17[22m[39m
[90m [2m❯[22m node_modules/@testing-library/dom/dist/query-helpers.js:[2m95:19[22m[39m
[36m [2m❯[22m src/app/__tests__/403-page.test.tsx:[2m294:33[22m[39m
    [90m292| [39m      [34mrender[39m([33m<[39m[33mForbiddenPage[39m [33m/[39m[33m>[39m)[33m;[39m
    [90m293| [39m
    [90m294| [39m      [35mconst[39m homeButton [33m=[39m screen[33m.[39m[34mgetByText[39m([32m'홈으로'[39m)[33m;[39m
    [90m   | [39m                                [31m^[39m
    [90m295| [39m      fireEvent[33m.[39m[34mclick[39m(homeButton)[33m;[39m
    [90m296| [39m

[31m[2m⎯⎯⎯⎯⎯⎯⎯⎯⎯⎯⎯⎯⎯⎯⎯⎯⎯⎯⎯⎯⎯[33/143]⎯[22m[39m

[41m[1m FAIL [22m[49m src/app/__tests__/403-page.test.tsx[2m > [22mForbiddenPage Coverage Enhancement[2m > [22mUI Elements[2m > [22mshould display error icon and title
[31m[1mTestingLibraryElementError[22m[39m: Unable to find an element with the text: 403 - 접근 거부. This could be because the text is broken up by multiple elements. In this case, you can provide a function for your text matcher to make your matcher more flexible.

Ignored nodes: comments, script, style
[36m<body>[39m
  [36m<div>[39m
    [36m<div[39m
      [33mclass[39m=[32m"flex min-h-screen items-center justify-center p-4 bg-slate-50"[39m
    [36m>[39m
      [36m<div[39m
        [33mclass[39m=[32m"rounded-lg border bg-card text-card-foreground shadow-sm max-w-md w-full"[39m
      [36m>[39m
        [36m<div[39m
          [33mclass[39m=[32m"flex flex-col space-y-1.5 p-6 text-center"[39m
        [36m>[39m
          [36m<div[39m
            [33mclass[39m=[32m"flex justify-center mb-4"[39m
          [36m>[39m
            [36m<div[39m
              [33mclass[39m=[32m"rounded-full bg-orange-100 p-4"[39m
            [36m>[39m
              [36m<svg[39m
                [33maria-hidden[39m=[32m"true"[39m
                [33mclass[39m=[32m"lucide lucide-shield-off h-12 w-12 text-orange-600"[39m
                [33mfill[39m=[32m"none"[39m
                [33mheight[39m=[32m"24"[39m
                [33mstroke[39m=[32m"currentColor"[39m
                [33mstroke-linecap[39m=[32m"round"[39m
                [33mstroke-linejoin[39m=[32m"round"[39m
                [33mstroke-width[39m=[32m"2"[39m
                [33mviewBox[39m=[32m"0 0 24 24"[39m
                [33mwidth[39m=[32m"24"[39m
                [33mxmlns[39m=[32m"http://www.w3.org/2000/svg"[39m
              [36m>[39m
                [36m<path[39m
                  [33md[39m=[32m"m2 2 20 20"[39m
                [36m/>[39m
                [36m<path[39m
                  [33md[39m=[32m"M5 5a1 1 0 0 0-1 1v7c0 5 3.5 7.5 7.67 8.94a1 1 0 0 0 .67.01c2.35-.82 4.48-1.97 5.9-3.71"[39m
                [36m/>[39m
                [36m<path[39m
                  [33md[39m=[32m"M9.309 3.652A12.252 12.252 0 0 0 11.24 2.28a1.17 1.17 0 0 1 1.52 0C14.51 3.81 17 5 19 5a1 1 0 0 1 1 1v7a9.784 9.784 0 0 1-.08 1.264"[39m
                [36m/>[39m
              [36m</svg>[39m
            [36m</div>[39m
          [36m</div>[39m
          [36m<div[39m
            [33mclass[39m=[32m"font-semibold tracking-tight text-2xl"[39m
          [36m>[39m
            [0m접근 거부[0m
          [36m</div>[39m
          [36m<div[39m
            [33mclass[39m=[32m"text-sm text-muted-foreground mt-2"[39m
          [36m>[39m
            [0m이 페이지에 접근할 권한이 없습니다.[0m
          [36m</div>[39m
        [36m</div>[39m
        [36m<div[39m
          [33mclass[39m=[32m"p-6 pt-0 space-y-6"[39m
        [36m>[39m
          [36m<div[39m
            [33mclass[39m=[32m"space-y-3"[39m
          [36m>[39m
            [36m<p[39m
              [33mclass[39m=[32m"text-sm text-center text-slate-600"[39m
            [36m>[39m
              [0m로그인이 필요합니다.[0m
            [36m</p>[39m
            [36m<div[39m
              [33mclass[39m=[32m"flex flex-col gap-2"[39m
            [36m>[39m
              [36m<button[39m
                [33mclass[39m=[32m"inline-flex items-center justify-center gap-2 whitespace-nowrap rounded-md text-sm font-medium ring-offset-background transition-colors focus-visible:outline-none focus-visible:ring-2 focus-visible:ring-ring focus-visible:ring-offset-2 disabled:pointer-events-none disabled:opacity-50 [&_svg]:pointer-events-none [&_svg]:size-4 [&_svg]:shrink-0 bg-primary text-primary-foreground hover:bg-primary/90 h-10 px-4 py-2 w-full"[39m
              [36m>[39m
                [0m로그인하기[0m
              [36m</button>[39m
              [36m<button[39m
                [33mclass[39m=[32m"inline-flex items-center justify-center gap-2 whitespace-nowrap rounded-md text-sm font-medium ring-offset-background transition-colors focus-visible:outline-none focus-visible:ring-2 focus-visible:ring-ring focus-visible:ring-offset-2 disabled:pointer-events-none disabled:opacity-50 [&_svg]:pointer-events-none [&_svg]:size-4 [&_svg]:shrink-0 border border-input bg-background hover:bg-accent hover:text-accent-foreground h-10 px-4 py-2 w-full"[39m
              [36m>[39m
                [36m<svg[39m
                  [33maria-hidden[39m=[32m"true"[39m
                  [33mclass[39m=[32m"lucide lucide-arrow-left mr-2 h-4 w-4"[39m
                  [33mfill[39m=[32m"none"[39m
                  [33mheight[39m=[32m"24"[39m
                  [33mstroke[39m=[32m"currentColor"[39m
                  [33mstroke-linecap[39m=[32m"round"[39m
                  [33mstroke-linejoin[39m=[32m"round"[39m
                  [33mstroke-width[39m=[32m"2"[39m
                  [33mviewBox[39m=[32m"0 0 24 24"[39m
                  [33mwidth[39m=[32m"24"[39m
                  [33mxmlns[39m=[32m"http://www.w3.org/2000/svg"[39m
                [36m>[39m
                  [36m<path[39m
                    [33md[39m=[32m"m12 19-7-7 7-7"[39m
                  [36m/>[39m
                  [36m<path[39m
                    [33md[39m=[32m"M19 12H5"[39m
                  [36m/>[39m
                [36m</svg>[39m
                [0m이전 페이지로 돌아가기[0m
              [36m</button>[39m
              [36m<button[39m
                [33mclass[39m=[32m"inline-flex items-center justify-center gap-2 whitespace-nowrap rounded-md text-sm font-medium ring-offset-background transition-colors focus-visible:outline-none focus-visible:ring-2 focus-visible:ring-ring focus-visible:ring-offset-2 disabled:pointer-events-none disabled:opacity-50 [&_svg]:pointer-events-none [&_svg]:size-4 [&_svg]:shrink-0 hover:bg-accent hover:text-accent-foreground h-10 px-4 py-2 w-full"[39m
              [36m>[39m
                [36m<svg[39m
                  [33maria-hidden[39m=[32m"true"[39m
                  [33mclass[39m=[32m"lucide lucide-house mr-2 h-4 w-4"[39m
                  [33mfill[39m=[32m"none"[39m
                  [33mheight[39m=[32m"24"[39m
                  [33mstroke[39m=[32m"currentColor"[39m
                  [33mstroke-linecap[39m=[32m"round"[39m
                  [33mstroke-linejoin[39m=[32m"round"[39m
                  [33mstroke-width[39m=[32m"2"[39m
                  [33mviewBox[39m=[32m"0 0 24 24"[39m
                  [33mwidth[39m=[32m"24"[39m
                  [33mxmlns[39m=[32m"http://www.w3.org/2000/svg"[39m
                [36m>[39m
                  [36m<path[39m
                    [33md[39m=[32m"M15 21v-8a1 1 0 0 0-1-1h-4a1 1 0 0 0-1 1v8"[39m
                  [36m/>[39m
                  [36m<path[39m
                    [33md[39m=[32m"M3 10a2 2 0 0 1 .709-1.528l7-6a2 2 0 0 1 2.582 0l7 6A2 2 0 0 1 21 10v9a2 2 0 0 1-2 2H5a2 2 0 0 1-2-2z"[39m
                  [36m/>[39m
                [36m</svg>[39m
                [0m홈으로 가기[0m
              [36m</button>[39m
            [36m</div>[39m
          [36m</div>[39m
          [36m<div[39m
            [33mclass[39m=[32m"border-t pt-4"[39m
          [36m>[39m
            [36m<p[39m
              [33mclass[39m=[32m"text-xs text-center text-muted-foreground"[39m
            [36m>[39m
              [0m권한이 있다고 생각되시나요?[0m
            [36m</p>[39m
            [36m<p[39m
              [33mclass[39m=[32m"text-xs text-center text-muted-foreground mt-1"[39m
            [36m>[39m
              [0m관리자에게 문의하거나 다시 로그인해보세요.[0m
            [36m</p>[39m
          [36m</div>[39m
        [36m</div>[39m
      [36m</div>[39m
    [36m</div>[39m
  [36m</div>[39m
[36m</body>[39m
[90m [2m❯[22m Object.getElementError node_modules/@testing-library/dom/dist/config.js:[2m37:19[22m[39m
[90m [2m❯[22m node_modules/@testing-library/dom/dist/query-helpers.js:[2m76:38[22m[39m
[90m [2m❯[22m node_modules/@testing-library/dom/dist/query-helpers.js:[2m52:17[22m[39m
[90m [2m❯[22m node_modules/@testing-library/dom/dist/query-helpers.js:[2m95:19[22m[39m
[36m [2m❯[22m src/app/__tests__/403-page.test.tsx:[2m312:21[22m[39m
    [90m310| [39m      [34mrender[39m([33m<[39m[33mForbiddenPage[39m [33m/[39m[33m>[39m)[33m;[39m
    [90m311| [39m
    [90m312| [39m      [34mexpect[39m(screen[33m.[39m[34mgetByText[39m([32m'403 - 접근 거부'[39m))[33m.[39m[34mtoBeInTheDocument[39m()[33m;[39m
    [90m   | [39m                    [31m^[39m
    [90m313| [39m      expect(screen.getByTestId('shield-off-icon')).toBeInTheDocument(…
    [90m314| [39m    })[33m;[39m

[31m[2m⎯⎯⎯⎯⎯⎯⎯⎯⎯⎯⎯⎯⎯⎯⎯⎯⎯⎯⎯⎯⎯[34/143]⎯[22m[39m

[41m[1m FAIL [22m[49m src/app/__tests__/403-page.test.tsx[2m > [22mForbiddenPage Coverage Enhancement[2m > [22mUI Elements[2m > [22mshould display attempted path when provided
[31m[1mTestingLibraryElementError[22m[39m: Unable to find an element with the text: /admin/users. This could be because the text is broken up by multiple elements. In this case, you can provide a function for your text matcher to make your matcher more flexible.

Ignored nodes: comments, script, style
[36m<body>[39m
  [36m<div>[39m
    [36m<div[39m
      [33mclass[39m=[32m"flex min-h-screen items-center justify-center p-4 bg-slate-50"[39m
    [36m>[39m
      [36m<div[39m
        [33mclass[39m=[32m"rounded-lg border bg-card text-card-foreground shadow-sm max-w-md w-full"[39m
      [36m>[39m
        [36m<div[39m
          [33mclass[39m=[32m"flex flex-col space-y-1.5 p-6 text-center"[39m
        [36m>[39m
          [36m<div[39m
            [33mclass[39m=[32m"flex justify-center mb-4"[39m
          [36m>[39m
            [36m<div[39m
              [33mclass[39m=[32m"rounded-full bg-orange-100 p-4"[39m
            [36m>[39m
              [36m<svg[39m
                [33maria-hidden[39m=[32m"true"[39m
                [33mclass[39m=[32m"lucide lucide-shield-off h-12 w-12 text-orange-600"[39m
                [33mfill[39m=[32m"none"[39m
                [33mheight[39m=[32m"24"[39m
                [33mstroke[39m=[32m"currentColor"[39m
                [33mstroke-linecap[39m=[32m"round"[39m
                [33mstroke-linejoin[39m=[32m"round"[39m
                [33mstroke-width[39m=[32m"2"[39m
                [33mviewBox[39m=[32m"0 0 24 24"[39m
                [33mwidth[39m=[32m"24"[39m
                [33mxmlns[39m=[32m"http://www.w3.org/2000/svg"[39m
              [36m>[39m
                [36m<path[39m
                  [33md[39m=[32m"m2 2 20 20"[39m
                [36m/>[39m
                [36m<path[39m
                  [33md[39m=[32m"M5 5a1 1 0 0 0-1 1v7c0 5 3.5 7.5 7.67 8.94a1 1 0 0 0 .67.01c2.35-.82 4.48-1.97 5.9-3.71"[39m
                [36m/>[39m
                [36m<path[39m
                  [33md[39m=[32m"M9.309 3.652A12.252 12.252 0 0 0 11.24 2.28a1.17 1.17 0 0 1 1.52 0C14.51 3.81 17 5 19 5a1 1 0 0 1 1 1v7a9.784 9.784 0 0 1-.08 1.264"[39m
                [36m/>[39m
              [36m</svg>[39m
            [36m</div>[39m
          [36m</div>[39m
          [36m<div[39m
            [33mclass[39m=[32m"font-semibold tracking-tight text-2xl"[39m
          [36m>[39m
            [0m접근 거부[0m
          [36m</div>[39m
          [36m<div[39m
            [33mclass[39m=[32m"text-sm text-muted-foreground mt-2"[39m
          [36m>[39m
            [0m이 페이지에 접근할 권한이 없습니다.[0m
          [36m</div>[39m
        [36m</div>[39m
        [36m<div[39m
          [33mclass[39m=[32m"p-6 pt-0 space-y-6"[39m
        [36m>[39m
          [36m<div[39m
            [33mclass[39m=[32m"space-y-3"[39m
          [36m>[39m
            [36m<p[39m
              [33mclass[39m=[32m"text-sm text-center text-slate-600"[39m
            [36m>[39m
              [0m로그인이 필요합니다.[0m
            [36m</p>[39m
            [36m<div[39m
              [33mclass[39m=[32m"flex flex-col gap-2"[39m
            [36m>[39m
              [36m<button[39m
                [33mclass[39m=[32m"inline-flex items-center justify-center gap-2 whitespace-nowrap rounded-md text-sm font-medium ring-offset-background transition-colors focus-visible:outline-none focus-visible:ring-2 focus-visible:ring-ring focus-visible:ring-offset-2 disabled:pointer-events-none disabled:opacity-50 [&_svg]:pointer-events-none [&_svg]:size-4 [&_svg]:shrink-0 bg-primary text-primary-foreground hover:bg-primary/90 h-10 px-4 py-2 w-full"[39m
              [36m>[39m
                [0m로그인하기[0m
              [36m</button>[39m
              [36m<button[39m
                [33mclass[39m=[32m"inline-flex items-center justify-center gap-2 whitespace-nowrap rounded-md text-sm font-medium ring-offset-background transition-colors focus-visible:outline-none focus-visible:ring-2 focus-visible:ring-ring focus-visible:ring-offset-2 disabled:pointer-events-none disabled:opacity-50 [&_svg]:pointer-events-none [&_svg]:size-4 [&_svg]:shrink-0 border border-input bg-background hover:bg-accent hover:text-accent-foreground h-10 px-4 py-2 w-full"[39m
              [36m>[39m
                [36m<svg[39m
                  [33maria-hidden[39m=[32m"true"[39m
                  [33mclass[39m=[32m"lucide lucide-arrow-left mr-2 h-4 w-4"[39m
                  [33mfill[39m=[32m"none"[39m
                  [33mheight[39m=[32m"24"[39m
                  [33mstroke[39m=[32m"currentColor"[39m
                  [33mstroke-linecap[39m=[32m"round"[39m
                  [33mstroke-linejoin[39m=[32m"round"[39m
                  [33mstroke-width[39m=[32m"2"[39m
                  [33mviewBox[39m=[32m"0 0 24 24"[39m
                  [33mwidth[39m=[32m"24"[39m
                  [33mxmlns[39m=[32m"http://www.w3.org/2000/svg"[39m
                [36m>[39m
                  [36m<path[39m
                    [33md[39m=[32m"m12 19-7-7 7-7"[39m
                  [36m/>[39m
                  [36m<path[39m
                    [33md[39m=[32m"M19 12H5"[39m
                  [36m/>[39m
                [36m</svg>[39m
                [0m이전 페이지로 돌아가기[0m
              [36m</button>[39m
              [36m<button[39m
                [33mclass[39m=[32m"inline-flex items-center justify-center gap-2 whitespace-nowrap rounded-md text-sm font-medium ring-offset-background transition-colors focus-visible:outline-none focus-visible:ring-2 focus-visible:ring-ring focus-visible:ring-offset-2 disabled:pointer-events-none disabled:opacity-50 [&_svg]:pointer-events-none [&_svg]:size-4 [&_svg]:shrink-0 hover:bg-accent hover:text-accent-foreground h-10 px-4 py-2 w-full"[39m
              [36m>[39m
                [36m<svg[39m
                  [33maria-hidden[39m=[32m"true"[39m
                  [33mclass[39m=[32m"lucide lucide-house mr-2 h-4 w-4"[39m
                  [33mfill[39m=[32m"none"[39m
                  [33mheight[39m=[32m"24"[39m
                  [33mstroke[39m=[32m"currentColor"[39m
                  [33mstroke-linecap[39m=[32m"round"[39m
                  [33mstroke-linejoin[39m=[32m"round"[39m
                  [33mstroke-width[39m=[32m"2"[39m
                  [33mviewBox[39m=[32m"0 0 24 24"[39m
                  [33mwidth[39m=[32m"24"[39m
                  [33mxmlns[39m=[32m"http://www.w3.org/2000/svg"[39m
                [36m>[39m
                  [36m<path[39m
                    [33md[39m=[32m"M15 21v-8a1 1 0 0 0-1-1h-4a1 1 0 0 0-1 1v8"[39m
                  [36m/>[39m
                  [36m<path[39m
                    [33md[39m=[32m"M3 10a2 2 0 0 1 .709-1.528l7-6a2 2 0 0 1 2.582 0l7 6A2 2 0 0 1 21 10v9a2 2 0 0 1-2 2H5a2 2 0 0 1-2-2z"[39m
                  [36m/>[39m
                [36m</svg>[39m
                [0m홈으로 가기[0m
              [36m</button>[39m
            [36m</div>[39m
          [36m</div>[39m
          [36m<div[39m
            [33mclass[39m=[32m"border-t pt-4"[39m
          [36m>[39m
            [36m<p[39m
              [33mclass[39m=[32m"text-xs text-center text-muted-foreground"[39m
            [36m>[39m
              [0m권한이 있다고 생각되시나요?[0m
            [36m</p>[39m
            [36m<p[39m
              [33mclass[39m=[32m"text-xs text-center text-muted-foreground mt-1"[39m
            [36m>[39m
              [0m관리자에게 문의하거나 다시 로그인해보세요.[0m
            [36m</p>[39m
          [36m</div>[39m
        [36m</div>[39m
      [36m</div>[39m
    [36m</div>[39m
  [36m</div>[39m
[36m</body>[39m
[90m [2m❯[22m Object.getElementError node_modules/@testing-library/dom/dist/config.js:[2m37:19[22m[39m
[90m [2m❯[22m node_modules/@testing-library/dom/dist/query-helpers.js:[2m76:38[22m[39m
[90m [2m❯[22m node_modules/@testing-library/dom/dist/query-helpers.js:[2m52:17[22m[39m
[90m [2m❯[22m node_modules/@testing-library/dom/dist/query-helpers.js:[2m95:19[22m[39m
[36m [2m❯[22m src/app/__tests__/403-page.test.tsx:[2m325:21[22m[39m
    [90m323| [39m      [34mrender[39m([33m<[39m[33mForbiddenPage[39m [33m/[39m[33m>[39m)[33m;[39m
    [90m324| [39m
    [90m325| [39m      [34mexpect[39m(screen[33m.[39m[34mgetByText[39m([32m'/admin/users'[39m))[33m.[39m[34mtoBeInTheDocument[39m()[33m;[39m
    [90m   | [39m                    [31m^[39m
    [90m326| [39m    })[33m;[39m
    [90m327| [39m

[31m[2m⎯⎯⎯⎯⎯⎯⎯⎯⎯⎯⎯⎯⎯⎯⎯⎯⎯⎯⎯⎯⎯[35/143]⎯[22m[39m

[41m[1m FAIL [22m[49m src/app/__tests__/403-page.test.tsx[2m > [22mForbiddenPage Coverage Enhancement[2m > [22mUI Elements[2m > [22mshould display help section
[31m[1mTestingLibraryElementError[22m[39m: Unable to find an element with the text: 도움이 필요하신가요?. This could be because the text is broken up by multiple elements. In this case, you can provide a function for your text matcher to make your matcher more flexible.

Ignored nodes: comments, script, style
[36m<body>[39m
  [36m<div>[39m
    [36m<div[39m
      [33mclass[39m=[32m"flex min-h-screen items-center justify-center p-4 bg-slate-50"[39m
    [36m>[39m
      [36m<div[39m
        [33mclass[39m=[32m"rounded-lg border bg-card text-card-foreground shadow-sm max-w-md w-full"[39m
      [36m>[39m
        [36m<div[39m
          [33mclass[39m=[32m"flex flex-col space-y-1.5 p-6 text-center"[39m
        [36m>[39m
          [36m<div[39m
            [33mclass[39m=[32m"flex justify-center mb-4"[39m
          [36m>[39m
            [36m<div[39m
              [33mclass[39m=[32m"rounded-full bg-orange-100 p-4"[39m
            [36m>[39m
              [36m<svg[39m
                [33maria-hidden[39m=[32m"true"[39m
                [33mclass[39m=[32m"lucide lucide-shield-off h-12 w-12 text-orange-600"[39m
                [33mfill[39m=[32m"none"[39m
                [33mheight[39m=[32m"24"[39m
                [33mstroke[39m=[32m"currentColor"[39m
                [33mstroke-linecap[39m=[32m"round"[39m
                [33mstroke-linejoin[39m=[32m"round"[39m
                [33mstroke-width[39m=[32m"2"[39m
                [33mviewBox[39m=[32m"0 0 24 24"[39m
                [33mwidth[39m=[32m"24"[39m
                [33mxmlns[39m=[32m"http://www.w3.org/2000/svg"[39m
              [36m>[39m
                [36m<path[39m
                  [33md[39m=[32m"m2 2 20 20"[39m
                [36m/>[39m
                [36m<path[39m
                  [33md[39m=[32m"M5 5a1 1 0 0 0-1 1v7c0 5 3.5 7.5 7.67 8.94a1 1 0 0 0 .67.01c2.35-.82 4.48-1.97 5.9-3.71"[39m
                [36m/>[39m
                [36m<path[39m
                  [33md[39m=[32m"M9.309 3.652A12.252 12.252 0 0 0 11.24 2.28a1.17 1.17 0 0 1 1.52 0C14.51 3.81 17 5 19 5a1 1 0 0 1 1 1v7a9.784 9.784 0 0 1-.08 1.264"[39m
                [36m/>[39m
              [36m</svg>[39m
            [36m</div>[39m
          [36m</div>[39m
          [36m<div[39m
            [33mclass[39m=[32m"font-semibold tracking-tight text-2xl"[39m
          [36m>[39m
            [0m접근 거부[0m
          [36m</div>[39m
          [36m<div[39m
            [33mclass[39m=[32m"text-sm text-muted-foreground mt-2"[39m
          [36m>[39m
            [0m이 페이지에 접근할 권한이 없습니다.[0m
          [36m</div>[39m
        [36m</div>[39m
        [36m<div[39m
          [33mclass[39m=[32m"p-6 pt-0 space-y-6"[39m
        [36m>[39m
          [36m<div[39m
            [33mclass[39m=[32m"space-y-3"[39m
          [36m>[39m
            [36m<p[39m
              [33mclass[39m=[32m"text-sm text-center text-slate-600"[39m
            [36m>[39m
              [0m로그인이 필요합니다.[0m
            [36m</p>[39m
            [36m<div[39m
              [33mclass[39m=[32m"flex flex-col gap-2"[39m
            [36m>[39m
              [36m<button[39m
                [33mclass[39m=[32m"inline-flex items-center justify-center gap-2 whitespace-nowrap rounded-md text-sm font-medium ring-offset-background transition-colors focus-visible:outline-none focus-visible:ring-2 focus-visible:ring-ring focus-visible:ring-offset-2 disabled:pointer-events-none disabled:opacity-50 [&_svg]:pointer-events-none [&_svg]:size-4 [&_svg]:shrink-0 bg-primary text-primary-foreground hover:bg-primary/90 h-10 px-4 py-2 w-full"[39m
              [36m>[39m
                [0m로그인하기[0m
              [36m</button>[39m
              [36m<button[39m
                [33mclass[39m=[32m"inline-flex items-center justify-center gap-2 whitespace-nowrap rounded-md text-sm font-medium ring-offset-background transition-colors focus-visible:outline-none focus-visible:ring-2 focus-visible:ring-ring focus-visible:ring-offset-2 disabled:pointer-events-none disabled:opacity-50 [&_svg]:pointer-events-none [&_svg]:size-4 [&_svg]:shrink-0 border border-input bg-background hover:bg-accent hover:text-accent-foreground h-10 px-4 py-2 w-full"[39m
              [36m>[39m
                [36m<svg[39m
                  [33maria-hidden[39m=[32m"true"[39m
                  [33mclass[39m=[32m"lucide lucide-arrow-left mr-2 h-4 w-4"[39m
                  [33mfill[39m=[32m"none"[39m
                  [33mheight[39m=[32m"24"[39m
                  [33mstroke[39m=[32m"currentColor"[39m
                  [33mstroke-linecap[39m=[32m"round"[39m
                  [33mstroke-linejoin[39m=[32m"round"[39m
                  [33mstroke-width[39m=[32m"2"[39m
                  [33mviewBox[39m=[32m"0 0 24 24"[39m
                  [33mwidth[39m=[32m"24"[39m
                  [33mxmlns[39m=[32m"http://www.w3.org/2000/svg"[39m
                [36m>[39m
                  [36m<path[39m
                    [33md[39m=[32m"m12 19-7-7 7-7"[39m
                  [36m/>[39m
                  [36m<path[39m
                    [33md[39m=[32m"M19 12H5"[39m
                  [36m/>[39m
                [36m</svg>[39m
                [0m이전 페이지로 돌아가기[0m
              [36m</button>[39m
              [36m<button[39m
                [33mclass[39m=[32m"inline-flex items-center justify-center gap-2 whitespace-nowrap rounded-md text-sm font-medium ring-offset-background transition-colors focus-visible:outline-none focus-visible:ring-2 focus-visible:ring-ring focus-visible:ring-offset-2 disabled:pointer-events-none disabled:opacity-50 [&_svg]:pointer-events-none [&_svg]:size-4 [&_svg]:shrink-0 hover:bg-accent hover:text-accent-foreground h-10 px-4 py-2 w-full"[39m
              [36m>[39m
                [36m<svg[39m
                  [33maria-hidden[39m=[32m"true"[39m
                  [33mclass[39m=[32m"lucide lucide-house mr-2 h-4 w-4"[39m
                  [33mfill[39m=[32m"none"[39m
                  [33mheight[39m=[32m"24"[39m
                  [33mstroke[39m=[32m"currentColor"[39m
                  [33mstroke-linecap[39m=[32m"round"[39m
                  [33mstroke-linejoin[39m=[32m"round"[39m
                  [33mstroke-width[39m=[32m"2"[39m
                  [33mviewBox[39m=[32m"0 0 24 24"[39m
                  [33mwidth[39m=[32m"24"[39m
                  [33mxmlns[39m=[32m"http://www.w3.org/2000/svg"[39m
                [36m>[39m
                  [36m<path[39m
                    [33md[39m=[32m"M15 21v-8a1 1 0 0 0-1-1h-4a1 1 0 0 0-1 1v8"[39m
                  [36m/>[39m
                  [36m<path[39m
                    [33md[39m=[32m"M3 10a2 2 0 0 1 .709-1.528l7-6a2 2 0 0 1 2.582 0l7 6A2 2 0 0 1 21 10v9a2 2 0 0 1-2 2H5a2 2 0 0 1-2-2z"[39m
                  [36m/>[39m
                [36m</svg>[39m
                [0m홈으로 가기[0m
              [36m</button>[39m
            [36m</div>[39m
          [36m</div>[39m
          [36m<div[39m
            [33mclass[39m=[32m"border-t pt-4"[39m
          [36m>[39m
            [36m<p[39m
              [33mclass[39m=[32m"text-xs text-center text-muted-foreground"[39m
            [36m>[39m
              [0m권한이 있다고 생각되시나요?[0m
            [36m</p>[39m
            [36m<p[39m
              [33mclass[39m=[32m"text-xs text-center text-muted-foreground mt-1"[39m
            [36m>[39m
              [0m관리자에게 문의하거나 다시 로그인해보세요.[0m
            [36m</p>[39m
          [36m</div>[39m
        [36m</div>[39m
      [36m</div>[39m
    [36m</div>[39m
  [36m</div>[39m
[36m</body>[39m
[90m [2m❯[22m Object.getElementError node_modules/@testing-library/dom/dist/config.js:[2m37:19[22m[39m
[90m [2m❯[22m node_modules/@testing-library/dom/dist/query-helpers.js:[2m76:38[22m[39m
[90m [2m❯[22m node_modules/@testing-library/dom/dist/query-helpers.js:[2m52:17[22m[39m
[90m [2m❯[22m node_modules/@testing-library/dom/dist/query-helpers.js:[2m95:19[22m[39m
[36m [2m❯[22m src/app/__tests__/403-page.test.tsx:[2m339:21[22m[39m
    [90m337| [39m      [34mrender[39m([33m<[39m[33mForbiddenPage[39m [33m/[39m[33m>[39m)[33m;[39m
    [90m338| [39m
    [90m339| [39m      [34mexpect[39m(screen[33m.[39m[34mgetByText[39m([32m'도움이 필요하신가요?'[39m))[33m.[39m[34mtoBeInTheDocument[39m()[33m;[39m
    [90m   | [39m                    [31m^[39m
    [90m340| [39m      [34mexpect[39m(screen[33m.[39m[34mgetByText[39m([36m/관리자에게 문의하거나/[39m))[33m.[39m[34mtoBeInTheDocument[39m()[33m;[39m
    [90m341| [39m    })[33m;[39m

[31m[2m⎯⎯⎯⎯⎯⎯⎯⎯⎯⎯⎯⎯⎯⎯⎯⎯⎯⎯⎯⎯⎯[36/143]⎯[22m[39m

[41m[1m FAIL [22m[49m src/app/__tests__/403-page.test.tsx[2m > [22mForbiddenPage Coverage Enhancement[2m > [22mEdge Cases[2m > [22mshould handle user loading state
[31m[1mTestingLibraryElementError[22m[39m: Unable to find an element with the text: 403 - 접근 거부. This could be because the text is broken up by multiple elements. In this case, you can provide a function for your text matcher to make your matcher more flexible.

Ignored nodes: comments, script, style
[36m<body>[39m
  [36m<div>[39m
    [36m<div[39m
      [33mclass[39m=[32m"flex min-h-screen items-center justify-center p-4 bg-slate-50"[39m
    [36m>[39m
      [36m<div[39m
        [33mclass[39m=[32m"rounded-lg border bg-card text-card-foreground shadow-sm max-w-md w-full"[39m
      [36m>[39m
        [36m<div[39m
          [33mclass[39m=[32m"flex flex-col space-y-1.5 p-6 text-center"[39m
        [36m>[39m
          [36m<div[39m
            [33mclass[39m=[32m"flex justify-center mb-4"[39m
          [36m>[39m
            [36m<div[39m
              [33mclass[39m=[32m"rounded-full bg-orange-100 p-4"[39m
            [36m>[39m
              [36m<svg[39m
                [33maria-hidden[39m=[32m"true"[39m
                [33mclass[39m=[32m"lucide lucide-shield-off h-12 w-12 text-orange-600"[39m
                [33mfill[39m=[32m"none"[39m
                [33mheight[39m=[32m"24"[39m
                [33mstroke[39m=[32m"currentColor"[39m
                [33mstroke-linecap[39m=[32m"round"[39m
                [33mstroke-linejoin[39m=[32m"round"[39m
                [33mstroke-width[39m=[32m"2"[39m
                [33mviewBox[39m=[32m"0 0 24 24"[39m
                [33mwidth[39m=[32m"24"[39m
                [33mxmlns[39m=[32m"http://www.w3.org/2000/svg"[39m
              [36m>[39m
                [36m<path[39m
                  [33md[39m=[32m"m2 2 20 20"[39m
                [36m/>[39m
                [36m<path[39m
                  [33md[39m=[32m"M5 5a1 1 0 0 0-1 1v7c0 5 3.5 7.5 7.67 8.94a1 1 0 0 0 .67.01c2.35-.82 4.48-1.97 5.9-3.71"[39m
                [36m/>[39m
                [36m<path[39m
                  [33md[39m=[32m"M9.309 3.652A12.252 12.252 0 0 0 11.24 2.28a1.17 1.17 0 0 1 1.52 0C14.51 3.81 17 5 19 5a1 1 0 0 1 1 1v7a9.784 9.784 0 0 1-.08 1.264"[39m
                [36m/>[39m
              [36m</svg>[39m
            [36m</div>[39m
          [36m</div>[39m
          [36m<div[39m
            [33mclass[39m=[32m"font-semibold tracking-tight text-2xl"[39m
          [36m>[39m
            [0m접근 거부[0m
          [36m</div>[39m
          [36m<div[39m
            [33mclass[39m=[32m"text-sm text-muted-foreground mt-2"[39m
          [36m>[39m
            [0m이 페이지에 접근할 권한이 없습니다.[0m
          [36m</div>[39m
        [36m</div>[39m
        [36m<div[39m
          [33mclass[39m=[32m"p-6 pt-0 space-y-6"[39m
        [36m>[39m
          [36m<div[39m
            [33mclass[39m=[32m"space-y-3"[39m
          [36m>[39m
            [36m<p[39m
              [33mclass[39m=[32m"text-sm text-center text-slate-600"[39m
            [36m>[39m
              [0m로그인이 필요합니다.[0m
            [36m</p>[39m
            [36m<div[39m
              [33mclass[39m=[32m"flex flex-col gap-2"[39m
            [36m>[39m
              [36m<button[39m
                [33mclass[39m=[32m"inline-flex items-center justify-center gap-2 whitespace-nowrap rounded-md text-sm font-medium ring-offset-background transition-colors focus-visible:outline-none focus-visible:ring-2 focus-visible:ring-ring focus-visible:ring-offset-2 disabled:pointer-events-none disabled:opacity-50 [&_svg]:pointer-events-none [&_svg]:size-4 [&_svg]:shrink-0 bg-primary text-primary-foreground hover:bg-primary/90 h-10 px-4 py-2 w-full"[39m
              [36m>[39m
                [0m로그인하기[0m
              [36m</button>[39m
              [36m<button[39m
                [33mclass[39m=[32m"inline-flex items-center justify-center gap-2 whitespace-nowrap rounded-md text-sm font-medium ring-offset-background transition-colors focus-visible:outline-none focus-visible:ring-2 focus-visible:ring-ring focus-visible:ring-offset-2 disabled:pointer-events-none disabled:opacity-50 [&_svg]:pointer-events-none [&_svg]:size-4 [&_svg]:shrink-0 border border-input bg-background hover:bg-accent hover:text-accent-foreground h-10 px-4 py-2 w-full"[39m
              [36m>[39m
                [36m<svg[39m
                  [33maria-hidden[39m=[32m"true"[39m
                  [33mclass[39m=[32m"lucide lucide-arrow-left mr-2 h-4 w-4"[39m
                  [33mfill[39m=[32m"none"[39m
                  [33mheight[39m=[32m"24"[39m
                  [33mstroke[39m=[32m"currentColor"[39m
                  [33mstroke-linecap[39m=[32m"round"[39m
                  [33mstroke-linejoin[39m=[32m"round"[39m
                  [33mstroke-width[39m=[32m"2"[39m
                  [33mviewBox[39m=[32m"0 0 24 24"[39m
                  [33mwidth[39m=[32m"24"[39m
                  [33mxmlns[39m=[32m"http://www.w3.org/2000/svg"[39m
                [36m>[39m
                  [36m<path[39m
                    [33md[39m=[32m"m12 19-7-7 7-7"[39m
                  [36m/>[39m
                  [36m<path[39m
                    [33md[39m=[32m"M19 12H5"[39m
                  [36m/>[39m
                [36m</svg>[39m
                [0m이전 페이지로 돌아가기[0m
              [36m</button>[39m
              [36m<button[39m
                [33mclass[39m=[32m"inline-flex items-center justify-center gap-2 whitespace-nowrap rounded-md text-sm font-medium ring-offset-background transition-colors focus-visible:outline-none focus-visible:ring-2 focus-visible:ring-ring focus-visible:ring-offset-2 disabled:pointer-events-none disabled:opacity-50 [&_svg]:pointer-events-none [&_svg]:size-4 [&_svg]:shrink-0 hover:bg-accent hover:text-accent-foreground h-10 px-4 py-2 w-full"[39m
              [36m>[39m
                [36m<svg[39m
                  [33maria-hidden[39m=[32m"true"[39m
                  [33mclass[39m=[32m"lucide lucide-house mr-2 h-4 w-4"[39m
                  [33mfill[39m=[32m"none"[39m
                  [33mheight[39m=[32m"24"[39m
                  [33mstroke[39m=[32m"currentColor"[39m
                  [33mstroke-linecap[39m=[32m"round"[39m
                  [33mstroke-linejoin[39m=[32m"round"[39m
                  [33mstroke-width[39m=[32m"2"[39m
                  [33mviewBox[39m=[32m"0 0 24 24"[39m
                  [33mwidth[39m=[32m"24"[39m
                  [33mxmlns[39m=[32m"http://www.w3.org/2000/svg"[39m
                [36m>[39m
                  [36m<path[39m
                    [33md[39m=[32m"M15 21v-8a1 1 0 0 0-1-1h-4a1 1 0 0 0-1 1v8"[39m
                  [36m/>[39m
                  [36m<path[39m
                    [33md[39m=[32m"M3 10a2 2 0 0 1 .709-1.528l7-6a2 2 0 0 1 2.582 0l7 6A2 2 0 0 1 21 10v9a2 2 0 0 1-2 2H5a2 2 0 0 1-2-2z"[39m
                  [36m/>[39m
                [36m</svg>[39m
                [0m홈으로 가기[0m
              [36m</button>[39m
            [36m</div>[39m
          [36m</div>[39m
          [36m<div[39m
            [33mclass[39m=[32m"border-t pt-4"[39m
          [36m>[39m
            [36m<p[39m
              [33mclass[39m=[32m"text-xs text-center text-muted-foreground"[39m
            [36m>[39m
              [0m권한이 있다고 생각되시나요?[0m
            [36m</p>[39m
            [36m<p[39m
              [33mclass[39m=[32m"text-xs text-center text-muted-foreground mt-1"[39m
            [36m>[39m
              [0m관리자에게 문의하거나 다시 로그인해보세요.[0m
            [36m</p>[39m
          [36m</div>[39m
        [36m</div>[39m
      [36m</div>[39m
    [36m</div>[39m
  [36m</div>[39m
[36m</body>[39m
[90m [2m❯[22m Object.getElementError node_modules/@testing-library/dom/dist/config.js:[2m37:19[22m[39m
[90m [2m❯[22m node_modules/@testing-library/dom/dist/query-helpers.js:[2m76:38[22m[39m
[90m [2m❯[22m node_modules/@testing-library/dom/dist/query-helpers.js:[2m52:17[22m[39m
[90m [2m❯[22m node_modules/@testing-library/dom/dist/query-helpers.js:[2m95:19[22m[39m
[36m [2m❯[22m src/app/__tests__/403-page.test.tsx:[2m376:21[22m[39m
    [90m374| [39m
    [90m375| [39m      [90m// Should not crash during loading[39m
    [90m376| [39m      [34mexpect[39m(screen[33m.[39m[34mgetByText[39m([32m'403 - 접근 거부'[39m))[33m.[39m[34mtoBeInTheDocument[39m()[33m;[39m
    [90m   | [39m                    [31m^[39m
    [90m377| [39m    })[33m;[39m
    [90m378| [39m

[31m[2m⎯⎯⎯⎯⎯⎯⎯⎯⎯⎯⎯⎯⎯⎯⎯⎯⎯⎯⎯⎯⎯[37/143]⎯[22m[39m

[41m[1m FAIL [22m[49m src/app/__tests__/403-page.test.tsx[2m > [22mForbiddenPage Coverage Enhancement[2m > [22mEdge Cases[2m > [22mshould handle user with minimal data
[31m[1mTestingLibraryElementError[22m[39m: Unable to find an element with the text: 403 - 접근 거부. This could be because the text is broken up by multiple elements. In this case, you can provide a function for your text matcher to make your matcher more flexible.

Ignored nodes: comments, script, style
[36m<body>[39m
  [36m<div>[39m
    [36m<div[39m
      [33mclass[39m=[32m"flex min-h-screen items-center justify-center p-4 bg-slate-50"[39m
    [36m>[39m
      [36m<div[39m
        [33mclass[39m=[32m"rounded-lg border bg-card text-card-foreground shadow-sm max-w-md w-full"[39m
      [36m>[39m
        [36m<div[39m
          [33mclass[39m=[32m"flex flex-col space-y-1.5 p-6 text-center"[39m
        [36m>[39m
          [36m<div[39m
            [33mclass[39m=[32m"flex justify-center mb-4"[39m
          [36m>[39m
            [36m<div[39m
              [33mclass[39m=[32m"rounded-full bg-orange-100 p-4"[39m
            [36m>[39m
              [36m<svg[39m
                [33maria-hidden[39m=[32m"true"[39m
                [33mclass[39m=[32m"lucide lucide-shield-off h-12 w-12 text-orange-600"[39m
                [33mfill[39m=[32m"none"[39m
                [33mheight[39m=[32m"24"[39m
                [33mstroke[39m=[32m"currentColor"[39m
                [33mstroke-linecap[39m=[32m"round"[39m
                [33mstroke-linejoin[39m=[32m"round"[39m
                [33mstroke-width[39m=[32m"2"[39m
                [33mviewBox[39m=[32m"0 0 24 24"[39m
                [33mwidth[39m=[32m"24"[39m
                [33mxmlns[39m=[32m"http://www.w3.org/2000/svg"[39m
              [36m>[39m
                [36m<path[39m
                  [33md[39m=[32m"m2 2 20 20"[39m
                [36m/>[39m
                [36m<path[39m
                  [33md[39m=[32m"M5 5a1 1 0 0 0-1 1v7c0 5 3.5 7.5 7.67 8.94a1 1 0 0 0 .67.01c2.35-.82 4.48-1.97 5.9-3.71"[39m
                [36m/>[39m
                [36m<path[39m
                  [33md[39m=[32m"M9.309 3.652A12.252 12.252 0 0 0 11.24 2.28a1.17 1.17 0 0 1 1.52 0C14.51 3.81 17 5 19 5a1 1 0 0 1 1 1v7a9.784 9.784 0 0 1-.08 1.264"[39m
                [36m/>[39m
              [36m</svg>[39m
            [36m</div>[39m
          [36m</div>[39m
          [36m<div[39m
            [33mclass[39m=[32m"font-semibold tracking-tight text-2xl"[39m
          [36m>[39m
            [0m접근 거부[0m
          [36m</div>[39m
          [36m<div[39m
            [33mclass[39m=[32m"text-sm text-muted-foreground mt-2"[39m
          [36m>[39m
            [0m이 페이지에 접근할 권한이 없습니다.[0m
          [36m</div>[39m
        [36m</div>[39m
        [36m<div[39m
          [33mclass[39m=[32m"p-6 pt-0 space-y-6"[39m
        [36m>[39m
          [36m<div[39m
            [33mclass[39m=[32m"space-y-3"[39m
          [36m>[39m
            [36m<p[39m
              [33mclass[39m=[32m"text-sm text-center text-slate-600"[39m
            [36m>[39m
              [0m로그인이 필요합니다.[0m
            [36m</p>[39m
            [36m<div[39m
              [33mclass[39m=[32m"flex flex-col gap-2"[39m
            [36m>[39m
              [36m<button[39m
                [33mclass[39m=[32m"inline-flex items-center justify-center gap-2 whitespace-nowrap rounded-md text-sm font-medium ring-offset-background transition-colors focus-visible:outline-none focus-visible:ring-2 focus-visible:ring-ring focus-visible:ring-offset-2 disabled:pointer-events-none disabled:opacity-50 [&_svg]:pointer-events-none [&_svg]:size-4 [&_svg]:shrink-0 bg-primary text-primary-foreground hover:bg-primary/90 h-10 px-4 py-2 w-full"[39m
              [36m>[39m
                [0m로그인하기[0m
              [36m</button>[39m
              [36m<button[39m
                [33mclass[39m=[32m"inline-flex items-center justify-center gap-2 whitespace-nowrap rounded-md text-sm font-medium ring-offset-background transition-colors focus-visible:outline-none focus-visible:ring-2 focus-visible:ring-ring focus-visible:ring-offset-2 disabled:pointer-events-none disabled:opacity-50 [&_svg]:pointer-events-none [&_svg]:size-4 [&_svg]:shrink-0 border border-input bg-background hover:bg-accent hover:text-accent-foreground h-10 px-4 py-2 w-full"[39m
              [36m>[39m
                [36m<svg[39m
                  [33maria-hidden[39m=[32m"true"[39m
                  [33mclass[39m=[32m"lucide lucide-arrow-left mr-2 h-4 w-4"[39m
                  [33mfill[39m=[32m"none"[39m
                  [33mheight[39m=[32m"24"[39m
                  [33mstroke[39m=[32m"currentColor"[39m
                  [33mstroke-linecap[39m=[32m"round"[39m
                  [33mstroke-linejoin[39m=[32m"round"[39m
                  [33mstroke-width[39m=[32m"2"[39m
                  [33mviewBox[39m=[32m"0 0 24 24"[39m
                  [33mwidth[39m=[32m"24"[39m
                  [33mxmlns[39m=[32m"http://www.w3.org/2000/svg"[39m
                [36m>[39m
                  [36m<path[39m
                    [33md[39m=[32m"m12 19-7-7 7-7"[39m
                  [36m/>[39m
                  [36m<path[39m
                    [33md[39m=[32m"M19 12H5"[39m
                  [36m/>[39m
                [36m</svg>[39m
                [0m이전 페이지로 돌아가기[0m
              [36m</button>[39m
              [36m<button[39m
                [33mclass[39m=[32m"inline-flex items-center justify-center gap-2 whitespace-nowrap rounded-md text-sm font-medium ring-offset-background transition-colors focus-visible:outline-none focus-visible:ring-2 focus-visible:ring-ring focus-visible:ring-offset-2 disabled:pointer-events-none disabled:opacity-50 [&_svg]:pointer-events-none [&_svg]:size-4 [&_svg]:shrink-0 hover:bg-accent hover:text-accent-foreground h-10 px-4 py-2 w-full"[39m
              [36m>[39m
                [36m<svg[39m
                  [33maria-hidden[39m=[32m"true"[39m
                  [33mclass[39m=[32m"lucide lucide-house mr-2 h-4 w-4"[39m
                  [33mfill[39m=[32m"none"[39m
                  [33mheight[39m=[32m"24"[39m
                  [33mstroke[39m=[32m"currentColor"[39m
                  [33mstroke-linecap[39m=[32m"round"[39m
                  [33mstroke-linejoin[39m=[32m"round"[39m
                  [33mstroke-width[39m=[32m"2"[39m
                  [33mviewBox[39m=[32m"0 0 24 24"[39m
                  [33mwidth[39m=[32m"24"[39m
                  [33mxmlns[39m=[32m"http://www.w3.org/2000/svg"[39m
                [36m>[39m
                  [36m<path[39m
                    [33md[39m=[32m"M15 21v-8a1 1 0 0 0-1-1h-4a1 1 0 0 0-1 1v8"[39m
                  [36m/>[39m
                  [36m<path[39m
                    [33md[39m=[32m"M3 10a2 2 0 0 1 .709-1.528l7-6a2 2 0 0 1 2.582 0l7 6A2 2 0 0 1 21 10v9a2 2 0 0 1-2 2H5a2 2 0 0 1-2-2z"[39m
                  [36m/>[39m
                [36m</svg>[39m
                [0m홈으로 가기[0m
              [36m</button>[39m
            [36m</div>[39m
          [36m</div>[39m
          [36m<div[39m
            [33mclass[39m=[32m"border-t pt-4"[39m
          [36m>[39m
            [36m<p[39m
              [33mclass[39m=[32m"text-xs text-center text-muted-foreground"[39m
            [36m>[39m
              [0m권한이 있다고 생각되시나요?[0m
            [36m</p>[39m
            [36m<p[39m
              [33mclass[39m=[32m"text-xs text-center text-muted-foreground mt-1"[39m
            [36m>[39m
              [0m관리자에게 문의하거나 다시 로그인해보세요.[0m
            [36m</p>[39m
          [36m</div>[39m
        [36m</div>[39m
      [36m</div>[39m
    [36m</div>[39m
  [36m</div>[39m
[36m</body>[39m
[90m [2m❯[22m Object.getElementError node_modules/@testing-library/dom/dist/config.js:[2m37:19[22m[39m
[90m [2m❯[22m node_modules/@testing-library/dom/dist/query-helpers.js:[2m76:38[22m[39m
[90m [2m❯[22m node_modules/@testing-library/dom/dist/query-helpers.js:[2m52:17[22m[39m
[90m [2m❯[22m node_modules/@testing-library/dom/dist/query-helpers.js:[2m95:19[22m[39m
[36m [2m❯[22m src/app/__tests__/403-page.test.tsx:[2m391:21[22m[39m
    [90m389| [39m      [34mrender[39m([33m<[39m[33mForbiddenPage[39m [33m/[39m[33m>[39m)[33m;[39m
    [90m390| [39m
    [90m391| [39m      [34mexpect[39m(screen[33m.[39m[34mgetByText[39m([32m'403 - 접근 거부'[39m))[33m.[39m[34mtoBeInTheDocument[39m()[33m;[39m
    [90m   | [39m                    [31m^[39m
    [90m392| [39m    })[33m;[39m
    [90m393| [39m  })[33m;[39m

[31m[2m⎯⎯⎯⎯⎯⎯⎯⎯⎯⎯⎯⎯⎯⎯⎯⎯⎯⎯⎯⎯⎯[38/143]⎯[22m[39m

[41m[1m FAIL [22m[49m src/app/__tests__/403-page.test.tsx[2m > [22mForbiddenPage Coverage Enhancement[2m > [22mAccessibility[2m > [22mshould have proper heading hierarchy
[31m[1mTestingLibraryElementError[22m[39m: Unable to find an accessible element with the role "heading"

Here are the accessible roles:

  paragraph:

  Name "":
  [36m<p[39m
    [33mclass[39m=[32m"text-sm text-center text-slate-600"[39m
  [36m/>[39m

  Name "":
  [36m<p[39m
    [33mclass[39m=[32m"text-xs text-center text-muted-foreground"[39m
  [36m/>[39m

  Name "":
  [36m<p[39m
    [33mclass[39m=[32m"text-xs text-center text-muted-foreground mt-1"[39m
  [36m/>[39m

  --------------------------------------------------
  button:

  Name "로그인하기":
  [36m<button[39m
    [33mclass[39m=[32m"inline-flex items-center justify-center gap-2 whitespace-nowrap rounded-md text-sm font-medium ring-offset-background transition-colors focus-visible:outline-none focus-visible:ring-2 focus-visible:ring-ring focus-visible:ring-offset-2 disabled:pointer-events-none disabled:opacity-50 [&_svg]:pointer-events-none [&_svg]:size-4 [&_svg]:shrink-0 bg-primary text-primary-foreground hover:bg-primary/90 h-10 px-4 py-2 w-full"[39m
  [36m/>[39m

  Name "이전 페이지로 돌아가기":
  [36m<button[39m
    [33mclass[39m=[32m"inline-flex items-center justify-center gap-2 whitespace-nowrap rounded-md text-sm font-medium ring-offset-background transition-colors focus-visible:outline-none focus-visible:ring-2 focus-visible:ring-ring focus-visible:ring-offset-2 disabled:pointer-events-none disabled:opacity-50 [&_svg]:pointer-events-none [&_svg]:size-4 [&_svg]:shrink-0 border border-input bg-background hover:bg-accent hover:text-accent-foreground h-10 px-4 py-2 w-full"[39m
  [36m/>[39m

  Name "홈으로 가기":
  [36m<button[39m
    [33mclass[39m=[32m"inline-flex items-center justify-center gap-2 whitespace-nowrap rounded-md text-sm font-medium ring-offset-background transition-colors focus-visible:outline-none focus-visible:ring-2 focus-visible:ring-ring focus-visible:ring-offset-2 disabled:pointer-events-none disabled:opacity-50 [&_svg]:pointer-events-none [&_svg]:size-4 [&_svg]:shrink-0 hover:bg-accent hover:text-accent-foreground h-10 px-4 py-2 w-full"[39m
  [36m/>[39m

  --------------------------------------------------

Ignored nodes: comments, script, style
[36m<body>[39m
  [36m<div>[39m
    [36m<div[39m
      [33mclass[39m=[32m"flex min-h-screen items-center justify-center p-4 bg-slate-50"[39m
    [36m>[39m
      [36m<div[39m
        [33mclass[39m=[32m"rounded-lg border bg-card text-card-foreground shadow-sm max-w-md w-full"[39m
      [36m>[39m
        [36m<div[39m
          [33mclass[39m=[32m"flex flex-col space-y-1.5 p-6 text-center"[39m
        [36m>[39m
          [36m<div[39m
            [33mclass[39m=[32m"flex justify-center mb-4"[39m
          [36m>[39m
            [36m<div[39m
              [33mclass[39m=[32m"rounded-full bg-orange-100 p-4"[39m
            [36m>[39m
              [36m<svg[39m
                [33maria-hidden[39m=[32m"true"[39m
                [33mclass[39m=[32m"lucide lucide-shield-off h-12 w-12 text-orange-600"[39m
                [33mfill[39m=[32m"none"[39m
                [33mheight[39m=[32m"24"[39m
                [33mstroke[39m=[32m"currentColor"[39m
                [33mstroke-linecap[39m=[32m"round"[39m
                [33mstroke-linejoin[39m=[32m"round"[39m
                [33mstroke-width[39m=[32m"2"[39m
                [33mviewBox[39m=[32m"0 0 24 24"[39m
                [33mwidth[39m=[32m"24"[39m
                [33mxmlns[39m=[32m"http://www.w3.org/2000/svg"[39m
              [36m>[39m
                [36m<path[39m
                  [33md[39m=[32m"m2 2 20 20"[39m
                [36m/>[39m
                [36m<path[39m
                  [33md[39m=[32m"M5 5a1 1 0 0 0-1 1v7c0 5 3.5 7.5 7.67 8.94a1 1 0 0 0 .67.01c2.35-.82 4.48-1.97 5.9-3.71"[39m
                [36m/>[39m
                [36m<path[39m
                  [33md[39m=[32m"M9.309 3.652A12.252 12.252 0 0 0 11.24 2.28a1.17 1.17 0 0 1 1.52 0C14.51 3.81 17 5 19 5a1 1 0 0 1 1 1v7a9.784 9.784 0 0 1-.08 1.264"[39m
                [36m/>[39m
              [36m</svg>[39m
            [36m</div>[39m
          [36m</div>[39m
          [36m<div[39m
            [33mclass[39m=[32m"font-semibold tracking-tight text-2xl"[39m
          [36m>[39m
            [0m접근 거부[0m
          [36m</div>[39m
          [36m<div[39m
            [33mclass[39m=[32m"text-sm text-muted-foreground mt-2"[39m
          [36m>[39m
            [0m이 페이지에 접근할 권한이 없습니다.[0m
          [36m</div>[39m
        [36m</div>[39m
        [36m<div[39m
          [33mclass[39m=[32m"p-6 pt-0 space-y-6"[39m
        [36m>[39m
          [36m<div[39m
            [33mclass[39m=[32m"space-y-3"[39m
          [36m>[39m
            [36m<p[39m
              [33mclass[39m=[32m"text-sm text-center text-slate-600"[39m
            [36m>[39m
              [0m로그인이 필요합니다.[0m
            [36m</p>[39m
            [36m<div[39m
              [33mclass[39m=[32m"flex flex-col gap-2"[39m
            [36m>[39m
              [36m<button[39m
                [33mclass[39m=[32m"inline-flex items-center justify-center gap-2 whitespace-nowrap rounded-md text-sm font-medium ring-offset-background transition-colors focus-visible:outline-none focus-visible:ring-2 focus-visible:ring-ring focus-visible:ring-offset-2 disabled:pointer-events-none disabled:opacity-50 [&_svg]:pointer-events-none [&_svg]:size-4 [&_svg]:shrink-0 bg-primary text-primary-foreground hover:bg-primary/90 h-10 px-4 py-2 w-full"[39m
              [36m>[39m
                [0m로그인하기[0m
              [36m</button>[39m
              [36m<button[39m
                [33mclass[39m=[32m"inline-flex items-center justify-center gap-2 whitespace-nowrap rounded-md text-sm font-medium ring-offset-background transition-colors focus-visible:outline-none focus-visible:ring-2 focus-visible:ring-ring focus-visible:ring-offset-2 disabled:pointer-events-none disabled:opacity-50 [&_svg]:pointer-events-none [&_svg]:size-4 [&_svg]:shrink-0 border border-input bg-background hover:bg-accent hover:text-accent-foreground h-10 px-4 py-2 w-full"[39m
              [36m>[39m
                [36m<svg[39m
                  [33maria-hidden[39m=[32m"true"[39m
                  [33mclass[39m=[32m"lucide lucide-arrow-left mr-2 h-4 w-4"[39m
                  [33mfill[39m=[32m"none"[39m
                  [33mheight[39m=[32m"24"[39m
                  [33mstroke[39m=[32m"currentColor"[39m
                  [33mstroke-linecap[39m=[32m"round"[39m
                  [33mstroke-linejoin[39m=[32m"round"[39m
                  [33mstroke-width[39m=[32m"2"[39m
                  [33mviewBox[39m=[32m"0 0 24 24"[39m
                  [33mwidth[39m=[32m"24"[39m
                  [33mxmlns[39m=[32m"http://www.w3.org/2000/svg"[39m
                [36m>[39m
                  [36m<path[39m
                    [33md[39m=[32m"m12 19-7-7 7-7"[39m
                  [36m/>[39m
                  [36m<path[39m
                    [33md[39m=[32m"M19 12H5"[39m
                  [36m/>[39m
                [36m</svg>[39m
                [0m이전 페이지로 돌아가기[0m
              [36m</button>[39m
              [36m<button[39m
                [33mclass[39m=[32m"inline-flex items-center justify-center gap-2 whitespace-nowrap rounded-md text-sm font-medium ring-offset-background transition-colors focus-visible:outline-none focus-visible:ring-2 focus-visible:ring-ring focus-visible:ring-offset-2 disabled:pointer-events-none disabled:opacity-50 [&_svg]:pointer-events-none [&_svg]:size-4 [&_svg]:shrink-0 hover:bg-accent hover:text-accent-foreground h-10 px-4 py-2 w-full"[39m
              [36m>[39m
                [36m<svg[39m
                  [33maria-hidden[39m=[32m"true"[39m
                  [33mclass[39m=[32m"lucide lucide-house mr-2 h-4 w-4"[39m
                  [33mfill[39m=[32m"none"[39m
                  [33mheight[39m=[32m"24"[39m
                  [33mstroke[39m=[32m"currentColor"[39m
                  [33mstroke-linecap[39m=[32m"round"[39m
                  [33mstroke-linejoin[39m=[32m"round"[39m
                  [33mstroke-width[39m=[32m"2"[39m
                  [33mviewBox[39m=[32m"0 0 24 24"[39m
                  [33mwidth[39m=[32m"24"[39m
                  [33mxmlns[39m=[32m"http://www.w3.org/2000/svg"[39m
                [36m>[39m
                  [36m<path[39m
                    [33md[39m=[32m"M15 21v-8a1 1 0 0 0-1-1h-4a1 1 0 0 0-1 1v8"[39m
                  [36m/>[39m
                  [36m<path[39m
                    [33md[39m=[32m"M3 10a2 2 0 0 1 .709-1.528l7-6a2 2 0 0 1 2.582 0l7 6A2 2 0 0 1 21 10v9a2 2 0 0 1-2 2H5a2 2 0 0 1-2-2z"[39m
                  [36m/>[39m
                [36m</svg>[39m
                [0m홈으로 가기[0m
              [36m</button>[39m
            [36m</div>[39m
          [36m</div>[39m
          [36m<div[39m
            [33mclass[39m=[32m"border-t pt-4"[39m
          [36m>[39m
            [36m<p[39m
              [33mclass[39m=[32m"text-xs text-center text-muted-foreground"[39m
            [36m>[39m
              [0m권한이 있다고 생각되시나요?[0m
            [36m</p>[39m
            [36m<p[39m
              [33mclass[39m=[32m"text-xs text-center text-muted-foreground mt-1"[39m
            [36m>[39m
              [0m관리자에게 문의하거나 다시 로그인해보세요.[0m
            [36m</p>[39m
          [36m</div>[39m
        [36m</div>[39m
      [36m</div>[39m
    [36m</div>[39m
  [36m</div>[39m
[36m</body>[39m
[90m [2m❯[22m Object.getElementError node_modules/@testing-library/dom/dist/config.js:[2m37:19[22m[39m
[90m [2m❯[22m node_modules/@testing-library/dom/dist/query-helpers.js:[2m76:38[22m[39m
[90m [2m❯[22m node_modules/@testing-library/dom/dist/query-helpers.js:[2m52:17[22m[39m
[90m [2m❯[22m node_modules/@testing-library/dom/dist/query-helpers.js:[2m95:19[22m[39m
[36m [2m❯[22m src/app/__tests__/403-page.test.tsx:[2m406:30[22m[39m
    [90m404| [39m      [34mrender[39m([33m<[39m[33mForbiddenPage[39m [33m/[39m[33m>[39m)[33m;[39m
    [90m405| [39m
    [90m406| [39m      [35mconst[39m heading [33m=[39m screen[33m.[39m[34mgetByRole[39m([32m'heading'[39m[33m,[39m { level[33m:[39m [34m1[39m })[33m;[39m
    [90m   | [39m                             [31m^[39m
    [90m407| [39m      [34mexpect[39m(heading)[33m.[39m[34mtoBeInTheDocument[39m()[33m;[39m
    [90m408| [39m      [34mexpect[39m(heading)[33m.[39m[34mtoHaveTextContent[39m([32m'403 - 접근 거부'[39m)[33m;[39m

[31m[2m⎯⎯⎯⎯⎯⎯⎯⎯⎯⎯⎯⎯⎯⎯⎯⎯⎯⎯⎯⎯⎯[39/143]⎯[22m[39m

[41m[1m FAIL [22m[49m src/app/__tests__/403-page.test.tsx[2m > [22mForbiddenPage Coverage Enhancement[2m > [22mAccessibility[2m > [22mshould have accessible button labels
[31m[1mError[22m: [2mexpect([22m[31melement[31m[2m).toHaveAttribute([22m[32m[32m"aria-label"[32m[31m[2m) // element.hasAttribute("aria-label")[22m

Expected the element to have attribute:
[32m  aria-label[31m
Received:
[31m  null[31m[39m
[36m [2m❯[22m src/app/__tests__/403-page.test.tsx:[2m425:24[22m[39m
    [90m423| [39m      
    [90m424| [39m      buttons[33m.[39m[34mforEach[39m(button [33m=>[39m {
    [90m425| [39m        [34mexpect[39m(button)[33m.[39m[34mtoHaveAttribute[39m([32m'aria-label'[39m)[33m;[39m
    [90m   | [39m                       [31m^[39m
    [90m426| [39m      })[33m;[39m
    [90m427| [39m    })[33m;[39m
[90m [2m❯[22m src/app/__tests__/403-page.test.tsx:[2m424:15[22m[39m

[31m[2m⎯⎯⎯⎯⎯⎯⎯⎯⎯⎯⎯⎯⎯⎯⎯⎯⎯⎯⎯⎯⎯[40/143]⎯[22m[39m

[41m[1m FAIL [22m[49m src/lib/__tests__/monitoring.coverage-enhanced.test.ts[2m > [22mMonitoring Coverage Enhancement[2m > [22mLogLevel enum[2m > [22mshould have all required log levels
[41m[1m FAIL [22m[49m src/lib/__tests__/monitoring.coverage-enhanced.test.ts[2m > [22mMonitoring Coverage Enhancement[2m > [22mlogApiRequest[2m > [22mshould log API request with basic parameters
[41m[1m FAIL [22m[49m src/lib/__tests__/monitoring.coverage-enhanced.test.ts[2m > [22mMonitoring Coverage Enhancement[2m > [22mlogApiRequest[2m > [22mshould log error requests
[41m[1m FAIL [22m[49m src/lib/__tests__/monitoring.coverage-enhanced.test.ts[2m > [22mMonitoring Coverage Enhancement[2m > [22mlogApiRequest[2m > [22mshould include metadata when provided
[41m[1m FAIL [22m[49m src/lib/__tests__/monitoring.coverage-enhanced.test.ts[2m > [22mMonitoring Coverage Enhancement[2m > [22mlogApiRequest[2m > [22mshould handle requests without optional parameters
[41m[1m FAIL [22m[49m src/lib/__tests__/monitoring.coverage-enhanced.test.ts[2m > [22mMonitoring Coverage Enhancement[2m > [22mlogError[2m > [22mshould log error with context
[41m[1m FAIL [22m[49m src/lib/__tests__/monitoring.coverage-enhanced.test.ts[2m > [22mMonitoring Coverage Enhancement[2m > [22mlogError[2m > [22mshould log error without context
[41m[1m FAIL [22m[49m src/lib/__tests__/monitoring.coverage-enhanced.test.ts[2m > [22mMonitoring Coverage Enhancement[2m > [22mlogError[2m > [22mshould handle string errors
[41m[1m FAIL [22m[49m src/lib/__tests__/monitoring.coverage-enhanced.test.ts[2m > [22mMonitoring Coverage Enhancement[2m > [22mlogError[2m > [22mshould handle object errors
[41m[1m FAIL [22m[49m src/lib/__tests__/monitoring.coverage-enhanced.test.ts[2m > [22mMonitoring Coverage Enhancement[2m > [22mgetHealthCheck[2m > [22mshould return healthy status when all services are OK
[41m[1m FAIL [22m[49m src/lib/__tests__/monitoring.coverage-enhanced.test.ts[2m > [22mMonitoring Coverage Enhancement[2m > [22mgetHealthCheck[2m > [22mshould return unhealthy status when Firebase is unavailable
[41m[1m FAIL [22m[49m src/lib/__tests__/monitoring.coverage-enhanced.test.ts[2m > [22mMonitoring Coverage Enhancement[2m > [22mgetHealthCheck[2m > [22mshould return unhealthy status when Firestore is unavailable
[41m[1m FAIL [22m[49m src/lib/__tests__/monitoring.coverage-enhanced.test.ts[2m > [22mMonitoring Coverage Enhancement[2m > [22mgetPerformanceMetrics[2m > [22mshould return empty metrics when no data exists
[41m[1m FAIL [22m[49m src/lib/__tests__/monitoring.coverage-enhanced.test.ts[2m > [22mMonitoring Coverage Enhancement[2m > [22mgetPerformanceMetrics[2m > [22mshould return performance metrics for tracked endpoints
[41m[1m FAIL [22m[49m src/lib/__tests__/monitoring.coverage-enhanced.test.ts[2m > [22mMonitoring Coverage Enhancement[2m > [22mgetPerformanceMetrics[2m > [22mshould calculate metrics correctly with mixed success/failure
[41m[1m FAIL [22m[49m src/lib/__tests__/monitoring.coverage-enhanced.test.ts[2m > [22mMonitoring Coverage Enhancement[2m > [22mcheckAndAlert[2m > [22mshould check alert conditions and log warnings
[41m[1m FAIL [22m[49m src/lib/__tests__/monitoring.coverage-enhanced.test.ts[2m > [22mMonitoring Coverage Enhancement[2m > [22mcheckAndAlert[2m > [22mshould check error rate alerts
[41m[1m FAIL [22m[49m src/lib/__tests__/monitoring.coverage-enhanced.test.ts[2m > [22mMonitoring Coverage Enhancement[2m > [22mcheckAndAlert[2m > [22mshould not alert for normal performance
[41m[1m FAIL [22m[49m src/lib/__tests__/monitoring.coverage-enhanced.test.ts[2m > [22mMonitoring Coverage Enhancement[2m > [22mclearMetrics[2m > [22mshould clear all performance metrics
[41m[1m FAIL [22m[49m src/lib/__tests__/monitoring.coverage-enhanced.test.ts[2m > [22mMonitoring Coverage Enhancement[2m > [22mEdge cases[2m > [22mshould handle malformed request URLs
[41m[1m FAIL [22m[49m src/lib/__tests__/monitoring.coverage-enhanced.test.ts[2m > [22mMonitoring Coverage Enhancement[2m > [22mEdge cases[2m > [22mshould handle null/undefined errors in logError
[41m[1m FAIL [22m[49m src/lib/__tests__/monitoring.coverage-enhanced.test.ts[2m > [22mMonitoring Coverage Enhancement[2m > [22mEdge cases[2m > [22mshould handle very large duration values
[31m[1mTypeError[22m: __vi_import_0__.clearMetrics is not a function[39m
[36m [2m❯[22m src/lib/__tests__/monitoring.coverage-enhanced.test.ts:[2m30:5[22m[39m
    [90m 28| [39m  [34mbeforeEach[39m(() [33m=>[39m {
    [90m 29| [39m    vi[33m.[39m[34mclearAllMocks[39m()[33m;[39m
    [90m 30| [39m    [34mclearMetrics[39m()[33m;[39m
    [90m   | [39m    [31m^[39m
    [90m 31| [39m  })[33m;[39m
    [90m 32| [39m

[31m[2m⎯⎯⎯⎯⎯⎯⎯⎯⎯⎯⎯⎯⎯⎯⎯⎯⎯⎯⎯⎯⎯[41/143]⎯[22m[39m

[41m[1m FAIL [22m[49m src/lib/__tests__/monitoring.simple-coverage.test.ts[2m > [22mMonitoring Simple Coverage Tests[2m > [22mgetHealthCheck status logic[2m > [22mshould return healthy status when Firebase is OK
[31m[1mAssertionError[22m: expected 'unhealthy' to be 'healthy' // Object.is equality[39m

Expected: [32m"healthy"[39m
Received: [31m"[7mun[27mhealthy"[39m

[36m [2m❯[22m src/lib/__tests__/monitoring.simple-coverage.test.ts:[2m54:29[22m[39m
    [90m 52| [39m      [35mconst[39m result [33m=[39m [35mawait[39m [34mgetHealthCheck[39m()[33m;[39m
    [90m 53| [39m      
    [90m 54| [39m      [34mexpect[39m(result[33m.[39mstatus)[33m.[39m[34mtoBe[39m([32m'healthy'[39m)[33m;[39m
    [90m   | [39m                            [31m^[39m
    [90m 55| [39m      [34mexpect[39m(result[33m.[39mservices[33m.[39mfirebase)[33m.[39m[34mtoBe[39m([35mtrue[39m)[33m;[39m
    [90m 56| [39m    })[33m;[39m

[31m[2m⎯⎯⎯⎯⎯⎯⎯⎯⎯⎯⎯⎯⎯⎯⎯⎯⎯⎯⎯⎯⎯[42/143]⎯[22m[39m

[41m[1m FAIL [22m[49m src/lib/__tests__/monitoring.simple-coverage.test.ts[2m > [22mMonitoring Simple Coverage Tests[2m > [22mcheckAndAlert alert conditions[2m > [22mshould check alert conditions
[31m[1mAssertionError[22m: expected "log" to be called at least once[39m
[36m [2m❯[22m src/lib/__tests__/monitoring.simple-coverage.test.ts:[2m67:26[22m[39m
    [90m 65| [39m      
    [90m 66| [39m      [90m// Function should complete without error[39m
    [90m 67| [39m      [34mexpect[39m(consoleSpy)[33m.[39m[34mtoHaveBeenCalled[39m()[33m;[39m
    [90m   | [39m                         [31m^[39m
    [90m 68| [39m      
    [90m 69| [39m      consoleSpy[33m.[39m[34mmockRestore[39m()[33m;[39m

[31m[2m⎯⎯⎯⎯⎯⎯⎯⎯⎯⎯⎯⎯⎯⎯⎯⎯⎯⎯⎯⎯⎯[43/143]⎯[22m[39m

[41m[1m FAIL [22m[49m src/stores/__tests__/ui-store.coverage-enhanced.test.ts[2m > [22mUI Store Coverage Enhancement[2m > [22mTheme Management[2m > [22mshould set theme to light
[31m[1mTypeError[22m: Cannot read properties of undefined (reading 'appendChild')[39m
[90m [2m❯[22m render node_modules/@testing-library/react/dist/pure.js:[2m260:29[22m[39m
[90m [2m❯[22m renderHook node_modules/@testing-library/react/dist/pure.js:[2m340:7[22m[39m
[36m [2m❯[22m src/stores/__tests__/ui-store.coverage-enhanced.test.ts:[2m45:26[22m[39m
    [90m 43| [39m  [34mdescribe[39m([32m'Theme Management'[39m[33m,[39m () [33m=>[39m {
    [90m 44| [39m    [34mit[39m([32m'should set theme to light'[39m[33m,[39m () [33m=>[39m {
    [90m 45| [39m      [35mconst[39m { result } [33m=[39m [34mrenderHook[39m(() [33m=>[39m [34museUIStore[39m())[33m;[39m
    [90m   | [39m                         [31m^[39m
    [90m 46| [39m
    [90m 47| [39m      [34mact[39m(() [33m=>[39m {

[31m[2m⎯⎯⎯⎯⎯⎯⎯⎯⎯⎯⎯⎯⎯⎯⎯⎯⎯⎯⎯⎯⎯[44/143]⎯[22m[39m

[41m[1m FAIL [22m[49m src/stores/__tests__/ui-store.coverage-enhanced.test.ts[2m > [22mUI Store Coverage Enhancement[2m > [22mTheme Management[2m > [22mshould set theme to dark
[31m[1mTypeError[22m: Cannot read properties of undefined (reading 'appendChild')[39m
[90m [2m❯[22m render node_modules/@testing-library/react/dist/pure.js:[2m260:29[22m[39m
[90m [2m❯[22m renderHook node_modules/@testing-library/react/dist/pure.js:[2m340:7[22m[39m
[36m [2m❯[22m src/stores/__tests__/ui-store.coverage-enhanced.test.ts:[2m57:26[22m[39m
    [90m 55| [39m
    [90m 56| [39m    [34mit[39m([32m'should set theme to dark'[39m[33m,[39m () [33m=>[39m {
    [90m 57| [39m      [35mconst[39m { result } [33m=[39m [34mrenderHook[39m(() [33m=>[39m [34museUIStore[39m())[33m;[39m
    [90m   | [39m                         [31m^[39m
    [90m 58| [39m
    [90m 59| [39m      [34mact[39m(() [33m=>[39m {

[31m[2m⎯⎯⎯⎯⎯⎯⎯⎯⎯⎯⎯⎯⎯⎯⎯⎯⎯⎯⎯⎯⎯[45/143]⎯[22m[39m

[41m[1m FAIL [22m[49m src/stores/__tests__/ui-store.coverage-enhanced.test.ts[2m > [22mUI Store Coverage Enhancement[2m > [22mTheme Management[2m > [22mshould set theme to system and use system preference
[31m[1mTypeError[22m: Cannot read properties of undefined (reading 'appendChild')[39m
[90m [2m❯[22m render node_modules/@testing-library/react/dist/pure.js:[2m260:29[22m[39m
[90m [2m❯[22m renderHook node_modules/@testing-library/react/dist/pure.js:[2m340:7[22m[39m
[36m [2m❯[22m src/stores/__tests__/ui-store.coverage-enhanced.test.ts:[2m76:26[22m[39m
    [90m 74| [39m      })[33m;[39m
    [90m 75| [39m
    [90m 76| [39m      [35mconst[39m { result } [33m=[39m [34mrenderHook[39m(() [33m=>[39m [34museUIStore[39m())[33m;[39m
    [90m   | [39m                         [31m^[39m
    [90m 77| [39m
    [90m 78| [39m      [34mact[39m(() [33m=>[39m {

[31m[2m⎯⎯⎯⎯⎯⎯⎯⎯⎯⎯⎯⎯⎯⎯⎯⎯⎯⎯⎯⎯⎯[46/143]⎯[22m[39m

[41m[1m FAIL [22m[49m src/stores/__tests__/ui-store.coverage-enhanced.test.ts[2m > [22mUI Store Coverage Enhancement[2m > [22mTheme Management[2m > [22mshould toggle theme correctly
[31m[1mTypeError[22m: Cannot read properties of undefined (reading 'appendChild')[39m
[90m [2m❯[22m render node_modules/@testing-library/react/dist/pure.js:[2m260:29[22m[39m
[90m [2m❯[22m renderHook node_modules/@testing-library/react/dist/pure.js:[2m340:7[22m[39m
[36m [2m❯[22m src/stores/__tests__/ui-store.coverage-enhanced.test.ts:[2m87:26[22m[39m
    [90m 85| [39m
    [90m 86| [39m    [34mit[39m([32m'should toggle theme correctly'[39m[33m,[39m () [33m=>[39m {
    [90m 87| [39m      [35mconst[39m { result } [33m=[39m [34mrenderHook[39m(() [33m=>[39m [34museUIStore[39m())[33m;[39m
    [90m   | [39m                         [31m^[39m
    [90m 88| [39m
    [90m 89| [39m      [90m// Start with light theme[39m

[31m[2m⎯⎯⎯⎯⎯⎯⎯⎯⎯⎯⎯⎯⎯⎯⎯⎯⎯⎯⎯⎯⎯[47/143]⎯[22m[39m

[41m[1m FAIL [22m[49m src/stores/__tests__/ui-store.coverage-enhanced.test.ts[2m > [22mUI Store Coverage Enhancement[2m > [22mTheme Management[2m > [22mshould handle SSR environment gracefully
[31m[1mTypeError[22m: Cannot read properties of undefined (reading 'appendChild')[39m
[90m [2m❯[22m render node_modules/@testing-library/react/dist/pure.js:[2m260:29[22m[39m
[90m [2m❯[22m renderHook node_modules/@testing-library/react/dist/pure.js:[2m340:7[22m[39m
[36m [2m❯[22m src/stores/__tests__/ui-store.coverage-enhanced.test.ts:[2m113:26[22m[39m
    [90m111| [39m      [35mdelete[39m (global [35mas[39m any)[33m.[39mwindow[33m;[39m
    [90m112| [39m
    [90m113| [39m      [35mconst[39m { result } [33m=[39m [34mrenderHook[39m(() [33m=>[39m [34museUIStore[39m())[33m;[39m
    [90m   | [39m                         [31m^[39m
    [90m114| [39m
    [90m115| [39m      [34mexpect[39m(() [33m=>[39m {

[31m[2m⎯⎯⎯⎯⎯⎯⎯⎯⎯⎯⎯⎯⎯⎯⎯⎯⎯⎯⎯⎯⎯[48/143]⎯[22m[39m

[41m[1m FAIL [22m[49m src/stores/__tests__/ui-store.coverage-enhanced.test.ts[2m > [22mUI Store Coverage Enhancement[2m > [22mSidebar Management[2m > [22mshould set sidebar open state
[31m[1mTypeError[22m: Cannot read properties of undefined (reading 'appendChild')[39m
[90m [2m❯[22m render node_modules/@testing-library/react/dist/pure.js:[2m260:29[22m[39m
[90m [2m❯[22m renderHook node_modules/@testing-library/react/dist/pure.js:[2m340:7[22m[39m
[36m [2m❯[22m src/stores/__tests__/ui-store.coverage-enhanced.test.ts:[2m130:26[22m[39m
    [90m128| [39m  [34mdescribe[39m([32m'Sidebar Management'[39m[33m,[39m () [33m=>[39m {
    [90m129| [39m    [34mit[39m([32m'should set sidebar open state'[39m[33m,[39m () [33m=>[39m {
    [90m130| [39m      [35mconst[39m { result } [33m=[39m [34mrenderHook[39m(() [33m=>[39m [34museUIStore[39m())[33m;[39m
    [90m   | [39m                         [31m^[39m
    [90m131| [39m
    [90m132| [39m      [34mact[39m(() [33m=>[39m {

[31m[2m⎯⎯⎯⎯⎯⎯⎯⎯⎯⎯⎯⎯⎯⎯⎯⎯⎯⎯⎯⎯⎯[49/143]⎯[22m[39m

[41m[1m FAIL [22m[49m src/stores/__tests__/ui-store.coverage-enhanced.test.ts[2m > [22mUI Store Coverage Enhancement[2m > [22mSidebar Management[2m > [22mshould toggle sidebar state
[31m[1mTypeError[22m: Cannot read properties of undefined (reading 'appendChild')[39m
[90m [2m❯[22m render node_modules/@testing-library/react/dist/pure.js:[2m260:29[22m[39m
[90m [2m❯[22m renderHook node_modules/@testing-library/react/dist/pure.js:[2m340:7[22m[39m
[36m [2m❯[22m src/stores/__tests__/ui-store.coverage-enhanced.test.ts:[2m146:26[22m[39m
    [90m144| [39m
    [90m145| [39m    [34mit[39m([32m'should toggle sidebar state'[39m[33m,[39m () [33m=>[39m {
    [90m146| [39m      [35mconst[39m { result } [33m=[39m [34mrenderHook[39m(() [33m=>[39m [34museUIStore[39m())[33m;[39m
    [90m   | [39m                         [31m^[39m
    [90m147| [39m
    [90m148| [39m      [90m// Initial state should be true[39m

[31m[2m⎯⎯⎯⎯⎯⎯⎯⎯⎯⎯⎯⎯⎯⎯⎯⎯⎯⎯⎯⎯⎯[50/143]⎯[22m[39m

[41m[1m FAIL [22m[49m src/stores/__tests__/ui-store.coverage-enhanced.test.ts[2m > [22mUI Store Coverage Enhancement[2m > [22mModal Management[2m > [22mshould open modal and return ID
[31m[1mTypeError[22m: Cannot read properties of undefined (reading 'appendChild')[39m
[90m [2m❯[22m render node_modules/@testing-library/react/dist/pure.js:[2m260:29[22m[39m
[90m [2m❯[22m renderHook node_modules/@testing-library/react/dist/pure.js:[2m340:7[22m[39m
[36m [2m❯[22m src/stores/__tests__/ui-store.coverage-enhanced.test.ts:[2m167:26[22m[39m
    [90m165| [39m  [34mdescribe[39m([32m'Modal Management'[39m[33m,[39m () [33m=>[39m {
    [90m166| [39m    [34mit[39m([32m'should open modal and return ID'[39m[33m,[39m () [33m=>[39m {
    [90m167| [39m      [35mconst[39m { result } [33m=[39m [34mrenderHook[39m(() [33m=>[39m [34museUIStore[39m())[33m;[39m
    [90m   | [39m                         [31m^[39m
    [90m168| [39m
    [90m169| [39m      [35mconst[39m modalId [33m=[39m [34mact[39m(() [33m=>[39m {

[31m[2m⎯⎯⎯⎯⎯⎯⎯⎯⎯⎯⎯⎯⎯⎯⎯⎯⎯⎯⎯⎯⎯[51/143]⎯[22m[39m

[41m[1m FAIL [22m[49m src/stores/__tests__/ui-store.coverage-enhanced.test.ts[2m > [22mUI Store Coverage Enhancement[2m > [22mModal Management[2m > [22mshould close modal by ID
[31m[1mTypeError[22m: Cannot read properties of undefined (reading 'appendChild')[39m
[90m [2m❯[22m render node_modules/@testing-library/react/dist/pure.js:[2m260:29[22m[39m
[90m [2m❯[22m renderHook node_modules/@testing-library/react/dist/pure.js:[2m340:7[22m[39m
[36m [2m❯[22m src/stores/__tests__/ui-store.coverage-enhanced.test.ts:[2m189:26[22m[39m
    [90m187| [39m
    [90m188| [39m    [34mit[39m([32m'should close modal by ID'[39m[33m,[39m () [33m=>[39m {
    [90m189| [39m      [35mconst[39m { result } [33m=[39m [34mrenderHook[39m(() [33m=>[39m [34museUIStore[39m())[33m;[39m
    [90m   | [39m                         [31m^[39m
    [90m190| [39m
    [90m191| [39m      [35mlet[39m modalId[33m:[39m string[33m;[39m

[31m[2m⎯⎯⎯⎯⎯⎯⎯⎯⎯⎯⎯⎯⎯⎯⎯⎯⎯⎯⎯⎯⎯[52/143]⎯[22m[39m

[41m[1m FAIL [22m[49m src/stores/__tests__/ui-store.coverage-enhanced.test.ts[2m > [22mUI Store Coverage Enhancement[2m > [22mModal Management[2m > [22mshould handle closing non-existent modal
[31m[1mTypeError[22m: Cannot read properties of undefined (reading 'appendChild')[39m
[90m [2m❯[22m render node_modules/@testing-library/react/dist/pure.js:[2m260:29[22m[39m
[90m [2m❯[22m renderHook node_modules/@testing-library/react/dist/pure.js:[2m340:7[22m[39m
[36m [2m❯[22m src/stores/__tests__/ui-store.coverage-enhanced.test.ts:[2m209:26[22m[39m
    [90m207| [39m
    [90m208| [39m    [34mit[39m([32m'should handle closing non-existent modal'[39m[33m,[39m () [33m=>[39m {
    [90m209| [39m      [35mconst[39m { result } [33m=[39m [34mrenderHook[39m(() [33m=>[39m [34museUIStore[39m())[33m;[39m
    [90m   | [39m                         [31m^[39m
    [90m210| [39m
    [90m211| [39m      [34mexpect[39m(() [33m=>[39m {

[31m[2m⎯⎯⎯⎯⎯⎯⎯⎯⎯⎯⎯⎯⎯⎯⎯⎯⎯⎯⎯⎯⎯[53/143]⎯[22m[39m

[41m[1m FAIL [22m[49m src/stores/__tests__/ui-store.coverage-enhanced.test.ts[2m > [22mUI Store Coverage Enhancement[2m > [22mModal Management[2m > [22mshould close all modals
[31m[1mTypeError[22m: Cannot read properties of undefined (reading 'appendChild')[39m
[90m [2m❯[22m render node_modules/@testing-library/react/dist/pure.js:[2m260:29[22m[39m
[90m [2m❯[22m renderHook node_modules/@testing-library/react/dist/pure.js:[2m340:7[22m[39m
[36m [2m❯[22m src/stores/__tests__/ui-store.coverage-enhanced.test.ts:[2m221:26[22m[39m
    [90m219| [39m
    [90m220| [39m    [34mit[39m([32m'should close all modals'[39m[33m,[39m () [33m=>[39m {
    [90m221| [39m      [35mconst[39m { result } [33m=[39m [34mrenderHook[39m(() [33m=>[39m [34museUIStore[39m())[33m;[39m
    [90m   | [39m                         [31m^[39m
    [90m222| [39m
    [90m223| [39m      [34mact[39m(() [33m=>[39m {

[31m[2m⎯⎯⎯⎯⎯⎯⎯⎯⎯⎯⎯⎯⎯⎯⎯⎯⎯⎯⎯⎯⎯[54/143]⎯[22m[39m

[41m[1m FAIL [22m[49m src/stores/__tests__/ui-store.coverage-enhanced.test.ts[2m > [22mUI Store Coverage Enhancement[2m > [22mModal Management[2m > [22mshould manage modal stack correctly
[31m[1mTypeError[22m: Cannot read properties of undefined (reading 'appendChild')[39m
[90m [2m❯[22m render node_modules/@testing-library/react/dist/pure.js:[2m260:29[22m[39m
[90m [2m❯[22m renderHook node_modules/@testing-library/react/dist/pure.js:[2m340:7[22m[39m
[36m [2m❯[22m src/stores/__tests__/ui-store.coverage-enhanced.test.ts:[2m239:26[22m[39m
    [90m237| [39m
    [90m238| [39m    [34mit[39m([32m'should manage modal stack correctly'[39m[33m,[39m () [33m=>[39m {
    [90m239| [39m      [35mconst[39m { result } [33m=[39m [34mrenderHook[39m(() [33m=>[39m [34museUIStore[39m())[33m;[39m
    [90m   | [39m                         [31m^[39m
    [90m240| [39m
    [90m241| [39m      [35mconst[39m modalIds[33m:[39m string[] [33m=[39m [][33m;[39m

[31m[2m⎯⎯⎯⎯⎯⎯⎯⎯⎯⎯⎯⎯⎯⎯⎯⎯⎯⎯⎯⎯⎯[55/143]⎯[22m[39m

[41m[1m FAIL [22m[49m src/stores/__tests__/ui-store.coverage-enhanced.test.ts[2m > [22mUI Store Coverage Enhancement[2m > [22mToast Management[2m > [22mshould show toast and return ID
[31m[1mTypeError[22m: Cannot read properties of undefined (reading 'appendChild')[39m
[90m [2m❯[22m render node_modules/@testing-library/react/dist/pure.js:[2m260:29[22m[39m
[90m [2m❯[22m renderHook node_modules/@testing-library/react/dist/pure.js:[2m340:7[22m[39m
[36m [2m❯[22m src/stores/__tests__/ui-store.coverage-enhanced.test.ts:[2m267:26[22m[39m
    [90m265| [39m  [34mdescribe[39m([32m'Toast Management'[39m[33m,[39m () [33m=>[39m {
    [90m266| [39m    [34mit[39m([32m'should show toast and return ID'[39m[33m,[39m () [33m=>[39m {
    [90m267| [39m      [35mconst[39m { result } [33m=[39m [34mrenderHook[39m(() [33m=>[39m [34museUIStore[39m())[33m;[39m
    [90m   | [39m                         [31m^[39m
    [90m268| [39m
    [90m269| [39m      [35mlet[39m toastId[33m:[39m string[33m;[39m

[31m[2m⎯⎯⎯⎯⎯⎯⎯⎯⎯⎯⎯⎯⎯⎯⎯⎯⎯⎯⎯⎯⎯[56/143]⎯[22m[39m

[41m[1m FAIL [22m[49m src/stores/__tests__/ui-store.coverage-enhanced.test.ts[2m > [22mUI Store Coverage Enhancement[2m > [22mToast Management[2m > [22mshould remove toast by ID
[31m[1mTypeError[22m: Cannot read properties of undefined (reading 'appendChild')[39m
[90m [2m❯[22m render node_modules/@testing-library/react/dist/pure.js:[2m260:29[22m[39m
[90m [2m❯[22m renderHook node_modules/@testing-library/react/dist/pure.js:[2m340:7[22m[39m
[36m [2m❯[22m src/stores/__tests__/ui-store.coverage-enhanced.test.ts:[2m290:26[22m[39m
    [90m288| [39m
    [90m289| [39m    [34mit[39m([32m'should remove toast by ID'[39m[33m,[39m () [33m=>[39m {
    [90m290| [39m      [35mconst[39m { result } [33m=[39m [34mrenderHook[39m(() [33m=>[39m [34museUIStore[39m())[33m;[39m
    [90m   | [39m                         [31m^[39m
    [90m291| [39m
    [90m292| [39m      [35mlet[39m toastId[33m:[39m string[33m;[39m

[31m[2m⎯⎯⎯⎯⎯⎯⎯⎯⎯⎯⎯⎯⎯⎯⎯⎯⎯⎯⎯⎯⎯[57/143]⎯[22m[39m

[41m[1m FAIL [22m[49m src/stores/__tests__/ui-store.coverage-enhanced.test.ts[2m > [22mUI Store Coverage Enhancement[2m > [22mToast Management[2m > [22mshould handle removing non-existent toast
[31m[1mTypeError[22m: Cannot read properties of undefined (reading 'appendChild')[39m
[90m [2m❯[22m render node_modules/@testing-library/react/dist/pure.js:[2m260:29[22m[39m
[90m [2m❯[22m renderHook node_modules/@testing-library/react/dist/pure.js:[2m340:7[22m[39m
[36m [2m❯[22m src/stores/__tests__/ui-store.coverage-enhanced.test.ts:[2m310:26[22m[39m
    [90m308| [39m
    [90m309| [39m    [34mit[39m([32m'should handle removing non-existent toast'[39m[33m,[39m () [33m=>[39m {
    [90m310| [39m      [35mconst[39m { result } [33m=[39m [34mrenderHook[39m(() [33m=>[39m [34museUIStore[39m())[33m;[39m
    [90m   | [39m                         [31m^[39m
    [90m311| [39m
    [90m312| [39m      [34mexpect[39m(() [33m=>[39m {

[31m[2m⎯⎯⎯⎯⎯⎯⎯⎯⎯⎯⎯⎯⎯⎯⎯⎯⎯⎯⎯⎯⎯[58/143]⎯[22m[39m

[41m[1m FAIL [22m[49m src/stores/__tests__/ui-store.coverage-enhanced.test.ts[2m > [22mUI Store Coverage Enhancement[2m > [22mToast Management[2m > [22mshould clear all toasts
[31m[1mTypeError[22m: Cannot read properties of undefined (reading 'appendChild')[39m
[90m [2m❯[22m render node_modules/@testing-library/react/dist/pure.js:[2m260:29[22m[39m
[90m [2m❯[22m renderHook node_modules/@testing-library/react/dist/pure.js:[2m340:7[22m[39m
[36m [2m❯[22m src/stores/__tests__/ui-store.coverage-enhanced.test.ts:[2m322:26[22m[39m
    [90m320| [39m
    [90m321| [39m    [34mit[39m([32m'should clear all toasts'[39m[33m,[39m () [33m=>[39m {
    [90m322| [39m      [35mconst[39m { result } [33m=[39m [34mrenderHook[39m(() [33m=>[39m [34museUIStore[39m())[33m;[39m
    [90m   | [39m                         [31m^[39m
    [90m323| [39m
    [90m324| [39m      [34mact[39m(() [33m=>[39m {

[31m[2m⎯⎯⎯⎯⎯⎯⎯⎯⎯⎯⎯⎯⎯⎯⎯⎯⎯⎯⎯⎯⎯[59/143]⎯[22m[39m

[41m[1m FAIL [22m[49m src/stores/__tests__/ui-store.coverage-enhanced.test.ts[2m > [22mUI Store Coverage Enhancement[2m > [22mToast Management[2m > [22mshould manage multiple toasts correctly
[31m[1mTypeError[22m: Cannot read properties of undefined (reading 'appendChild')[39m
[90m [2m❯[22m render node_modules/@testing-library/react/dist/pure.js:[2m260:29[22m[39m
[90m [2m❯[22m renderHook node_modules/@testing-library/react/dist/pure.js:[2m340:7[22m[39m
[36m [2m❯[22m src/stores/__tests__/ui-store.coverage-enhanced.test.ts:[2m340:26[22m[39m
    [90m338| [39m
    [90m339| [39m    [34mit[39m([32m'should manage multiple toasts correctly'[39m[33m,[39m () [33m=>[39m {
    [90m340| [39m      [35mconst[39m { result } [33m=[39m [34mrenderHook[39m(() [33m=>[39m [34museUIStore[39m())[33m;[39m
    [90m   | [39m                         [31m^[39m
    [90m341| [39m
    [90m342| [39m      [35mconst[39m toastIds[33m:[39m string[] [33m=[39m [][33m;[39m

[31m[2m⎯⎯⎯⎯⎯⎯⎯⎯⎯⎯⎯⎯⎯⎯⎯⎯⎯⎯⎯⎯⎯[60/143]⎯[22m[39m

[41m[1m FAIL [22m[49m src/stores/__tests__/ui-store.coverage-enhanced.test.ts[2m > [22mUI Store Coverage Enhancement[2m > [22mToast Management[2m > [22mshould handle toast with default duration
[31m[1mTypeError[22m: Cannot read properties of undefined (reading 'appendChild')[39m
[90m [2m❯[22m render node_modules/@testing-library/react/dist/pure.js:[2m260:29[22m[39m
[90m [2m❯[22m renderHook node_modules/@testing-library/react/dist/pure.js:[2m340:7[22m[39m
[36m [2m❯[22m src/stores/__tests__/ui-store.coverage-enhanced.test.ts:[2m363:26[22m[39m
    [90m361| [39m
    [90m362| [39m    [34mit[39m([32m'should handle toast with default duration'[39m[33m,[39m () [33m=>[39m {
    [90m363| [39m      [35mconst[39m { result } [33m=[39m [34mrenderHook[39m(() [33m=>[39m [34museUIStore[39m())[33m;[39m
    [90m   | [39m                         [31m^[39m
    [90m364| [39m
    [90m365| [39m      [34mact[39m(() [33m=>[39m {

[31m[2m⎯⎯⎯⎯⎯⎯⎯⎯⎯⎯⎯⎯⎯⎯⎯⎯⎯⎯⎯⎯⎯[61/143]⎯[22m[39m

[41m[1m FAIL [22m[49m src/stores/__tests__/ui-store.coverage-enhanced.test.ts[2m > [22mUI Store Coverage Enhancement[2m > [22mStore Integration[2m > [22mshould maintain state consistency across multiple hooks
[31m[1mTypeError[22m: Cannot read properties of undefined (reading 'appendChild')[39m
[90m [2m❯[22m render node_modules/@testing-library/react/dist/pure.js:[2m260:29[22m[39m
[90m [2m❯[22m renderHook node_modules/@testing-library/react/dist/pure.js:[2m340:7[22m[39m
[36m [2m❯[22m src/stores/__tests__/ui-store.coverage-enhanced.test.ts:[2m378:35[22m[39m
    [90m376| [39m  [34mdescribe[39m([32m'Store Integration'[39m[33m,[39m () [33m=>[39m {
    [90m377| [39m    it('should maintain state consistency across multiple hooks', () =…
    [90m378| [39m      [35mconst[39m { result[33m:[39m result1 } [33m=[39m [34mrenderHook[39m(() [33m=>[39m [34museUIStore[39m())[33m;[39m
    [90m   | [39m                                  [31m^[39m
    [90m379| [39m      [35mconst[39m { result[33m:[39m result2 } [33m=[39m [34mrenderHook[39m(() [33m=>[39m [34museUIStore[39m())[33m;[39m
    [90m380| [39m

[31m[2m⎯⎯⎯⎯⎯⎯⎯⎯⎯⎯⎯⎯⎯⎯⎯⎯⎯⎯⎯⎯⎯[62/143]⎯[22m[39m

[41m[1m FAIL [22m[49m src/stores/__tests__/ui-store.coverage-enhanced.test.ts[2m > [22mUI Store Coverage Enhancement[2m > [22mStore Integration[2m > [22mshould handle rapid state changes
[31m[1mTypeError[22m: Cannot read properties of undefined (reading 'appendChild')[39m
[90m [2m❯[22m render node_modules/@testing-library/react/dist/pure.js:[2m260:29[22m[39m
[90m [2m❯[22m renderHook node_modules/@testing-library/react/dist/pure.js:[2m340:7[22m[39m
[36m [2m❯[22m src/stores/__tests__/ui-store.coverage-enhanced.test.ts:[2m398:26[22m[39m
    [90m396| [39m
    [90m397| [39m    [34mit[39m([32m'should handle rapid state changes'[39m[33m,[39m () [33m=>[39m {
    [90m398| [39m      [35mconst[39m { result } [33m=[39m [34mrenderHook[39m(() [33m=>[39m [34museUIStore[39m())[33m;[39m
    [90m   | [39m                         [31m^[39m
    [90m399| [39m
    [90m400| [39m      [34mexpect[39m(() [33m=>[39m {

[31m[2m⎯⎯⎯⎯⎯⎯⎯⎯⎯⎯⎯⎯⎯⎯⎯⎯⎯⎯⎯⎯⎯[63/143]⎯[22m[39m

[41m[1m FAIL [22m[49m src/stores/__tests__/ui-store.coverage-enhanced.test.ts[2m > [22mUI Store Coverage Enhancement[2m > [22mEdge Cases[2m > [22mshould handle empty modal stack operations
[31m[1mTypeError[22m: Cannot read properties of undefined (reading 'appendChild')[39m
[90m [2m❯[22m render node_modules/@testing-library/react/dist/pure.js:[2m260:29[22m[39m
[90m [2m❯[22m renderHook node_modules/@testing-library/react/dist/pure.js:[2m340:7[22m[39m
[36m [2m❯[22m src/stores/__tests__/ui-store.coverage-enhanced.test.ts:[2m422:26[22m[39m
    [90m420| [39m  [34mdescribe[39m([32m'Edge Cases'[39m[33m,[39m () [33m=>[39m {
    [90m421| [39m    [34mit[39m([32m'should handle empty modal stack operations'[39m[33m,[39m () [33m=>[39m {
    [90m422| [39m      [35mconst[39m { result } [33m=[39m [34mrenderHook[39m(() [33m=>[39m [34museUIStore[39m())[33m;[39m
    [90m   | [39m                         [31m^[39m
    [90m423| [39m
    [90m424| [39m      [34mexpect[39m(result[33m.[39mcurrent[33m.[39mmodalStack)[33m.[39m[34mtoHaveLength[39m([34m0[39m)[33m;[39m

[31m[2m⎯⎯⎯⎯⎯⎯⎯⎯⎯⎯⎯⎯⎯⎯⎯⎯⎯⎯⎯⎯⎯[64/143]⎯[22m[39m

[41m[1m FAIL [22m[49m src/stores/__tests__/ui-store.coverage-enhanced.test.ts[2m > [22mUI Store Coverage Enhancement[2m > [22mEdge Cases[2m > [22mshould handle empty toast array operations
[31m[1mTypeError[22m: Cannot read properties of undefined (reading 'appendChild')[39m
[90m [2m❯[22m render node_modules/@testing-library/react/dist/pure.js:[2m260:29[22m[39m
[90m [2m❯[22m renderHook node_modules/@testing-library/react/dist/pure.js:[2m340:7[22m[39m
[36m [2m❯[22m src/stores/__tests__/ui-store.coverage-enhanced.test.ts:[2m436:26[22m[39m
    [90m434| [39m
    [90m435| [39m    [34mit[39m([32m'should handle empty toast array operations'[39m[33m,[39m () [33m=>[39m {
    [90m436| [39m      [35mconst[39m { result } [33m=[39m [34mrenderHook[39m(() [33m=>[39m [34museUIStore[39m())[33m;[39m
    [90m   | [39m                         [31m^[39m
    [90m437| [39m
    [90m438| [39m      [34mexpect[39m(result[33m.[39mcurrent[33m.[39mtoasts)[33m.[39m[34mtoHaveLength[39m([34m0[39m)[33m;[39m

[31m[2m⎯⎯⎯⎯⎯⎯⎯⎯⎯⎯⎯⎯⎯⎯⎯⎯⎯⎯⎯⎯⎯[65/143]⎯[22m[39m

[41m[1m FAIL [22m[49m src/stores/__tests__/ui-store.coverage-enhanced.test.ts[2m > [22mUI Store Coverage Enhancement[2m > [22mEdge Cases[2m > [22mshould handle invalid theme values
[31m[1mTypeError[22m: Cannot read properties of undefined (reading 'appendChild')[39m
[90m [2m❯[22m render node_modules/@testing-library/react/dist/pure.js:[2m260:29[22m[39m
[90m [2m❯[22m renderHook node_modules/@testing-library/react/dist/pure.js:[2m340:7[22m[39m
[36m [2m❯[22m src/stores/__tests__/ui-store.coverage-enhanced.test.ts:[2m450:26[22m[39m
    [90m448| [39m
    [90m449| [39m    [34mit[39m([32m'should handle invalid theme values'[39m[33m,[39m () [33m=>[39m {
    [90m450| [39m      [35mconst[39m { result } [33m=[39m [34mrenderHook[39m(() [33m=>[39m [34museUIStore[39m())[33m;[39m
    [90m   | [39m                         [31m^[39m
    [90m451| [39m
    [90m452| [39m      [34mexpect[39m(() [33m=>[39m {

[31m[2m⎯⎯⎯⎯⎯⎯⎯⎯⎯⎯⎯⎯⎯⎯⎯⎯⎯⎯⎯⎯⎯[66/143]⎯[22m[39m

[41m[1m FAIL [22m[49m src/services/__tests__/api-client.coverage-enhanced.test.ts[2m > [22mApiClient Coverage Enhancement[2m > [22mAuthentication Token Handling[2m > [22mshould handle missing auth token gracefully
[31m[1mReferenceError[22m: getAuth is not defined[39m
[36m [2m❯[22m src/services/__tests__/api-client.coverage-enhanced.test.ts:[2m85:10[22m[39m
    [90m 83| [39m
    [90m 84| [39m      [90m// Mock getIdToken to return null[39m
    [90m 85| [39m      vi.mocked(getAuth().currentUser.getIdToken).mockResolvedValue(nu…
    [90m   | [39m         [31m^[39m
    [90m 86| [39m
    [90m 87| [39m      [35mawait[39m apiClient[33m.[39m[34mrequest[39m([32m'/test'[39m[33m,[39m { withAuth[33m:[39m [35mtrue[39m })[33m;[39m

[31m[2m⎯⎯⎯⎯⎯⎯⎯⎯⎯⎯⎯⎯⎯⎯⎯⎯⎯⎯⎯⎯⎯[67/143]⎯[22m[39m

[41m[1m FAIL [22m[49m src/services/__tests__/api-client.coverage-enhanced.test.ts[2m > [22mApiClient Coverage Enhancement[2m > [22mAuthentication Token Handling[2m > [22mshould handle token refresh errors
[31m[1mReferenceError[22m: getAuth is not defined[39m
[36m [2m❯[22m src/services/__tests__/api-client.coverage-enhanced.test.ts:[2m107:10[22m[39m
    [90m105| [39m
    [90m106| [39m      [90m// Mock getIdToken to throw error[39m
    [90m107| [39m      vi.mocked(getAuth().currentUser.getIdToken).mockRejectedValue(ne…
    [90m   | [39m         [31m^[39m
    [90m108| [39m
    [90m109| [39m      [35mawait[39m apiClient[33m.[39m[34mrequest[39m([32m'/test'[39m[33m,[39m { withAuth[33m:[39m [35mtrue[39m })[33m;[39m

[31m[2m⎯⎯⎯⎯⎯⎯⎯⎯⎯⎯⎯⎯⎯⎯⎯⎯⎯⎯⎯⎯⎯[68/143]⎯[22m[39m

[41m[1m FAIL [22m[49m src/services/__tests__/api-client.coverage-enhanced.test.ts[2m > [22mApiClient Coverage Enhancement[2m > [22mError Response Handling[2m > [22mshould handle HTTP error responses with custom error messages
[31m[1mAssertionError[22m: expected [] to include 'Invalid input data'[39m
[36m [2m❯[22m src/services/__tests__/api-client.coverage-enhanced.test.ts:[2m137:30[22m[39m
    [90m135| [39m
    [90m136| [39m      [34mexpect[39m(response[33m.[39msuccess)[33m.[39m[34mtoBe[39m([35mfalse[39m)[33m;[39m
    [90m137| [39m      [34mexpect[39m(response[33m.[39merror)[33m.[39m[34mtoContain[39m([32m'Invalid input data'[39m)[33m;[39m
    [90m   | [39m                             [31m^[39m
    [90m138| [39m    })[33m;[39m
    [90m139| [39m

[31m[2m⎯⎯⎯⎯⎯⎯⎯⎯⎯⎯⎯⎯⎯⎯⎯⎯⎯⎯⎯⎯⎯[69/143]⎯[22m[39m

[41m[1m FAIL [22m[49m src/services/__tests__/api-client.coverage-enhanced.test.ts[2m > [22mApiClient Coverage Enhancement[2m > [22mError Response Handling[2m > [22mshould handle network errors
[31m[1mAssertionError[22m: expected [] to include 'Network error'[39m
[36m [2m❯[22m src/services/__tests__/api-client.coverage-enhanced.test.ts:[2m147:30[22m[39m
    [90m145| [39m
    [90m146| [39m      [34mexpect[39m(response[33m.[39msuccess)[33m.[39m[34mtoBe[39m([35mfalse[39m)[33m;[39m
    [90m147| [39m      [34mexpect[39m(response[33m.[39merror)[33m.[39m[34mtoContain[39m([32m'Network error'[39m)[33m;[39m
    [90m   | [39m                             [31m^[39m
    [90m148| [39m    })[33m;[39m
    [90m149| [39m

[31m[2m⎯⎯⎯⎯⎯⎯⎯⎯⎯⎯⎯⎯⎯⎯⎯⎯⎯⎯⎯⎯⎯[70/143]⎯[22m[39m

[41m[1m FAIL [22m[49m src/utils/__tests__/type-guards.coverage-enhanced.test.ts[2m > [22mType Guards Coverage Enhancement[2m > [22misApiError[2m > [22mshould return true for valid ApiError
[31m[1mAssertionError[22m: expected false to be true // Object.is equality[39m

[32m- Expected[39m
[31m+ Received[39m

[32m- true[39m
[31m+ false[39m

[36m [2m❯[22m src/utils/__tests__/type-guards.coverage-enhanced.test.ts:[2m118:38[22m[39m
    [90m116| [39m        details[33m:[39m { field[33m:[39m [32m'email'[39m }
    [90m117| [39m      }[33m;[39m
    [90m118| [39m      [34mexpect[39m([34misApiError[39m(validError))[33m.[39m[34mtoBe[39m([35mtrue[39m)[33m;[39m
    [90m   | [39m                                     [31m^[39m
    [90m119| [39m    })[33m;[39m
    [90m120| [39m

[31m[2m⎯⎯⎯⎯⎯⎯⎯⎯⎯⎯⎯⎯⎯⎯⎯⎯⎯⎯⎯⎯⎯[71/143]⎯[22m[39m

[41m[1m FAIL [22m[49m src/utils/__tests__/type-guards.coverage-enhanced.test.ts[2m > [22mType Guards Coverage Enhancement[2m > [22misApiResponse[2m > [22mshould return true for valid ApiResponse
[31m[1mAssertionError[22m: expected false to be true // Object.is equality[39m

[32m- Expected[39m
[31m+ Received[39m

[32m- true[39m
[31m+ false[39m

[36m [2m❯[22m src/utils/__tests__/type-guards.coverage-enhanced.test.ts:[2m144:44[22m[39m
    [90m142| [39m        message[33m:[39m [32m'Operation successful'[39m
    [90m143| [39m      }[33m;[39m
    [90m144| [39m      [34mexpect[39m([34misApiResponse[39m(validResponse))[33m.[39m[34mtoBe[39m([35mtrue[39m)[33m;[39m
    [90m   | [39m                                           [31m^[39m
    [90m145| [39m    })[33m;[39m
    [90m146| [39m

[31m[2m⎯⎯⎯⎯⎯⎯⎯⎯⎯⎯⎯⎯⎯⎯⎯⎯⎯⎯⎯⎯⎯[72/143]⎯[22m[39m

[41m[1m FAIL [22m[49m src/utils/__tests__/type-guards.coverage-enhanced.test.ts[2m > [22mType Guards Coverage Enhancement[2m > [22misFirebaseError[2m > [22mshould return true for FirebaseError
[31m[1mAssertionError[22m: expected false to be true // Object.is equality[39m

[32m- Expected[39m
[31m+ Received[39m

[32m- true[39m
[31m+ false[39m

[36m [2m❯[22m src/utils/__tests__/type-guards.coverage-enhanced.test.ts:[2m166:46[22m[39m
    [90m164| [39m      const firebaseError = new Error('Firebase error') as FirebaseErr…
    [90m165| [39m      firebaseError[33m.[39mcode [33m=[39m [32m'auth/user-not-found'[39m[33m;[39m
    [90m166| [39m      [34mexpect[39m([34misFirebaseError[39m(firebaseError))[33m.[39m[34mtoBe[39m([35mtrue[39m)[33m;[39m
    [90m   | [39m                                             [31m^[39m
    [90m167| [39m    })[33m;[39m
    [90m168| [39m

[31m[2m⎯⎯⎯⎯⎯⎯⎯⎯⎯⎯⎯⎯⎯⎯⎯⎯⎯⎯⎯⎯⎯[73/143]⎯[22m[39m

[41m[1m FAIL [22m[49m src/utils/__tests__/type-guards.coverage-enhanced.test.ts[2m > [22mType Guards Coverage Enhancement[2m > [22misDocumentData[2m > [22mshould return false for invalid DocumentData
[31m[1mAssertionError[22m: expected true to be false // Object.is equality[39m

[32m- Expected[39m
[31m+ Received[39m

[32m- false[39m
[31m+ true[39m

[36m [2m❯[22m src/utils/__tests__/type-guards.coverage-enhanced.test.ts:[2m208:38[22m[39m
    [90m206| [39m
    [90m207| [39m      invalidData[33m.[39m[34mforEach[39m(data [33m=>[39m {
    [90m208| [39m        [34mexpect[39m([34misDocumentData[39m(data))[33m.[39m[34mtoBe[39m([35mfalse[39m)[33m;[39m
    [90m   | [39m                                     [31m^[39m
    [90m209| [39m      })[33m;[39m
    [90m210| [39m    })[33m;[39m
[90m [2m❯[22m src/utils/__tests__/type-guards.coverage-enhanced.test.ts:[2m207:19[22m[39m

[31m[2m⎯⎯⎯⎯⎯⎯⎯⎯⎯⎯⎯⎯⎯⎯⎯⎯⎯⎯⎯⎯⎯[74/143]⎯[22m[39m

[41m[1m FAIL [22m[49m src/utils/__tests__/type-guards.coverage-enhanced.test.ts[2m > [22mType Guards Coverage Enhancement[2m > [22mgetErrorMessage[2m > [22mshould handle ApiError objects
[31m[1mAssertionError[22m: expected 'Unknown error occurred' to be 'API validation failed' // Object.is equality[39m

Expected: [32m"[7mAPI validation fail[27med"[39m
Received: [31m"[7mUnknown error occurr[27med"[39m

[36m [2m❯[22m src/utils/__tests__/type-guards.coverage-enhanced.test.ts:[2m294:41[22m[39m
    [90m292| [39m        details[33m:[39m { field[33m:[39m [32m'email'[39m }
    [90m293| [39m      }[33m;[39m
    [90m294| [39m      [34mexpect[39m([34mgetErrorMessage[39m(apiError))[33m.[39m[34mtoBe[39m([32m'API validation failed'[39m)[33m;[39m
    [90m   | [39m                                        [31m^[39m
    [90m295| [39m    })[33m;[39m
    [90m296| [39m

[31m[2m⎯⎯⎯⎯⎯⎯⎯⎯⎯⎯⎯⎯⎯⎯⎯⎯⎯⎯⎯⎯⎯[75/143]⎯[22m[39m

[41m[1m FAIL [22m[49m src/utils/__tests__/type-guards.coverage-enhanced.test.ts[2m > [22mType Guards Coverage Enhancement[2m > [22msafeJsonParse[2m > [22mshould handle null/undefined input
[31m[1mAssertionError[22m: expected null to be { error: true } // Object.is equality[39m

[32m- Expected:[39m 
{
  "error": true,
}

[31m+ Received:[39m 
null

[36m [2m❯[22m src/utils/__tests__/type-guards.coverage-enhanced.test.ts:[2m323:56[22m[39m
    [90m321| [39m    [34mit[39m([32m'should handle null/undefined input'[39m[33m,[39m () [33m=>[39m {
    [90m322| [39m      [35mconst[39m defaultValue [33m=[39m { error[33m:[39m [35mtrue[39m }[33m;[39m
    [90m323| [39m      expect(safeJsonParse(null as any, defaultValue)).toBe(defaultVal…
    [90m   | [39m                                                       [31m^[39m
    [90m324| [39m      expect(safeJsonParse(undefined as any, defaultValue)).toBe(defau…
    [90m325| [39m    })[33m;[39m

[31m[2m⎯⎯⎯⎯⎯⎯⎯⎯⎯⎯⎯⎯⎯⎯⎯⎯⎯⎯⎯⎯⎯[76/143]⎯[22m[39m

[41m[1m FAIL [22m[49m src/utils/__tests__/type-guards.coverage-enhanced.test.ts[2m > [22mType Guards Coverage Enhancement[2m > [22msafeJsonParse[2m > [22mshould handle non-string input
[31m[1mAssertionError[22m: expected 123 to be { error: true } // Object.is equality[39m

[32m- Expected:[39m 
{
  "error": true,
}

[31m+ Received:[39m 
123

[36m [2m❯[22m src/utils/__tests__/type-guards.coverage-enhanced.test.ts:[2m329:55[22m[39m
    [90m327| [39m    [34mit[39m([32m'should handle non-string input'[39m[33m,[39m () [33m=>[39m {
    [90m328| [39m      [35mconst[39m defaultValue [33m=[39m { error[33m:[39m [35mtrue[39m }[33m;[39m
    [90m329| [39m      expect(safeJsonParse(123 as any, defaultValue)).toBe(defaultValu…
    [90m   | [39m                                                      [31m^[39m
    [90m330| [39m      expect(safeJsonParse({} as any, defaultValue)).toBe(defaultValue…
    [90m331| [39m    })[33m;[39m

[31m[2m⎯⎯⎯⎯⎯⎯⎯⎯⎯⎯⎯⎯⎯⎯⎯⎯⎯⎯⎯⎯⎯[77/143]⎯[22m[39m

[41m[1m FAIL [22m[49m src/app/api/__tests__/routes.integration.test.ts[2m > [22mAPI Routes Integration Tests[2m > [22mAdditional API Routes Integration[2m > [22mUser Status Update API[2m > [22mshould update user status successfully
[31m[1mAssertionError[22m: the given combination of arguments (undefined and string) is invalid for this assertion. You can use an array, a map, an object, a set, a string, or a weakset instead of a string[39m
[36m [2m❯[22m src/app/api/__tests__/routes.integration.test.ts:[2m317:30[22m[39m
    [90m315| [39m
    [90m316| [39m        [90m// API returns success message[39m
    [90m317| [39m        expect(data.message).toContain('User status updated successful…
    [90m   | [39m                             [31m^[39m
    [90m318| [39m      })[33m;[39m
    [90m319| [39m

[31m[2m⎯⎯⎯⎯⎯⎯⎯⎯⎯⎯⎯⎯⎯⎯⎯⎯⎯⎯⎯⎯⎯[78/143]⎯[22m[39m

[41m[1m FAIL [22m[49m src/app/api/__tests__/routes.integration.test.ts[2m > [22mAPI Routes Integration Tests[2m > [22mAdditional API Routes Integration[2m > [22mUser Status Update API[2m > [22mshould handle invalid status values
[31m[1mAssertionError[22m: expected 'Invalid status. Must be pending, acti…' to be 'Only administrators can update user s…' // Object.is equality[39m

Expected: [32m"[7mOnly admini[27mst[7mr[27mat[7mors can update user status[27m"[39m
Received: [31m"[7mInvalid [27mstat[7mus. Must be pending, active, or inactive[27m"[39m

[36m [2m❯[22m src/app/api/__tests__/routes.integration.test.ts:[2m330:28[22m[39m
    [90m328| [39m        [35mconst[39m data [33m=[39m [35mawait[39m response[33m.[39m[34mjson[39m()[33m;[39m
    [90m329| [39m
    [90m330| [39m        expect(data.error).toBe('Only administrators can update user s…
    [90m   | [39m                           [31m^[39m
    [90m331| [39m        [34mexpect[39m(response[33m.[39mstatus)[33m.[39m[34mtoBe[39m([34m403[39m)[33m;[39m
    [90m332| [39m      })[33m;[39m

[31m[2m⎯⎯⎯⎯⎯⎯⎯⎯⎯⎯⎯⎯⎯⎯⎯⎯⎯⎯⎯⎯⎯[79/143]⎯[22m[39m

[41m[1m FAIL [22m[49m src/app/api/__tests__/routes.integration.test.ts[2m > [22mAPI Routes Integration Tests[2m > [22mAdditional API Routes Integration[2m > [22mRegistration APIs[2m > [22mshould create adult registration request
[31m[1mAssertionError[22m: expected 'Missing required fields' to be undefined[39m

[32m- Expected:[39m 
undefined

[31m+ Received:[39m 
"Missing required fields"

[36m [2m❯[22m src/app/api/__tests__/routes.integration.test.ts:[2m349:28[22m[39m
    [90m347| [39m
    [90m348| [39m        [90m// API returns undefined for success, check if no error[39m
    [90m349| [39m        [34mexpect[39m(data[33m.[39merror)[33m.[39m[34mtoBeUndefined[39m()[33m;[39m
    [90m   | [39m                           [31m^[39m
    [90m350| [39m      })[33m;[39m
    [90m351| [39m

[31m[2m⎯⎯⎯⎯⎯⎯⎯⎯⎯⎯⎯⎯⎯⎯⎯⎯⎯⎯⎯⎯⎯[80/143]⎯[22m[39m

[41m[1m FAIL [22m[49m src/app/api/__tests__/routes.integration.test.ts[2m > [22mAPI Routes Integration Tests[2m > [22mAdditional API Routes Integration[2m > [22mRegistration APIs[2m > [22mshould create family registration request
[31m[1mAssertionError[22m: expected 'Missing required fields' to be undefined[39m

[32m- Expected:[39m 
undefined

[31m+ Received:[39m 
"Missing required fields"

[36m [2m❯[22m src/app/api/__tests__/routes.integration.test.ts:[2m372:28[22m[39m
    [90m370| [39m
    [90m371| [39m        [90m// API returns undefined for success, check if no error[39m
    [90m372| [39m        [34mexpect[39m(data[33m.[39merror)[33m.[39m[34mtoBeUndefined[39m()[33m;[39m
    [90m   | [39m                           [31m^[39m
    [90m373| [39m      })[33m;[39m
    [90m374| [39m

[31m[2m⎯⎯⎯⎯⎯⎯⎯⎯⎯⎯⎯⎯⎯⎯⎯⎯⎯⎯⎯⎯⎯[81/143]⎯[22m[39m

[41m[1m FAIL [22m[49m src/app/api/__tests__/routes.integration.test.ts[2m > [22mAPI Routes Integration Tests[2m > [22mAdditional API Routes Integration[2m > [22mAPI Error Handling[2m > [22mshould handle malformed JSON requests
[31m[1mError[22m: Invalid JSON[39m
[36m [2m❯[22m src/app/api/__tests__/routes.integration.test.ts:[2m453:46[22m[39m
    [90m451| [39m      [34mit[39m([32m'should handle malformed JSON requests'[39m[33m,[39m [35masync[39m () [33m=>[39m {
    [90m452| [39m        const req = new NextRequest('http://localhost:3000/api/admin/u…
    [90m453| [39m        req.json = vi.fn().mockRejectedValue(new Error('Invalid JSON')…
    [90m   | [39m                                             [31m^[39m
    [90m454| [39m
    [90m455| [39m        [35mconst[39m response [33m=[39m [35mawait[39m [34mupdateStatusPOST[39m(req)[33m;[39m

[31m[2m⎯⎯⎯⎯⎯⎯⎯⎯⎯⎯⎯⎯⎯⎯⎯⎯⎯⎯⎯⎯⎯[82/143]⎯[22m[39m

[41m[1m FAIL [22m[49m src/hooks/api/__tests__/use-api.test.ts[2m > [22museAPI Hook[2m > [22mBasic functionality[2m > [22mshould initialize with default state
[31m[1mAssertionError[22m: expected true to be false // Object.is equality[39m

[32m- Expected[39m
[31m+ Received[39m

[32m- false[39m
[31m+ true[39m

[36m [2m❯[22m src/hooks/api/__tests__/use-api.test.ts:[2m29:40[22m[39m
    [90m 27| [39m      
    [90m 28| [39m      [34mexpect[39m(result[33m.[39mcurrent[33m.[39mdata)[33m.[39m[34mtoBe[39m([35mnull[39m)[33m;[39m
    [90m 29| [39m      [34mexpect[39m(result[33m.[39mcurrent[33m.[39misLoading)[33m.[39m[34mtoBe[39m([35mfalse[39m)[33m;[39m
    [90m   | [39m                                       [31m^[39m
    [90m 30| [39m      [34mexpect[39m(result[33m.[39mcurrent[33m.[39merror)[33m.[39m[34mtoBe[39m([35mnull[39m)[33m;[39m
    [90m 31| [39m      [34mexpect[39m([35mtypeof[39m result[33m.[39mcurrent[33m.[39mrefetch)[33m.[39m[34mtoBe[39m([32m'function'[39m)[33m;[39m

[31m[2m⎯⎯⎯⎯⎯⎯⎯⎯⎯⎯⎯⎯⎯⎯⎯⎯⎯⎯⎯⎯⎯[83/143]⎯[22m[39m

[41m[1m FAIL [22m[49m src/hooks/api/__tests__/use-api.test.ts[2m > [22museAPI Hook[2m > [22mRefetch functionality[2m > [22mshould allow multiple refetch calls
[31m[1mAssertionError[22m: expected 'second' to be 'first' // Object.is equality[39m

Expected: [32m"first"[39m
Received: [31m"second"[39m

[36m [2m❯[22m src/hooks/api/__tests__/use-api.test.ts:[2m161:35[22m[39m
    [90m159| [39m        [35mawait[39m result[33m.[39mcurrent[33m.[39m[34mrefetch[39m()[33m;[39m
    [90m160| [39m      })[33m;[39m
    [90m161| [39m      [34mexpect[39m(result[33m.[39mcurrent[33m.[39mdata)[33m.[39m[34mtoBe[39m([32m'first'[39m)[33m;[39m
    [90m   | [39m                                  [31m^[39m
    [90m162| [39m      
    [90m163| [39m      [90m// Second fetch[39m

[31m[2m⎯⎯⎯⎯⎯⎯⎯⎯⎯⎯⎯⎯⎯⎯⎯⎯⎯⎯⎯⎯⎯[84/143]⎯[22m[39m

[41m[1m FAIL [22m[49m src/hooks/api/__tests__/use-api.test.ts[2m > [22museAPI Hook[2m > [22mRefetch functionality[2m > [22mshould handle refetch during loading
[31m[1mAssertionError[22m: expected "vi.fn()" to be called 2 times, but got 3 times[39m
[36m [2m❯[22m src/hooks/api/__tests__/use-api.test.ts:[2m201:27[22m[39m
    [90m199| [39m      [35mawait[39m secondPromise[33m;[39m
    [90m200| [39m      
    [90m201| [39m      [34mexpect[39m(mockQueryFn)[33m.[39m[34mtoHaveBeenCalledTimes[39m([34m2[39m)[33m;[39m
    [90m   | [39m                          [31m^[39m
    [90m202| [39m    })[33m;[39m
    [90m203| [39m  })[33m;[39m

[31m[2m⎯⎯⎯⎯⎯⎯⎯⎯⎯⎯⎯⎯⎯⎯⎯⎯⎯⎯⎯⎯⎯[85/143]⎯[22m[39m

[41m[1m FAIL [22m[49m src/hooks/api/__tests__/use-api.test.ts[2m > [22museAPI Hook[2m > [22mData persistence[2m > [22mshould update data on successful refetch
[31m[1mAssertionError[22m: expected 'new' to be 'old' // Object.is equality[39m

Expected: [32m"old"[39m
Received: [31m"new"[39m

[36m [2m❯[22m src/hooks/api/__tests__/use-api.test.ts:[2m239:35[22m[39m
    [90m237| [39m        [35mawait[39m result[33m.[39mcurrent[33m.[39m[34mrefetch[39m()[33m;[39m
    [90m238| [39m      })[33m;[39m
    [90m239| [39m      [34mexpect[39m(result[33m.[39mcurrent[33m.[39mdata)[33m.[39m[34mtoBe[39m([32m'old'[39m)[33m;[39m
    [90m   | [39m                                  [31m^[39m
    [90m240| [39m      
    [90m241| [39m      [90m// Refetch with new data[39m

[31m[2m⎯⎯⎯⎯⎯⎯⎯⎯⎯⎯⎯⎯⎯⎯⎯⎯⎯⎯⎯⎯⎯[86/143]⎯[22m[39m

[41m[1m FAIL [22m[49m src/hooks/api/__tests__/use-api.test.ts[2m > [22museAPI Hook[2m > [22mEdge cases[2m > [22mshould handle query function throwing non-Error objects
[31m[1mAssertionError[22m: expected { message: 'API Error', …(2) } to deeply equal { message: 'String error', …(2) }[39m

[32m- Expected[39m
[31m+ Received[39m

[2m  {[22m
[2m    "code": "API_ERROR",[22m
[32m-   "message": "String error",[39m
[31m+   "message": "API Error",[39m
[2m    "status": 500,[22m
[2m  }[22m

[36m [2m❯[22m src/hooks/api/__tests__/use-api.test.ts:[2m259:36[22m[39m
    [90m257| [39m      })[33m;[39m
    [90m258| [39m      
    [90m259| [39m      [34mexpect[39m(result[33m.[39mcurrent[33m.[39merror)[33m.[39m[34mtoEqual[39m({
    [90m   | [39m                                   [31m^[39m
    [90m260| [39m        message[33m:[39m [32m'String error'[39m[33m,[39m
    [90m261| [39m        code[33m:[39m [32m'API_ERROR'[39m[33m,[39m

[31m[2m⎯⎯⎯⎯⎯⎯⎯⎯⎯⎯⎯⎯⎯⎯⎯⎯⎯⎯⎯⎯⎯[87/143]⎯[22m[39m


[2m Test Files [22m [1m[31m14 failed[39m[22m[2m | [22m[1m[32m128 passed[39m[22m[2m | [22m[33m3 skipped[39m[90m (145)[39m
[2m      Tests [22m [1m[31m122 failed[39m[22m[2m | [22m[1m[32m1203 passed[39m[22m[2m | [22m[33m46 skipped[39m[90m (1371)[39m
[2m   Start at [22m 20:21:33
[2m   Duration [22m 8.18s[2m (transform 3.62s, setup 13.98s, collect 8.26s, tests 6.20s, environment 40.96s, prepare 2.42s)[22m

JSON report written to /Users/daewookjeong/CascadeProjects/federation/.coverage-last.json
